08-03 12:37:08.071 D/DisplayManagerService( 1802): Ignore redundant display event 0/4 to 10359/7091
08-03 12:37:08.071 D/DisplayManagerService( 1802): Ignore redundant display event 0/4 to 10151/10786
08-03 12:37:08.071 D/DisplayManagerService( 1802): Ignore redundant display event 0/4 to 10773/11291
08-03 12:37:08.071 D/DisplayManagerService( 1802): Ignore redundant display event 0/4 to 10466/11448
08-03 12:37:08.071 D/DisplayManagerService( 1802): Ignore redundant display event 0/4 to 10167/11898
08-03 12:37:08.080 D/DisplayManagerService( 1802): Ignore redundant display event 0/4 to 11232/6653
08-03 12:37:08.080 D/DisplayManagerService( 1802): Ignore redundant display event 0/4 to 10359/7091
08-03 12:37:08.080 D/DisplayManagerService( 1802): Ignore redundant display event 0/4 to 10151/10786
08-03 12:37:08.080 D/DisplayManagerService( 1802): Ignore redundant display event 0/4 to 10773/11291
08-03 12:37:08.080 D/DisplayManagerService( 1802): Ignore redundant display event 0/4 to 10466/11448
08-03 12:37:08.080 D/DisplayManagerService( 1802): Ignore redundant display event 0/4 to 10167/11898
08-03 12:37:08.090 D/DisplayManagerService( 1802): Ignore redundant display event 0/4 to 11232/6653
08-03 12:37:08.090 D/DisplayManagerService( 1802): Ignore redundant display event 0/4 to 10359/7091
08-03 12:37:08.090 D/DisplayManagerService( 1802): Ignore redundant display event 0/4 to 10151/10786
08-03 12:37:08.090 D/DisplayManagerService( 1802): Ignore redundant display event 0/4 to 10773/11291
08-03 12:37:08.090 D/DisplayManagerService( 1802): Ignore redundant display event 0/4 to 10466/11448
08-03 12:37:08.090 D/DisplayManagerService( 1802): Ignore redundant display event 0/4 to 10167/11898
08-03 12:37:08.101 D/DisplayManagerService( 1802): Ignore redundant display event 0/4 to 11232/6653
08-03 12:37:08.101 D/DisplayManagerService( 1802): Ignore redundant display event 0/4 to 10359/7091
08-03 12:37:08.101 D/DisplayManagerService( 1802): Ignore redundant display event 0/4 to 10151/10786
08-03 12:37:08.101 D/DisplayManagerService( 1802): Ignore redundant display event 0/4 to 10773/11291
08-03 12:37:08.101 D/DisplayManagerService( 1802): Ignore redundant display event 0/4 to 10466/11448
08-03 12:37:08.101 D/DisplayManagerService( 1802): Ignore redundant display event 0/4 to 10167/11898
08-03 12:37:08.109 D/DisplayManagerService( 1802): Ignore redundant display event 0/4 to 11232/6653
08-03 12:37:08.110 D/DisplayManagerService( 1802): Ignore redundant display event 0/4 to 10359/7091
08-03 12:37:08.110 D/DisplayManagerService( 1802): Ignore redundant display event 0/4 to 10151/10786
08-03 12:37:08.110 D/DisplayManagerService( 1802): Ignore redundant display event 0/4 to 10773/11291
08-03 12:37:08.110 D/DisplayManagerService( 1802): Ignore redundant display event 0/4 to 10466/11448
08-03 12:37:08.110 D/DisplayManagerService( 1802): Ignore redundant display event 0/4 to 10167/11898
08-03 12:37:08.122 D/DisplayManagerService( 1802): Ignore redundant display event 0/4 to 11232/6653
08-03 12:37:08.122 D/DisplayManagerService( 1802): Ignore redundant display event 0/4 to 10359/7091
08-03 12:37:08.122 D/DisplayManagerService( 1802): Ignore redundant display event 0/4 to 10151/10786
08-03 12:37:08.122 D/DisplayManagerService( 1802): Ignore redundant display event 0/4 to 10773/11291
08-03 12:37:08.122 D/DisplayManagerService( 1802): Ignore redundant display event 0/4 to 10466/11448
08-03 12:37:08.122 D/DisplayManagerService( 1802): Ignore redundant display event 0/4 to 10167/11898
08-03 12:37:08.129 D/DisplayManagerService( 1802): Ignore redundant display event 0/4 to 11232/6653
08-03 12:37:08.130 D/DisplayManagerService( 1802): Ignore redundant display event 0/4 to 10359/7091
08-03 12:37:08.130 D/DisplayManagerService( 1802): Ignore redundant display event 0/4 to 10151/10786
08-03 12:37:08.130 D/DisplayManagerService( 1802): Ignore redundant display event 0/4 to 10773/11291
08-03 12:37:08.130 D/DisplayManagerService( 1802): Ignore redundant display event 0/4 to 10466/11448
08-03 12:37:08.130 D/DisplayManagerService( 1802): Ignore redundant display event 0/4 to 10167/11898
08-03 12:37:08.135 D/OplusSmartBrightnessController( 1802): handleMessage MSG_LUX_CHANGED, mLux:109.0 luxQueue=[109.0, 109.0, 109.0, 109.0, 109.0, 109.0, 109.0, 109.0, 109.0, 109.0]
08-03 12:37:08.141 D/DisplayManagerService( 1802): Ignore redundant display event 0/4 to 11232/6653
08-03 12:37:08.141 D/DisplayManagerService( 1802): Ignore redundant display event 0/4 to 10359/7091
08-03 12:37:08.141 D/DisplayManagerService( 1802): Ignore redundant display event 0/4 to 10151/10786
08-03 12:37:08.141 D/DisplayManagerService( 1802): Ignore redundant display event 0/4 to 10773/11291
08-03 12:37:08.141 D/DisplayManagerService( 1802): Ignore redundant display event 0/4 to 10466/11448
08-03 12:37:08.141 D/DisplayManagerService( 1802): Ignore redundant display event 0/4 to 10167/11898
08-03 12:37:08.149 D/DisplayManagerService( 1802): Ignore redundant display event 0/4 to 11232/6653
08-03 12:37:08.149 D/DisplayManagerService( 1802): Ignore redundant display event 0/4 to 10359/7091
08-03 12:37:08.149 D/DisplayManagerService( 1802): Ignore redundant display event 0/4 to 10151/10786
08-03 12:37:08.149 D/DisplayManagerService( 1802): Ignore redundant display event 0/4 to 10773/11291
08-03 12:37:08.149 D/DisplayManagerService( 1802): Ignore redundant display event 0/4 to 10466/11448
08-03 12:37:08.149 D/DisplayManagerService( 1802): Ignore redundant display event 0/4 to 10167/11898
08-03 12:37:08.159 D/DisplayManagerService( 1802): Ignore redundant display event 0/4 to 11232/6653
08-03 12:37:08.159 D/DisplayManagerService( 1802): Ignore redundant display event 0/4 to 10359/7091
08-03 12:37:08.159 D/DisplayManagerService( 1802): Ignore redundant display event 0/4 to 10151/10786
08-03 12:37:08.159 D/DisplayManagerService( 1802): Ignore redundant display event 0/4 to 10773/11291
08-03 12:37:08.159 D/DisplayManagerService( 1802): Ignore redundant display event 0/4 to 10466/11448
08-03 12:37:08.159 D/DisplayManagerService( 1802): Ignore redundant display event 0/4 to 10167/11898
08-03 12:37:08.170 D/DisplayManagerService( 1802): Ignore redundant display event 0/4 to 11232/6653
08-03 12:37:08.170 D/DisplayManagerService( 1802): Ignore redundant display event 0/4 to 10359/7091
08-03 12:37:08.170 D/DisplayManagerService( 1802): Ignore redundant display event 0/4 to 10151/10786
08-03 12:37:08.170 D/DisplayManagerService( 1802): Ignore redundant display event 0/4 to 10773/11291
08-03 12:37:08.170 D/DisplayManagerService( 1802): Ignore redundant display event 0/4 to 10466/11448
08-03 12:37:08.170 D/DisplayManagerService( 1802): Ignore redundant display event 0/4 to 10167/11898
08-03 12:37:08.179 D/DisplayManagerService( 1802): Ignore redundant display event 0/4 to 11232/6653
08-03 12:37:08.179 D/DisplayManagerService( 1802): Ignore redundant display event 0/4 to 10359/7091
08-03 12:37:08.179 D/DisplayManagerService( 1802): Ignore redundant display event 0/4 to 10151/10786
08-03 12:37:08.180 D/DisplayManagerService( 1802): Ignore redundant display event 0/4 to 10773/11291
08-03 12:37:08.180 D/DisplayManagerService( 1802): Ignore redundant display event 0/4 to 10466/11448
08-03 12:37:08.180 D/DisplayManagerService( 1802): Ignore redundant display event 0/4 to 10167/11898
08-03 12:37:08.190 D/DisplayManagerService( 1802): Ignore redundant display event 0/4 to 11232/6653
08-03 12:37:08.190 D/DisplayManagerService( 1802): Ignore redundant display event 0/4 to 10359/7091
08-03 12:37:08.190 D/DisplayManagerService( 1802): Ignore redundant display event 0/4 to 10151/10786
08-03 12:37:08.190 D/DisplayManagerService( 1802): Ignore redundant display event 0/4 to 10773/11291
08-03 12:37:08.190 D/DisplayManagerService( 1802): Ignore redundant display event 0/4 to 10466/11448
08-03 12:37:08.190 D/DisplayManagerService( 1802): Ignore redundant display event 0/4 to 10167/11898
08-03 12:37:08.200 D/DisplayManagerService( 1802): Ignore redundant display event 0/4 to 11232/6653
08-03 12:37:08.201 D/DisplayManagerService( 1802): Ignore redundant display event 0/4 to 10359/7091
08-03 12:37:08.201 D/DisplayManagerService( 1802): Ignore redundant display event 0/4 to 10151/10786
08-03 12:37:08.201 D/DisplayManagerService( 1802): Ignore redundant display event 0/4 to 10773/11291
08-03 12:37:08.201 D/DisplayManagerService( 1802): Ignore redundant display event 0/4 to 10466/11448
08-03 12:37:08.201 D/DisplayManagerService( 1802): Ignore redundant display event 0/4 to 10167/11898
08-03 12:37:08.210 D/DisplayManagerService( 1802): Ignore redundant display event 0/4 to 11232/6653
08-03 12:37:08.210 D/DisplayManagerService( 1802): Ignore redundant display event 0/4 to 10359/7091
08-03 12:37:08.210 D/DisplayManagerService( 1802): Ignore redundant display event 0/4 to 10151/10786
08-03 12:37:08.210 D/DisplayManagerService( 1802): Ignore redundant display event 0/4 to 10773/11291
08-03 12:37:08.211 D/DisplayManagerService( 1802): Ignore redundant display event 0/4 to 10466/11448
08-03 12:37:08.211 D/DisplayManagerService( 1802): Ignore redundant display event 0/4 to 10167/11898
08-03 12:37:08.221 D/DisplayManagerService( 1802): Ignore redundant display event 0/4 to 11232/6653
08-03 12:37:08.221 D/DisplayManagerService( 1802): Ignore redundant display event 0/4 to 10359/7091
08-03 12:37:08.221 D/DisplayManagerService( 1802): Ignore redundant display event 0/4 to 10151/10786
08-03 12:37:08.221 D/DisplayManagerService( 1802): Ignore redundant display event 0/4 to 10773/11291
08-03 12:37:08.221 D/DisplayManagerService( 1802): Ignore redundant display event 0/4 to 10466/11448
08-03 12:37:08.221 D/DisplayManagerService( 1802): Ignore redundant display event 0/4 to 10167/11898
08-03 12:37:08.231 D/DisplayManagerService( 1802): Ignore redundant display event 0/4 to 11232/6653
08-03 12:37:08.231 D/DisplayManagerService( 1802): Ignore redundant display event 0/4 to 10359/7091
08-03 12:37:08.231 D/DisplayManagerService( 1802): Ignore redundant display event 0/4 to 10151/10786
08-03 12:37:08.231 D/DisplayManagerService( 1802): Ignore redundant display event 0/4 to 10773/11291
08-03 12:37:08.231 D/DisplayManagerService( 1802): Ignore redundant display event 0/4 to 10466/11448
08-03 12:37:08.231 D/DisplayManagerService( 1802): Ignore redundant display event 0/4 to 10167/11898
08-03 12:37:08.241 D/DisplayManagerService( 1802): Ignore redundant display event 0/4 to 11232/6653
08-03 12:37:08.241 D/DisplayManagerService( 1802): Ignore redundant display event 0/4 to 10359/7091
08-03 12:37:08.242 D/DisplayManagerService( 1802): Ignore redundant display event 0/4 to 10151/10786
08-03 12:37:08.242 D/DisplayManagerService( 1802): Ignore redundant display event 0/4 to 10773/11291
08-03 12:37:08.242 D/DisplayManagerService( 1802): Ignore redundant display event 0/4 to 10466/11448
08-03 12:37:08.242 D/DisplayManagerService( 1802): Ignore redundant display event 0/4 to 10167/11898
08-03 12:37:08.249 D/DisplayManagerService( 1802): Ignore redundant display event 0/4 to 11232/6653
08-03 12:37:08.249 D/DisplayManagerService( 1802): Ignore redundant display event 0/4 to 10359/7091
08-03 12:37:08.249 D/DisplayManagerService( 1802): Ignore redundant display event 0/4 to 10151/10786
08-03 12:37:08.249 D/DisplayManagerService( 1802): Ignore redundant display event 0/4 to 10773/11291
08-03 12:37:08.249 D/DisplayManagerService( 1802): Ignore redundant display event 0/4 to 10466/11448
08-03 12:37:08.249 D/DisplayManagerService( 1802): Ignore redundant display event 0/4 to 10167/11898
08-03 12:37:08.260 D/DisplayManagerService( 1802): Ignore redundant display event 0/4 to 11232/6653
08-03 12:37:08.260 D/DisplayManagerService( 1802): Ignore redundant display event 0/4 to 10359/7091
08-03 12:37:08.260 D/DisplayManagerService( 1802): Ignore redundant display event 0/4 to 10151/10786
08-03 12:37:08.260 D/DisplayManagerService( 1802): Ignore redundant display event 0/4 to 10773/11291
08-03 12:37:08.260 D/DisplayManagerService( 1802): Ignore redundant display event 0/4 to 10466/11448
08-03 12:37:08.260 D/DisplayManagerService( 1802): Ignore redundant display event 0/4 to 10167/11898
08-03 12:37:08.270 D/DisplayManagerService( 1802): Ignore redundant display event 0/4 to 11232/6653
08-03 12:37:08.270 D/DisplayManagerService( 1802): Ignore redundant display event 0/4 to 10359/7091
08-03 12:37:08.270 D/DisplayManagerService( 1802): Ignore redundant display event 0/4 to 10151/10786
08-03 12:37:08.270 D/DisplayManagerService( 1802): Ignore redundant display event 0/4 to 10773/11291
08-03 12:37:08.270 D/DisplayManagerService( 1802): Ignore redundant display event 0/4 to 10466/11448
08-03 12:37:08.270 D/DisplayManagerService( 1802): Ignore redundant display event 0/4 to 10167/11898
08-03 12:37:08.280 D/DisplayManagerService( 1802): Ignore redundant display event 0/4 to 11232/6653
08-03 12:37:08.280 D/DisplayManagerService( 1802): Ignore redundant display event 0/4 to 10359/7091
08-03 12:37:08.280 D/DisplayManagerService( 1802): Ignore redundant display event 0/4 to 10151/10786
08-03 12:37:08.280 D/DisplayManagerService( 1802): Ignore redundant display event 0/4 to 10773/11291
08-03 12:37:08.280 D/DisplayManagerService( 1802): Ignore redundant display event 0/4 to 10466/11448
08-03 12:37:08.280 D/DisplayManagerService( 1802): Ignore redundant display event 0/4 to 10167/11898
08-03 12:37:08.289 D/DisplayManagerService( 1802): Ignore redundant display event 0/4 to 11232/6653
08-03 12:37:08.290 D/DisplayManagerService( 1802): Ignore redundant display event 0/4 to 10359/7091
08-03 12:37:08.290 D/DisplayManagerService( 1802): Ignore redundant display event 0/4 to 10151/10786
08-03 12:37:08.290 D/DisplayManagerService( 1802): Ignore redundant display event 0/4 to 10773/11291
08-03 12:37:08.290 D/DisplayManagerService( 1802): Ignore redundant display event 0/4 to 10466/11448
08-03 12:37:08.290 D/DisplayManagerService( 1802): Ignore redundant display event 0/4 to 10167/11898
08-03 12:37:08.300 D/DisplayManagerService( 1802): Ignore redundant display event 0/4 to 11232/6653
08-03 12:37:08.300 D/DisplayManagerService( 1802): Ignore redundant display event 0/4 to 10359/7091
08-03 12:37:08.300 D/DisplayManagerService( 1802): Ignore redundant display event 0/4 to 10151/10786
08-03 12:37:08.300 D/DisplayManagerService( 1802): Ignore redundant display event 0/4 to 10773/11291
08-03 12:37:08.300 D/DisplayManagerService( 1802): Ignore redundant display event 0/4 to 10466/11448
08-03 12:37:08.300 D/DisplayManagerService( 1802): Ignore redundant display event 0/4 to 10167/11898
08-03 12:37:08.308 E/BatteryStatsService( 1802): Invalid uid for waking network packet: -1
08-03 12:37:08.310 D/OplusFeatureHDREnhanceBrightness( 1802): setAnimating : displayId[0]=false
08-03 12:37:08.310 D/OplusFeatureReduceBrightness( 1802): setAnimating : animating = false
08-03 12:37:08.310 D/OplusFeatureEdrEnhanceBrightness( 1802): setAnimating: false
08-03 12:37:08.310 D/OplusFeaturePwEdrEnhanceBrightness( 1802): setAnimating: false
08-03 12:37:08.311 D/DisplayManagerService( 1802): Ignore redundant display event 0/4 to 11232/6653
08-03 12:37:08.311 D/DisplayManagerService( 1802): Ignore redundant display event 0/4 to 10359/7091
08-03 12:37:08.311 D/DisplayManagerService( 1802): Ignore redundant display event 0/4 to 10151/10786
08-03 12:37:08.312 D/DisplayManagerService( 1802): Ignore redundant display event 0/4 to 10773/11291
08-03 12:37:08.312 D/DisplayManagerService( 1802): Ignore redundant display event 0/4 to 10466/11448
08-03 12:37:08.312 D/DisplayManagerService( 1802): Ignore redundant display event 0/4 to 10167/11898
08-03 12:37:08.322 D/DisplayManagerService( 1802): Ignore redundant display event 0/4 to 11232/6653
08-03 12:37:08.322 D/DisplayManagerService( 1802): Ignore redundant display event 0/4 to 10359/7091
08-03 12:37:08.322 D/DisplayManagerService( 1802): Ignore redundant display event 0/4 to 10151/10786
08-03 12:37:08.322 D/DisplayManagerService( 1802): Ignore redundant display event 0/4 to 10773/11291
08-03 12:37:08.322 D/DisplayManagerService( 1802): Ignore redundant display event 0/4 to 10466/11448
08-03 12:37:08.322 D/DisplayManagerService( 1802): Ignore redundant display event 0/4 to 10167/11898
08-03 12:37:09.353 I/ActivityManager( 1802): Process com.oplus.statistics.rom:cc (pid 6142) has died: cch+5 CEM 
08-03 12:37:10.326 D/OplusSmartBrightnessController( 1802): handleMessage MSG_LUX_CHANGED, mLux:103.0 luxQueue=[103.0, 103.0, 103.0, 103.0, 103.0, 103.0, 103.0, 103.0, 103.0, 103.0, 103.0]
08-03 12:37:10.389 E/BatteryStatsService( 1802): Invalid uid for waking network packet: -1
08-03 12:37:10.389 E/BatteryStatsService( 1802): Invalid uid for waking network packet: -1
08-03 12:37:10.389 E/BatteryStatsService( 1802): Invalid uid for waking network packet: -1
08-03 12:37:10.390 E/BatteryStatsService( 1802): Invalid uid for waking network packet: -1
08-03 12:37:10.390 E/BatteryStatsService( 1802): Invalid uid for waking network packet: -1
08-03 12:37:11.435 D/OplusProxyWakeLock( 1802): add uid: 10583 wakelock: lock:37778570 PARTIAL_WAKE_LOCK              '*job*' (uid=1000 pid=1802 ws=WorkSource{10583 com.ttxapps.dropsync}) to proxyedWakeLock list
08-03 12:37:11.437 D/OplusProxyWakeLock( 1802): restore uid: 10583 wakelock: lock:37778570 PARTIAL_WAKE_LOCK              '*job*' (uid=1000 pid=1802 ws=WorkSource{10583 com.ttxapps.dropsync})  from proxyedWakeLock list.
08-03 12:37:11.535 D/OplusSmartBrightnessController( 1802): handleMessage MSG_LUX_CHANGED, mLux:103.0 luxQueue=[103.0, 103.0, 103.0, 103.0, 103.0, 103.0, 103.0, 103.0, 103.0, 103.0]
08-03 12:37:12.079 V/AlarmManager( 1802): sending alarm Alarm{b8f805c type 3 origWhen 142203 whenElapsed 142203 android} uid 1000 whenElapsed 142203 windowLength 0 maxWhenElapsed 142203 repeatInterval 0 action null component null tag *job.delay* flags 0x0 procName system_server
08-03 12:37:12.109 W/JobScheduler( 1802): Job didn't exist in JobStore: #com.google.android.youtube/179530
08-03 12:37:12.908 D/OplusSmartBrightnessController( 1802): handleMessage MSG_LUX_CHANGED, mLux:103.0 luxQueue=[103.0, 103.0, 103.0, 103.0, 103.0, 103.0, 103.0]
08-03 12:37:13.261 D/OomAdjuster( 1802): Not killing cached processes
08-03 12:37:13.261 W/ProcessStats( 1802): Tracking association SourceState{c120952 com.google.android.gms.persistent/10142 BTop #5164} whose proc state 2 is better than process ProcessState{7345b02 com.google.android.gms.unstable/10142 pkg=com.google.android.gms} proc state 14 (512 skipped)
08-03 12:37:13.679 I/ActivityManager( 1802): Process com.oplus.powermonitor (pid 11871) has died: svc SVC 
08-03 12:37:14.136 D/OplusSmartBrightnessController( 1802): handleMessage MSG_LUX_CHANGED, mLux:103.0 luxQueue=[103.0, 103.0, 103.0, 103.0, 103.0, 103.0, 103.0, 103.0, 103.0, 103.0]
08-03 12:37:14.450 D/AlarmManager( 1802): pkg com.ttxapps.dropsync, uid 10583 needs SCHEDULE_EXACT_ALARM, Caller com.ttxapps.dropsync needs to hold android.permission.SCHEDULE_EXACT_ALARM or android.permission.USE_EXACT_ALARM to set exact alarms.
08-03 12:37:14.683 D/CompatibilityChangeReporter( 1802): Compat change id reported: 135634846; UID 1000; state: DISABLED
08-03 12:37:14.683 D/CompatibilityChangeReporter( 1802): Compat change id reported: 177438394; UID 1000; state: DISABLED
08-03 12:37:14.683 D/CompatibilityChangeReporter( 1802): Compat change id reported: 135772972; UID 1000; state: DISABLED
08-03 12:37:14.683 D/CompatibilityChangeReporter( 1802): Compat change id reported: 135754954; UID 1000; state: ENABLED
08-03 12:37:14.696 I/ActivityManager( 1802): Start proc 13084:com.oplus.powermonitor/1000 for service {com.oplus.powermonitor/com.oplus.powermonitor.standbymonitor.oidt.chargestatus.ChargeStatusService}
08-03 12:37:14.734 D/CompatibilityChangeReporter( 1802): Compat change id reported: 168419799; UID 1000; state: DISABLED
08-03 12:37:14.734 D/CompatibilityChangeReporter( 1802): Compat change id reported: 273564678; UID 1000; state: DISABLED
08-03 12:37:14.734 D/ActivityTaskManagerServiceExtImpl( 1802): preBindApplication record is null
08-03 12:37:14.742 D/OplusInterceptLockScreenWindow( 1802): starting IOplusLockScreenCallbacks service...
08-03 12:37:14.748 I/PowerGroup( 1802): Napping power group (groupId=0, uid=1000)...
08-03 12:37:14.749 I/PowerManagerService( 1802): Nap time (uid 1000)...
08-03 12:37:14.752 D/OplusFeatureAOD( 1802): notifySfUnBlockScreenOn
08-03 12:37:14.752 D/PowerManagerServiceExtImpl( 1802): aodEnable: true
08-03 12:37:14.752 I/PowerManagerService( 1802): handleSandman: TIMEOUT dozePowerGroupLocked
08-03 12:37:14.753 D/OplusPowerManagerHelper( 1802): goToSleepNoUpdateLocked  needIntercepet: false
08-03 12:37:14.758 I/PowerGroup( 1802): Powering off display group due to timeout (groupId= 0, uid= 1000, millisSinceLastUserActivity=60020, lastUserActivityEvent=touch)...
08-03 12:37:14.758 I/PowerManagerService( 1802): Going to sleep due to timeout (uid 1000, screenOffTimeout=60000, activityTimeoutWM=-1, maxDimRatio=0.20000005, maxDimDur=7000)...
08-03 12:37:14.760 D/OplusPowerManagerHelper( 1802): wakelock list dump: mLocks.size=3:
08-03 12:37:14.760 D/OplusPowerManagerHelper( 1802): No.0: PARTIAL_WAKE_LOCK             activated(flags=1, uid=10147, pid=6765) total=77012ms)
08-03 12:37:14.760 D/OplusPowerManagerHelper( 1802): No.1: PARTIAL_WAKE_LOCK             activated(flags=1, uid=1000, pid=1802) total=59464ms)
08-03 12:37:14.760 D/OplusPowerManagerHelper( 1802): No.2: PARTIAL_WAKE_LOCK             activated(flags=1, uid=1000, pid=1802) total=59397ms)
08-03 12:37:14.761 D/CompatibilityChangeReporter( 1802): Compat change id reported: 156215187; UID 10158; state: ENABLED
08-03 12:37:14.762 D/DisplayPowerController[0]( 1802): requestPowerState: policy=OFF, useProximitySensor=false, screenBrightnessOverride=-1.0, useAutoBrightness=false, screenAutoBrightnessAdjustmentOverride=NaN, screenLowPowerBrightnessFactor=1.0, blockScreenOn=false, lowPowerMode=false, boostScreenBrightness=false, dozeScreenBrightness=NaN, dozeScreenState=UNKNOWN, waitForNegativeProximity=false displayReady=false pendingRequest=true
08-03 12:37:14.765 D/DisplayManagerServiceExtImpl( 1802): request size(1,1),dpc=com.android.server.display.DisplayPowerController@2111a48 size(0,1),flags=0X200F,id(0,0,local:4630946950956839809),enable=true,ready=false,waitForNegativeProximity=false policy=OFF,useProximitySensor=false,dozeState=UNKNOWN,screenBrightnessOverride=-1,000000,useAuto=false,lowPower=false,lowPowerFactor=1,000000
08-03 12:37:14.781 D/CompatibilityChangeReporter( 1802): Compat change id reported: 171306433; UID 1000; state: ENABLED
08-03 12:37:14.781 D/CompatibilityChangeReporter( 1802): Compat change id reported: 218533173; UID 1000; state: ENABLED
08-03 12:37:14.793 D/OneHandedController( 3634): setLockedDisabled locked = false, enabled = false ,FeatureEnabled = false
08-03 12:37:14.805 I/ColorFade( 1802): eglCreateContext for mDisplayId = 0 mEglContext android.opengl.EGLContext@fba3767c
08-03 12:37:14.824 D/OneHandedController( 3634): setLockedDisabled locked = true, enabled = false ,FeatureEnabled = false
08-03 12:37:14.844 I/OplusSmartBrightnessController( 1802): handleBrightnessTotalRateType displayId[0]=dim->automatic
08-03 12:37:14.844 D/DisplayPowerController[0]( 1802): updatePowerStateInternal policy:DIM->OFF,state:ON->OFF policy=OFF, useProximitySensor=false, screenBrightnessOverride=-1.0, useAutoBrightness=false, screenAutoBrightnessAdjustmentOverride=NaN, screenLowPowerBrightnessFactor=1.0, blockScreenOn=false, lowPowerMode=false, boostScreenBrightness=false, dozeScreenBrightness=NaN, dozeScreenState=UNKNOWN
08-03 12:37:14.844 D/DisplayManagerService( 1802): Ignore redundant display event 0/4 to 11232/6653
08-03 12:37:14.844 D/DisplayManagerService( 1802): Ignore redundant display event 0/4 to 10359/7091
08-03 12:37:14.844 D/DisplayManagerService( 1802): Ignore redundant display event 0/4 to 10151/10786
08-03 12:37:14.844 D/DisplayManagerService( 1802): Ignore redundant display event 0/4 to 10773/11291
08-03 12:37:14.844 D/DisplayManagerService( 1802): Ignore redundant display event 0/4 to 10466/11448
08-03 12:37:14.844 D/DisplayManagerService( 1802): Ignore redundant display event 0/4 to 10167/11898
08-03 12:37:14.851 D/CompatibilityChangeReporter( 1802): Compat change id reported: 161145287; UID 1000; state: ENABLED
08-03 12:37:14.852 D/CompatibilityChangeReporter( 1802): Compat change id reported: 161145287; UID 1000; state: DISABLED
08-03 12:37:14.855 W/ContextImpl(13084): Calling a method in the system process without a qualified user: android.app.ContextImpl.startService:1929 android.content.ContextWrapper.startService:835 com.oplus.powermonitor.PMApplication.h:15 com.oplus.powermonitor.PMApplication.onCreate:43 android.app.Instrumentation.callApplicationOnCreate:1335 
08-03 12:37:14.857 W/ContextImpl(13084): Calling a method in the system process without a qualified user: android.app.ContextImpl.bindService:2032 android.content.ContextWrapper.bindService:871 com.oplus.powermonitor.PMApplication.h:28 com.oplus.powermonitor.PMApplication.onCreate:43 android.app.Instrumentation.callApplicationOnCreate:1335 
08-03 12:37:14.858 D/DisplayPowerState[0]( 1802): setColorFadeLevel: level=0.9960574
08-03 12:37:14.859 D/CompatibilityChangeReporter( 1802): Compat change id reported: 261072174; UID 1000; state: ENABLED
08-03 12:37:14.865 I/ActivityManager( 1802): Flag disabled. Ignoring finishAttachApplication from uid: 1000. pid: 13084
08-03 12:37:14.866 D/DisplayPowerState[0]( 1802): setColorFadeLevel: level=0.98429155
08-03 12:37:14.875 D/DisplayPowerState[0]( 1802): setColorFadeLevel: level=0.9648882
08-03 12:37:14.883 D/DisplayPowerState[0]( 1802): setColorFadeLevel: level=0.9343158
08-03 12:37:14.891 D/DisplayPowerState[0]( 1802): setColorFadeLevel: level=0.89984226
08-03 12:37:14.899 D/DisplayPowerState[0]( 1802): setColorFadeLevel: level=0.85906315
08-03 12:37:14.907 D/DisplayPowerState[0]( 1802): setColorFadeLevel: level=0.81262136
08-03 12:37:14.916 D/DisplayPowerState[0]( 1802): setColorFadeLevel: level=0.75452065
08-03 12:37:14.924 D/DisplayPowerState[0]( 1802): setColorFadeLevel: level=0.69857395
08-03 12:37:14.932 D/DisplayPowerState[0]( 1802): setColorFadeLevel: level=0.6394956
08-03 12:37:14.940 D/DisplayPowerState[0]( 1802): setColorFadeLevel: level=0.57821715
08-03 12:37:14.949 D/DisplayPowerState[0]( 1802): setColorFadeLevel: level=0.5078536
08-03 12:37:14.957 D/DisplayPowerState[0]( 1802): setColorFadeLevel: level=0.44513273
08-03 12:37:14.965 D/DisplayPowerState[0]( 1802): setColorFadeLevel: level=0.38327724
08-03 12:37:14.974 D/DisplayPowerState[0]( 1802): setColorFadeLevel: level=0.32326257
08-03 12:37:14.982 D/DisplayPowerState[0]( 1802): setColorFadeLevel: level=0.25912303
08-03 12:37:14.990 D/DisplayPowerState[0]( 1802): setColorFadeLevel: level=0.20610732
08-03 12:37:14.998 D/DisplayPowerState[0]( 1802): setColorFadeLevel: level=0.1577264
08-03 12:37:15.007 D/DisplayPowerState[0]( 1802): setColorFadeLevel: level=0.11474341
08-03 12:37:15.015 D/DisplayPowerState[0]( 1802): setColorFadeLevel: level=0.073679864
08-03 12:37:15.023 D/DisplayPowerState[0]( 1802): setColorFadeLevel: level=0.04429835
08-03 12:37:15.031 D/DisplayPowerState[0]( 1802): setColorFadeLevel: level=0.022103548
08-03 12:37:15.040 D/DisplayPowerState[0]( 1802): setColorFadeLevel: level=0.0074453354
08-03 12:37:15.048 D/DisplayPowerState[0]( 1802): setColorFadeLevel: level=2.4676323E-4
08-03 12:37:15.056 D/DisplayPowerState[0]( 1802): setColorFadeLevel: level=0.0
08-03 12:37:15.056 D/DpcExtImpl[0]( 1802): RECORD: Animation finished when screen is off isInteractive: false
08-03 12:37:15.057 D/Biometrics_DEBUG( 1802): [onGoToSleepFinish]
08-03 12:37:15.061 D/DisplayPowerState[0]( 1802): updateRunnable run fadeLevle=0.0 state=ON brightness changed:16.0->-1.0
08-03 12:37:15.062 I/DisplayPowerController[0]( 1802): Blocking screen off
08-03 12:37:15.062 I/DisplayPowerController[0]( 1802): Unblocked screen off after 1 ms
08-03 12:37:15.063 D/TaskSnapshotControllerExtImpl( 1802): createTaskSnapshot isCompatMode:false, isCompactWindow:false
08-03 12:37:15.063 D/OplusSmartBrightnessController( 1802): onScreenEvent isScreenOn displayId[0]=false isFolding=false policy=OFF
08-03 12:37:15.064 D/VRR [OPlusRefreshRateService]( 1802): handleScreenStateChange state: 1
08-03 12:37:15.064 D/OplusSmartBrightnessController( 1802): NeedResetSpline:false, NeedResetSplineByLargeChange:false
08-03 12:37:15.064 I/OplusSmartBrightnessController( 1802): handleMessage MSG_NEXT_LUX_WILL_CHANGED.
08-03 12:37:15.066 D/OplusFeatureHDREnhanceBrightness( 1802): MSG_RUS_APPLY false
08-03 12:37:15.067 D/DisplayPowerState[0]( 1802): setScreenState: state=1
08-03 12:37:15.068 D/BackLightStat( 1802): setScreenState: state changed:ON->OFF
08-03 12:37:15.070 D/TaskSnapshotCache( 1802): putSnapshot mRunningCache top= ActivityRecord{32efbe6 u0 com.android.launcher/.Launcher t2}, mTaskId=1, snapshot=TaskSnapshot{ mId=1754199435063 mCaptureTime=145194450881 mTopActivityComponent=com.android.launcher/.Launcher mSnapshot=android.hardware.HardwareBuffer@66dddf0 (1080x2400) mColorSpace=sRGB IEC61966-2.1 (id=0, model=RGB) mOrientation=1 mRotation=0 mTaskSize=Point(1080, 2400) mContentInsets=[0,103][0,48] mLetterboxInsets=[0,0][0,0] mIsLowResolution=false mIsRealSnapshot=true mWindowingMode=1 mAppearance=0 mIsTranslucent=true mHasImeSurface=false, mAppIdMap size= 2
08-03 12:37:15.070 D/TaskSnapshotControllerExtImpl( 1802): createTaskSnapshot isCompatMode:false, isCompactWindow:false
08-03 12:37:15.076 D/TaskSnapshotCache( 1802): putSnapshot mRunningCache top= ActivityRecord{32efbe6 u0 com.android.launcher/.Launcher t2}, mTaskId=2, snapshot=TaskSnapshot{ mId=1754199435070 mCaptureTime=145200597652 mTopActivityComponent=com.android.launcher/.Launcher mSnapshot=android.hardware.HardwareBuffer@e06cf69 (1080x2400) mColorSpace=sRGB IEC61966-2.1 (id=0, model=RGB) mOrientation=1 mRotation=0 mTaskSize=Point(1080, 2400) mContentInsets=[0,103][0,48] mLetterboxInsets=[0,0][0,0] mIsLowResolution=false mIsRealSnapshot=true mWindowingMode=1 mAppearance=0 mIsTranslucent=true mHasImeSurface=false, mAppIdMap size= 2
08-03 12:37:15.076 D/ActivityTaskManager( 1802): Top Process State changed to PROCESS_STATE_TOP_SLEEPING
08-03 12:37:15.078 D/WindowManager( 1802):  setIsSleeping from  false to true this=Display{#0 state=ON size=1080x2400 ROTATION_0}
08-03 12:37:15.080 D/OplusTransitionController( 1802): requestStartTransition, requestInfo type: SLEEP, remoteTransition: null, displayChange: null, transition: TransitionRecord{4e7dee id=6 type=SLEEP flags=0x0}, caller: com.android.server.wm.TransitionControllerExtImpl.requestStartTransition:41 com.android.server.wm.TransitionController.requestStartTransition:738 com.android.server.wm.RootWindowContainer.lambda$applySleepTokens$19:2705 com.android.server.wm.RootWindowContainer.$r8$lambda$23BILeSwDpDN-3rvXPe_T49ONuI:0 com.android.server.wm.RootWindowContainer$$ExternalSyntheticLambda11.onCollectStarted:0 
08-03 12:37:15.081 D/OplusFlexibleActivityTransitionManager( 1802): fixTransitType type result:12, targets: []
08-03 12:37:15.081 V/WindowManagerShell( 3634): Transition requested: android.os.BinderProxy@6969260 TransitionRequestInfo { type = SLEEP, triggerTask = null, remoteTransition = null, displayChange = null }
08-03 12:37:15.081 D/OplusTransitionController( 1802): onTransactionReady, syncId: 6, 
08-03 12:37:15.081 D/OplusTransitionController( 1802):  info: {id=6 t=SLEEP f=0x0 trk=0 r=[] c=[]}, 
08-03 12:37:15.081 D/OplusTransitionController( 1802):  targets : []
08-03 12:37:15.082 V/WindowManager( 1802): Sent Transition #6 createdAt=08-03 12:37:15.078 via request=TransitionRequestInfo { type = SLEEP, triggerTask = null, remoteTransition = null, displayChange = null }
08-03 12:37:15.083 V/WindowManager( 1802):     startWCT=null
08-03 12:37:15.083 V/WindowManager( 1802):     info={id=6 t=SLEEP f=0x0 trk=0 r=[] c=[]}
08-03 12:37:15.085 I/TaskFragmentExtImpl( 1802): hookSetBinderUxFlag:true prev:ActivityRecord{32efbe6 u0 com.android.launcher/.Launcher t2}
08-03 12:37:15.085 I/TaskFragmentExtImpl( 1802): hookSetBinderUxFlag:false prev:ActivityRecord{32efbe6 u0 com.android.launcher/.Launcher t2}
08-03 12:37:15.092 W/WindowManager( 1802): captureTaskSnapshot mSnapshotMode= 2
08-03 12:37:15.092 D/DisplayContentExtImpl( 1802): target is same with the last, remove the ime snapshot immediately.
08-03 12:37:15.092 V/WindowManager( 1802): Changing focus from Window{52a769b u0 com.android.launcher/com.android.launcher.Launcher} to null,diplayid=0
08-03 12:37:15.092 W/WindowManager( 1802): captureTaskSnapshot mSnapshotMode= 2
08-03 12:37:15.093 I/WindowStateExtImpl( 1802): onSurfaceShowChange show = false mPackageName = com.android.launcher parentPkgName = com.android.launcher
08-03 12:37:15.094 I/TaskOrganizerController( 1802): onTaskInfoChanged taskid 1 config { mBounds=Rect(0, 0 - 1080, 2400) mAppBounds=Rect(0, 103 - 1080, 2352) mMaxBounds=Rect(0, 0 - 1080, 2400) mDisplayRotation=ROTATION_0 mWindowingMode=fullscreen mDisplayWindowingMode=fullscreen mActivityType=home mAlwaysOnTop=undefined mRotation=ROTATION_0}
08-03 12:37:15.095 D/FlexibleWindowManager( 1802): onFlexibleWindowTaskInfoChanged: mTaskId = 1 oldIsTaskEmbedded = false   curIsTaskEmbedded = false  topActivity = ComponentInfo{com.android.launcher/com.android.launcher.Launcher}
08-03 12:37:15.095 D/OplusFlexibleWindowMinimizedManagerHelper( 1802): onTaskInfoChanged taskInfo:TaskInfo{userId=0 taskId=1 displayId=0 isRunning=true baseIntent=Intent { act=android.intent.action.MAIN cat=[android.intent.category.HOME] flg=0x10000100 cmp=com.android.launcher/.Launcher mCallingUid=1000 } baseActivity=ComponentInfo{com.android.launcher/com.android.launcher.Launcher} topActivity=ComponentInfo{com.android.launcher/com.android.launcher.Launcher} origActivity=null realActivity=null numActivities=1 lastActiveTime=43801 supportsSplitScreenMultiWindow=false supportsMultiWindow=true supportsPocketStudioMultiWindow=true isInFlexibleEmbedded = false uid = 10429 pid = 4086 resizeMode=2 isResizeable=true minWidth=-1 minHeight=-1 defaultMinSize=220 token=WCT{RemoteToken{5d37653 Task{62d2294 #1 type=home}}} topActivityType=2 pictureInPictureParams=null shouldDockBigOverlays=false launchIntoPipHostTaskId=-1 lastParentTaskIdBeforePip=-1 displayCutoutSafeInsets=Rect(0, 103 - 0, 0) topActivityInfo=ActivityInfo{d8e88d3 com.android.launcher.Launcher} launchCookies=[] positionInParent=Point(0, 0) parentTaskId=-1 isFocused=true isVisible=false isVisibleRequested=false isSleeping=true topActivityInSizeCompat=false topActivityInOplusCompatMode=false topActivityEligibleForLetterboxEducation= false topActivityLetterboxed= false isFromDoubleTap= false topActivityLetterboxVerticalPosition= -1 topActivityLetterboxHorizontalPosition= -1 topActivityLetterboxWidth=-1 topActivityLetterboxHeight=-1 locusId=LocusId[17_chars] displayAreaFeatureId=1 cameraCompatControlState=hidden locusId= LocusId[17_chars] topActivityLetterboxInsets=Rect(0, 0 - 0, 0)} task:Task{62d2294 #1 type=home}
08-03 12:37:15.096 W/Transition( 1802): Transition already started id=6 state=2
08-03 12:37:15.096 V/WindowManagerShell( 3634): onTransitionReady android.os.BinderProxy@6969260: {id=6 t=SLEEP f=0x0 trk=0 r=[] c=[]}
08-03 12:37:15.096 V/WindowManagerShell( 3634): No transition roots in (#6)android.os.BinderProxy@6969260@0 so abort
08-03 12:37:15.097 V/WindowManagerShell( 3634): Transition animation finished (aborted=true), notifying core (#6)android.os.BinderProxy@6969260@0
08-03 12:37:15.097 D/WindowManager( 1802): screenTurnedOff  Display{#0 state=ON size=1080x2400 ROTATION_0}
08-03 12:37:15.102 D/OplusTransitionController( 1802): finishTransition, transition: TransitionRecord{4e7dee id=6 type=SLEEP flags=0x0}
08-03 12:37:15.102 D/TransitionController( 1802): NFW_send RECOMPUTE_FOCUS in finishTransition
08-03 12:37:15.103 D/ShellTaskOrganizer( 3634): onTransitionFinish, isRecent:false
08-03 12:37:15.103 D/WindowManagerServiceExtImpl( 1802): extractConfigInfoAndRealFlags rotation=0, screenDp=360, win=Window{9d1bbe6 u0 (1-1)-Window{b5606d6 alpha=1.0 fl=}}
08-03 12:37:15.103 V/WindowManagerShell( 3634): Track 0 became idle
08-03 12:37:15.103 V/WindowManager( 1802): Relayout Window{9d1bbe6 u0 (1-1)-Window{b5606d6 alpha=1.0 fl=}}: viewVisibility=8, oldvis=0, req=1080x2400, vsysui=LIGHT_STATUS_BAR LIGHT_NAVIGATION_BAR
08-03 12:37:15.103 V/WindowManagerShell( 3634): All active transition animations finished
08-03 12:37:15.104 D/ShellTaskOrganizer( 3634): dispatchTaskEventToClientIfNeed, eventType:2, taskInfo:TaskInfo{userId=0 taskId=1 displayId=0 isRunning=true baseIntent=Intent { act=android.intent.action.MAIN cat=[android.intent.category.HOME] flg=0x10000100 cmp=com.android.launcher/.Launcher mCallingUid=1000 } baseActivity=ComponentInfo{com.android.launcher/com.android.launcher.Launcher} topActivity=ComponentInfo{com.android.launcher/com.android.launcher.Launcher} origActivity=null realActivity=null numActivities=1 lastActiveTime=43801 supportsSplitScreenMultiWindow=false supportsMultiWindow=true supportsPocketStudioMultiWindow=true isInFlexibleEmbedded = false uid = 10429 pid = 4086 resizeMode=2 isResizeable=true minWidth=-1 minHeight=-1 defaultMinSize=220 token=WCT{android.window.IWindowContainerToken$Stub$Proxy@c6bdfde} topActivityType=2 pictureInPictureParams=null shouldDockBigOverlays=false launchIntoPipHostTaskId=-1 lastParentTaskIdBeforePip=-1 displayCutoutSafeInsets=Rect(0, 103 - 0, 0) topActivityInfo=ActivityInfo{bd825bf com.android.launcher.Launcher} launchCookies=[] positionInParent=Point(0, 0) parentTaskId=-1 isFocused=true isVisible=false isVisibleRequested=false isSleeping=true topActivityInSizeCompat=false topActivityInOplusCompatMode=false topActivityEligibleForLetterboxEducation= false topActivityLetterboxed= false isFromDoubleTap= false topActivityLetterboxVerticalPosition= -1 topActivityLetterboxHorizontalPosition= -1 topActivityLetterboxWidth=-1 topActivityLetterboxHeight=-1 locusId=LocusId[17_chars] displayAreaFeatureId=1 cameraCompatControlState=hidden locusId= LocusId[17_chars] topActivityLetterboxInsets=Rect(0, 0 - 0, 0)}, leash:null
08-03 12:37:15.105 V/WindowManager( 1802): Finish Transition #6: created at 08-03 12:37:15.078 collect-started=0.106ms request-sent=0.503ms started=2.892ms ready=2.884ms sent=3.501ms finished=24.053ms
08-03 12:37:15.107 D/WindowManagerServiceExtImpl( 1802): extractConfigInfoAndRealFlags rotation=0, screenDp=360, win=Window{52a769b u0 com.android.launcher/com.android.launcher.Launcher}
08-03 12:37:15.108 V/WindowManager( 1802): Relayout Window{52a769b u0 com.android.launcher/com.android.launcher.Launcher}: viewVisibility=8, oldvis=0, req=1080x2400, vsysui=LAYOUT_STABLE LAYOUT_HIDE_NAVIGATION LAYOUT_FULLSCREEN
08-03 12:37:15.110 D/ColorAutomaticBrightnessController( 1802): setLightSensorEnabled: MainEnable=false, AuxEnable:false, mLightSensorEnabled=true policy=OFF
08-03 12:37:15.110 D/OplusLightSensorController( 1802): setMainLightSensorEnabled:true -> false
08-03 12:37:15.112 D/VRI[Launcher]( 4086): relayoutWindow result, sizeChanged:false, surfaceControlChanged:true, transformHintChanged:false, mSurfaceSize:Point(1080, 2400), mLastSurfaceSize:Point(1080, 2400), mWidth:1080, mHeight:2400, requestedWidth:1080, requestedHeight:2400, transformHint:0, lastTransformHint:0, installOrientation:0, displayRotation:0, isSurfaceValid:false, attr.flag:-2121203456, useBlast:true, tmpFrames:ClientWindowFrames{frame=[0,0][1080,2400] display=[0,0][1080,2400] parentFrame=[0,0][0,0]}
08-03 12:37:15.123 D/OplusLightSensorController( 1802): unregister Main Light Sensor success.
08-03 12:37:15.123 D/OplusLightSensorController( 1802): setAuxLightSensorEnabled:true -> false
08-03 12:37:15.124 D/OplusLightSensorController( 1802): unregister Aux Light Sensor success.
08-03 12:37:15.124 D/ColorAutomaticBrightnessController( 1802): setProximitySensorEnabled: enable=false, mProximitySensorEnabled=true policy=OFF
08-03 12:37:15.127 I/WindowManager( 1802): Window{9d1bbe6 u0 (1-1)-Window{b5606d6 alpha=1.0 fl=}} state from HAS_DRAWN to NO_SURFACE; reason: destroySurface
08-03 12:37:15.127 I/ColorAutomaticBrightnessController( 1802): updateAutoBrightness: Auto, sendUpdate = false adjustment=1431,000000,changed:-1->3657,modified:3657->3657->3657,changed=true,cameraMode=-1,ProximityNear=false
08-03 12:37:15.128 D/DisplayPowerState[0]( 1802): updateRunnable run fadeLevle=0.0 state=OFF brightness changed:16.0->-1.0
08-03 12:37:15.128 I/WindowManager( 1802): Window{52a769b u0 com.android.launcher/com.android.launcher.Launcher} state from HAS_DRAWN to NO_SURFACE; reason: destroySurface
08-03 12:37:15.128 D/DisplayPowerState[0]( 1802): Updating screen state: id=0, state=OFF, backlight=-1.0, sdrBacklight=-1.0
08-03 12:37:15.128 D/ColorAutomaticBrightnessController( 1802): MSG_PROXIMITY_CHANGE far
08-03 12:37:15.128 D/OplusSmartBrightnessController( 1802): requestDisplayState isFirstDisplay=true state=1 globalDisplayState=0x0
08-03 12:37:15.129 D/LocalDisplayAdapter( 1802): setDisplayState(id=4630946950956839809 isFirstDisplay=true state changed:ON->OFF) t-Name=PhotonicModulator
08-03 12:37:15.129 I/DisplayDeviceRepository( 1802): Display device changed state: "Ð’ÑÑ‚Ñ€Ð¾ÐµÐ½Ð½Ñ‹Ð¹ ÑÐºÑ€Ð°Ð½", OFF
08-03 12:37:15.129 D/LogicalDisplayExt( 1802): set displayInfo flag FLAG_ROTATES_WITH_CONTENT
08-03 12:37:15.129 D/ActivityTaskManager( 1802): Clearing startingData for token=null
08-03 12:37:15.130 D/DisplayManagerServiceExtImpl( 1802): scheduleTraversalLocked intraversal=false
08-03 12:37:15.130 I/DisplayManagerServiceExtImpl( 1802): handle logical display changed logicalDisplay=id=0,stack=0,content=true,displayInfo{stack=0,type=1,id=0,uId=local:4630946950956839809,state=OFF,pkg=null}
08-03 12:37:15.133 I/OplusEngineerService( 3561): [isEngineerItemInBlackList] start type=1,item=com.android.settings/com.android.settings.sim.receivers.SimSlotChangeService
08-03 12:37:15.134 I/SecrecyService( 3561): [isEngineerItemInBlackList] isSecrecySupport in
08-03 12:37:15.134 I/SecrecyService( 3561): [isEngineerItemInBlackList] mSecrecySupport=true
08-03 12:37:15.134 I/OplusEngineerService( 3561): [isEngineerItemInBlackList] secrecySupport=true
08-03 12:37:15.134 I/SecrecyService( 3561): [isEngineerItemInBlackList] isInEncryptedAppList in
08-03 12:37:15.134 I/SecrecyService( 3561): [isEngineerItemInBlackList] mSecrecySupport=true
08-03 12:37:15.134 I/SecrecyService( 3561): [isEngineerItemInBlackList] start PolicyManager check
08-03 12:37:15.134 I/SecrecyService.PolicyManager( 3561): [isEngineerItemInBlackList] getPolicyState in
08-03 12:37:15.134 I/SecrecyService( 3561): [isEngineerItemInBlackList] start preWork check
08-03 12:37:15.134 I/SecrecyService.ActivityConfig( 3561): [isEngineerItemInBlackList]isInActivityConfig in packageName = com.android.settings, className = com.android.settings.sim.receivers.SimSlotChangeService
08-03 12:37:15.134 I/SecrecyService.ActivityConfig( 3561): [isEngineerItemInBlackList]isInActivityConfig end return false
08-03 12:37:15.134 I/SecrecyService( 3561): [isEngineerItemInBlackList] preWork return false
08-03 12:37:15.134 I/OplusEngineerService( 3561): [isEngineerItemInBlackList] inEncryptedAppList=false
08-03 12:37:15.134 I/OplusEngineerConfig( 3561): [isEngineerItemInBlackList] mActivitySwitch=false
08-03 12:37:15.134 I/OplusEngineerService( 3561): [isEngineerItemInBlackList] ACTIVITY result=false
08-03 12:37:15.134 I/OplusEngineerService( 3561): [isEngineerItemInBlackList] dealtime=0ï¼Œresult=false,item=com.android.settings/com.android.settings.sim.receivers.SimSlotChangeService
08-03 12:37:15.135 D/DisplayManagerService( 1802): Delivering display event: displayId=0, event=2
08-03 12:37:15.137 D/DisplayManagerService( 1802): MSG_REQUEST_TRAVERSAL pendingCompleted=false
08-03 12:37:15.139 D/OplusVFXScreenEffectFeature( 1802): notifySFCompatWindowStateChange entered false
08-03 12:37:15.139 D/FlexibleWindowManager( 1802): physicalDisplayChangedForFlexibleWindow displayId 0, current display info 1080 x 2400, new display info 1080 x 2400
08-03 12:37:15.139 D/FlexibleTaskController( 1802): onDisplayChanged displayId#0 ,cur:1080x2400 ,new:1080x2400
08-03 12:37:15.139 D/FlexibleTaskController( 1802): onDisplayChanged displayId not support flexible.
08-03 12:37:15.139 D/FlexibleWindowManager( 1802): physicalDisplayChangedForFlexibleWindow return for unsupported devices
08-03 12:37:15.140 I/DisplayManagerService( 1802): Comparing display specs: baseModeId=2 allowGroupSwitching=false primary=physical: (0.0 Infinity) render:  (0.0 120.00001) appRequest=physical: (0.0 Infinity) render:  (0.0 120.00001), existing: baseModeId=2 allowGroupSwitching=false primary=physical: (0.0 Infinity) render:  (0.0 120.00001) appRequest=physical: (0.0 Infinity) render:  (0.0 120.00001)
08-03 12:37:15.142 D/DisplayManagerService( 1802): performTraversalInternal pendingTraversal
08-03 12:37:15.142 D/DisplayDevice( 1802): setLayerStackLocked id=local:4630946950956839809 token=android.os.BinderProxy@bea5abe stack=0->-1
08-03 12:37:15.142 I/DisplayDevice( 1802): [0] Layerstack set to -1 for local:4630946950956839809
08-03 12:37:15.146 I/WallpaperManagerServiceExt( 1802): removeDisplayData. displayId = 0
08-03 12:37:15.443 I/DisplayDeviceRepository( 1802): Display device changed state: "Ð’ÑÑ‚Ñ€Ð¾ÐµÐ½Ð½Ñ‹Ð¹ ÑÐºÑ€Ð°Ð½", OFF
08-03 12:37:15.443 D/LogicalDisplayExt( 1802): set displayInfo flag FLAG_ROTATES_WITH_CONTENT
08-03 12:37:15.444 D/HidlDisplayPanelFeature( 1802): getDisplayPanelFeatureValue +++, featureID:20
08-03 12:37:15.445 D/DisplayManagerServiceExtImpl( 1802): scheduleTraversalLocked intraversal=false
08-03 12:37:15.445 I/DisplayManagerServiceExtImpl( 1802): handle logical display changed logicalDisplay=id=0,stack=0,content=true,displayInfo{stack=0,type=1,id=0,uId=local:4630946950956839809,state=OFF,pkg=null}
08-03 12:37:15.445 D/DisplayManagerService( 1802): Delivering display event: displayId=0, event=2
08-03 12:37:15.445 I/WallpaperManagerServiceExt( 1802): removeDisplayData. displayId = 0
08-03 12:37:15.446 D/DisplayManagerService( 1802): Ignore redundant display event 0/2 to 11232/6653
08-03 12:37:15.446 D/HidlDisplayPanelFeature( 1802): getDisplayPanelFeatureValue, ret = 0
08-03 12:37:15.446 I/HidlDisplayPanelFeature( 1802): [0]
08-03 12:37:15.447 D/OplusVFXScreenEffectFeature( 1802): notifySFCompatWindowStateChange entered false
08-03 12:37:15.447 D/HidlDisplayPanelFeature( 1802): getDisplayPanelFeatureValue ---, result = [0]
08-03 12:37:15.447 D/OplusSilentRebootManager( 1802): silence flags file value is :0
08-03 12:37:15.447 D/FlexibleWindowManager( 1802): physicalDisplayChangedForFlexibleWindow displayId 0, current display info 1080 x 2400, new display info 1080 x 2400
08-03 12:37:15.447 D/FlexibleTaskController( 1802): onDisplayChanged displayId#0 ,cur:1080x2400 ,new:1080x2400
08-03 12:37:15.447 D/FlexibleTaskController( 1802): onDisplayChanged displayId not support flexible.
08-03 12:37:15.447 D/FlexibleWindowManager( 1802): physicalDisplayChangedForFlexibleWindow return for unsupported devices
08-03 12:37:15.447 D/DisplayManagerService( 1802): Ignore redundant display event 0/2 to 10359/7091
08-03 12:37:15.447 D/DisplayManagerService( 1802): performTraversalInternal pendingTraversal
08-03 12:37:15.447 D/DisplayDevice( 1802): setLayerStackLocked id=local:4630946950956839809 token=android.os.BinderProxy@bea5abe stack=-1->-1
08-03 12:37:15.447 D/DisplayManagerService( 1802): Ignore redundant display event 0/2 to 10151/10786
08-03 12:37:15.447 D/DisplayManagerService( 1802): Ignore redundant display event 0/2 to 10773/11291
08-03 12:37:15.448 D/DisplayManagerService( 1802): Ignore redundant display event 0/2 to 10466/11448
08-03 12:37:15.448 D/DisplayManagerService( 1802): Ignore redundant display event 0/2 to 10167/11898
08-03 12:37:15.448 D/DisplayManagerService( 1802): MSG_REQUEST_TRAVERSAL pendingCompleted=false
08-03 12:37:15.450 D/DisplayPowerState[0]( 1802): updateRunnable run fadeLevle=0.0 state=OFF brightness changed:16.0->-1.0
08-03 12:37:15.450 D/PowerManagerServiceExtImpl( 1802): aodEnable: true
08-03 12:37:15.450 I/DreamManagerService( 1802): Entering dreamland.
08-03 12:37:15.451 I/DisplayManagerService( 1802): Comparing display specs: baseModeId=2 allowGroupSwitching=false primary=physical: (0.0 Infinity) render:  (0.0 120.00001) appRequest=physical: (0.0 Infinity) render:  (0.0 120.00001), existing: baseModeId=2 allowGroupSwitching=false primary=physical: (0.0 Infinity) render:  (0.0 120.00001) appRequest=physical: (0.0 Infinity) render:  (0.0 120.00001)
08-03 12:37:15.457 I/PowerManagerService( 1802): Dozing...
08-03 12:37:15.459 I/DreamController( 1802): Starting dream: name=ComponentInfo{com.android.systemui/com.android.systemui.doze.DozeService}, isPreviewMode=false, canDoze=true, userId=0, reason='power manager request'
08-03 12:37:15.466 D/AutofillManagerService( 1802): Close system dialogs
08-03 12:37:15.466 V/AutofillUI( 1802): hideSaveUiUiThread(): mSaveUi=null, callback=null, mCallback=null
08-03 12:37:15.481 D/OplusFeatureAOD( 1802): key:1802 tmp:2
08-03 12:37:15.481 D/DisplayPowerController[0]( 1802): requestPowerState: policy=DOZE, useProximitySensor=false, screenBrightnessOverride=-1.0, useAutoBrightness=false, screenAutoBrightnessAdjustmentOverride=NaN, screenLowPowerBrightnessFactor=1.0, blockScreenOn=false, lowPowerMode=false, boostScreenBrightness=false, dozeScreenBrightness=NaN, dozeScreenState=UNKNOWN, waitForNegativeProximity=false displayReady=false pendingRequest=true
08-03 12:37:15.481 D/DisplayManagerServiceExtImpl( 1802): request size(1,1),dpc=com.android.server.display.DisplayPowerController@2111a48 size(0,1),flags=0X200F,id(0,0,local:4630946950956839809),enable=true,ready=false,waitForNegativeProximity=false policy=DOZE,useProximitySensor=false,dozeState=UNKNOWN,screenBrightnessOverride=-1,000000,useAuto=false,lowPower=false,lowPowerFactor=1,000000
