08-03 12:37:15.481 D/DisplayPowerController[0]( 1802): updatePowerStateInternal policy:OFF->DOZE,state:OFF->OFF policy=DOZE, useProximitySensor=false, screenBrightnessOverride=-1.0, useAutoBrightness=false, screenAutoBrightnessAdjustmentOverride=NaN, screenLowPowerBrightnessFactor=1.0, blockScreenOn=false, lowPowerMode=false, boostScreenBrightness=false, dozeScreenBrightness=NaN, dozeScreenState=UNKNOWN
08-03 12:37:15.482 D/OplusPowerManagerHelper( 1802): [onGoToSleep]
08-03 12:37:15.482 D/OplusFeatureAOD( 1802): notifySfUnBlockScreenOn
08-03 12:37:15.486 D/NotifierExtImpl( 1802): notifyScreenOnOff: on = false
08-03 12:37:15.486 D/OplusPowerManagerServiceEnhance( 1802): notifyScreenOnOff on=false
08-03 12:37:15.487 W/BroadcastLoopers( 1802): Found previously unknown looper Thread[CustomPowerManager,5,main]
08-03 12:37:15.490 W/OplusStorageManagerFeature( 1802): turn screenOff, maintPrepared:false
08-03 12:37:15.492 D/CompatibilityChangeReporter( 1802): Compat change id reported: 157233955; UID 1000; state: ENABLED
08-03 12:37:15.492 I/OplusStorageManagerFeature( 1802): FsReserveSpace data partition fstype:f2fs
08-03 12:37:15.492 I/OplusStorageManagerFeature( 1802): FsReserveSpace data device path:/dev/block/dm-67
08-03 12:37:15.492 D/CompatibilityChangeReporter( 1802): Compat change id reported: 157233955; UID 1000; state: DISABLED
08-03 12:37:15.493 E/OplusStorageManagerFeature( 1802): FsReserveSpace read data label failed.java.nio.file.NotLinkException: /dev/block/dm-67
08-03 12:37:15.493 E/OplusStorageManagerFeature( 1802): 	at sun.nio.fs.UnixFileSystemProvider.readSymbolicLink(UnixFileSystemProvider.java:515)
08-03 12:37:15.493 E/OplusStorageManagerFeature( 1802): 	at java.nio.file.Files.readSymbolicLink(Files.java:1432)
08-03 12:37:15.493 E/OplusStorageManagerFeature( 1802): 	at com.android.server.storage.OplusStorageManagerFeature.onMessageFsReserveSpace(OplusStorageManagerFeature.java:2144)
08-03 12:37:15.493 E/OplusStorageManagerFeature( 1802): 	at com.android.server.storage.OplusStorageManagerFeature.onStorageManagerMessageHandle(OplusStorageManagerFeature.java:1506)
08-03 12:37:15.493 E/OplusStorageManagerFeature( 1802): 	at com.android.server.StorageManagerService$StorageManagerServiceHandler.handleMessage(StorageManagerService.java:768)
08-03 12:37:15.493 E/OplusStorageManagerFeature( 1802): 	at android.os.Handler.dispatchMessage(Handler.java:106)
08-03 12:37:15.493 E/OplusStorageManagerFeature( 1802): 	at android.os.Looper.loopOnce(Looper.java:257)
08-03 12:37:15.493 E/OplusStorageManagerFeature( 1802): 	at android.os.Looper.loop(Looper.java:368)
08-03 12:37:15.493 E/OplusStorageManagerFeature( 1802): 	at android.os.HandlerThread.run(HandlerThread.java:67)
08-03 12:37:15.493 I/OplusStorageManagerFeature( 1802): FsReserveSpace data label:dm-67
08-03 12:37:15.498 I/OplusServiceFactoryImpl( 1802): getOplusGuardElfFeature
08-03 12:37:15.500 D/NAS-CallIssueController[0]( 3967): ActionsExecuteStateMachine recv msg:5
08-03 12:37:15.501 D/NAS-CallIssueController[1]( 3967): ActionsExecuteStateMachine recv msg:5
08-03 12:37:15.502 D/OplusGuardElfFeature( 1802): ICharger service = vendor.oplus.hardware.charger.ICharger$Stub$Proxy@a488862
08-03 12:37:15.502 D/OplusGuardElfFeature( 1802): ICharger set value = 0
08-03 12:37:15.502 D/OplusGuardElfFeature( 1802): calling class name = ThermalControlUtils
08-03 12:37:15.502 D/OplusBatteryManager( 6620): set charge value = 0
08-03 12:37:15.520 D/OplusDisplayManagerServiceEnhance( 1802): OplusDisplayManagerServiceEnhance setSpecBrightness gear = 0 reason = com.android.launcher@temperature@35@normal rate = -1
08-03 12:37:15.521 I/OplusSmartBrightnessController( 1802): handleMessage MSG_TEMPERATURE_LIMIT_BRIGHTNESS_CHANGED.
08-03 12:37:15.521 D/OplusFeatureTemperatureLimitBrightness( 1802): new parameter!ControlInfo:[ gear = 0 reason = com.android.launcher@temperature@35@normal brightness = 10238 package = com.android.launcher type = temperature temperature = 35 priority = normal rate = -1] HadDragPoint = false mode = 1
08-03 12:37:15.521 D/OplusFeatureTemperatureLimitBrightness( 1802): isResetUpdate = false isNormalUpdate = true isSafetyRegulationsForceUpdate = false mLastBrightnessLimit = 10238
08-03 12:37:15.521 D/OplusFeatureTemperatureLimitBrightness( 1802): mBrightnessLimit = 10238
08-03 12:37:15.521 D/VRR [OPlusRefreshRateService]( 1802):  setFrameRateTargetControl [ 0.0 , com.android.launcher , false , com.oplus.battery ]
08-03 12:37:15.521 D/RefreshRate( 1802): setHighTemperatureStatusWithoutUpdate: status = 0, rate = 0
08-03 12:37:15.521 D/VRR [OPlusExternalRefreshRateManager]( 1802):  [FRTC] FrameRate : 0 com.android.launcher false com.oplus.battery 0 1000
08-03 12:37:15.521 D/ColorAutomaticBrightnessController( 1802): MSG_UPDATE_BRIGHTNESS
08-03 12:37:15.522 D/VRR [OPlusSurfaceFlingerController]( 1802):  add frtc FrameRate : 0 com.android.launcher false com.oplus.battery
08-03 12:37:15.523 D/vold    (  790): ufshid started
08-03 12:37:15.527 I/vold    (  790): [libfs_mgr] dt_fstab: Skip disabled entry for partition vendor
08-03 12:37:15.531 I/vold    (  790): [libfs_mgr] mgs test solvit start
08-03 12:37:15.531 I/vold    (  790): [libfs_mgr] stream not support 
08-03 12:37:15.534 W/vold    (  790): o-hid: can not get ufs version!: Permission denied
08-03 12:37:15.535 W/vold    (  790): o-hid: can not get hid version!: No such file or directory
08-03 12:37:15.535 D/vold    (  790): ufshid end
08-03 12:37:15.546 D/CompatibilityChangeReporter( 1802): Compat change id reported: 161145287; UID 1027; state: ENABLED
08-03 12:37:15.550 D/OplusAlarmAdjustment( 1802): MSG_SCREEN_OFF, mAlignInterval=300000 ms, mScreenOffElapsed=145673 ms
08-03 12:37:15.575 V/NetworkPolicy( 1802): updateNetworkEnabledNL() return
08-03 12:37:15.575 V/NetworkPolicy( 1802): updateNotificationsNL not process
08-03 12:37:15.580 W/AlarmManager( 1802): Alarms must either supply a PendingIntent or an AlarmReceiver
08-03 12:37:15.582 I/PowerManagerService( 1802): onFlip(): Face up.
08-03 12:37:15.582 D/PowerManagerService( 1802): onFlip: isFaceDown=false
08-03 12:37:15.582 D/PowerManagerService( 1802): userActivityNoUpdateLocked: groupId=0, eventTime=145706, event=other, flags=0x0, uid=1000
08-03 12:37:15.597 D/OplusFeatureColorMode( 1802): +updateUserDreaming
08-03 12:37:15.647 D/OplusFeatureBrightnessBarController( 1802): screen state:false
08-03 12:37:15.673 I/OplusAppSwitchManagerService( 1802): appswitch unregisterAppSwitchObserver pkgName = com.heytap.accessory config = OplusAppSwitchConfig = {  mConfigs = {} observerFingerPrint = 182850133}
08-03 12:37:15.673 I/OplusAppSwitchStateDispatcher( 1802): unregisterAppSwitchObserver ok, pkgName = com.heytap.accessory info = OplusAppSwitchRuleInfo = {  observer = null observerFingerPrint = 182850133}
08-03 12:37:15.678 D/DisplayManagerService( 1802): Uid 10167 becomes 300
08-03 12:37:15.678 D/DisplayManagerService( 1802): Send pending display event #0 0/4 to 10167/11898
08-03 12:37:15.678 D/DisplayManagerService( 1802): Send pending display event #1 0/2 to 10167/11898
08-03 12:37:15.685 D/CompatibilityChangeReporter( 1802): Compat change id reported: 170503758; UID 10167; state: ENABLED
08-03 12:37:15.711 D/OplusBatteryManager( 1802): getPsyBatteryRm: 812
08-03 12:37:15.714 D/OplusBatteryManager( 1802): getPsyBatteryRm: 812
08-03 12:37:15.716 W/OplusStorageManagerFeature( 1802): turn screenOff, maintPrepared:false
08-03 12:37:15.719 D/vold    (  790): ufshid started
08-03 12:37:15.721 I/vold    (  790): [libfs_mgr] dt_fstab: Skip disabled entry for partition vendor
08-03 12:37:15.722 I/vold    (  790): [libfs_mgr] mgs test solvit start
08-03 12:37:15.722 I/vold    (  790): [libfs_mgr] stream not support 
08-03 12:37:15.723 D/vold    (  790): ufshid end
08-03 12:37:15.788 D/OplusUserManagerServiceEnhance( 1802): getMultiSystemUserId  res = -10000
08-03 12:37:15.789 D/OplusFeatureAOD( 1802): key:1802 tmp:3
08-03 12:37:15.790 D/DisplayPowerController[0]( 1802): requestPowerState: policy=DOZE, useProximitySensor=false, screenBrightnessOverride=-1.0, useAutoBrightness=false, screenAutoBrightnessAdjustmentOverride=NaN, screenLowPowerBrightnessFactor=1.0, blockScreenOn=false, lowPowerMode=false, boostScreenBrightness=false, dozeScreenBrightness=NaN, dozeScreenState=DOZE, waitForNegativeProximity=false displayReady=false pendingRequest=true
08-03 12:37:15.790 D/DisplayManagerServiceExtImpl( 1802): request size(1,1),dpc=com.android.server.display.DisplayPowerController@2111a48 size(0,1),flags=0X200F,id(0,0,local:4630946950956839809),enable=true,ready=false,waitForNegativeProximity=false policy=DOZE,useProximitySensor=false,dozeState=DOZE,screenBrightnessOverride=-1,000000,useAuto=false,lowPower=false,lowPowerFactor=1,000000
08-03 12:37:15.790 D/VRR [OPlusRefreshRateService]( 1802): handleScreenStateChange state: 3
08-03 12:37:15.790 D/OplusUserManagerServiceEnhance( 1802): getMultiSystemUserId  res = -10000
08-03 12:37:15.791 D/BackLightStat( 1802): setScreenState: state changed:OFF->DOZE
08-03 12:37:15.791 D/OplusUserManagerServiceEnhance( 1802): getMultiSystemUserId  res = -10000
08-03 12:37:15.791 D/DisplayPowerState[0]( 1802): setColorFadeLevel: level=1.0
08-03 12:37:15.793 D/DeviceStateProviderImpl( 1802): keyguard show or sleep: false mLastReportedState 0
08-03 12:37:15.794 D/OplusFeatureHDREnhanceBrightness( 1802): setAnimating : displayId[0]=true
08-03 12:37:15.794 D/OplusFeatureReduceBrightness( 1802): setAnimating : animating = true
08-03 12:37:15.794 D/OplusFeatureEdrEnhanceBrightness( 1802): setAnimating: true
08-03 12:37:15.794 D/OplusFeaturePwEdrEnhanceBrightness( 1802): setAnimating: true
08-03 12:37:15.794 D/DpcExtImpl[0]( 1802): Animating brightness: target=16->0,rate=25->6400,type=automatic,byUse=false local:4630946950956839809
08-03 12:37:15.794 D/OplusSmartBrightnessController( 1802): add for debug Aod brightness set 1.0
08-03 12:37:15.794 D/DisplayPowerState[0]( 1802): Updating screen state: id=0, state=DOZE, backlight=1.0, sdrBacklight=1.0
08-03 12:37:15.794 V/UsbDeviceManager( 1802): onKeyguardStateChanged: isShowing:false secure:true user:0
08-03 12:37:15.794 D/OplusSmartBrightnessController( 1802): requestDisplayState isFirstDisplay=true state=3 globalDisplayState=0x3
08-03 12:37:15.795 D/LocalDisplayAdapter( 1802): setDisplayState(id=4630946950956839809 isFirstDisplay=true state changed:OFF->DOZE) t-Name=PhotonicModulator
08-03 12:37:15.795 I/DisplayDeviceRepository( 1802): Display device changed state: "Ð’ÑÑ‚Ñ€Ð¾ÐµÐ½Ð½Ñ‹Ð¹ ÑÐºÑ€Ð°Ð½", DOZE
08-03 12:37:15.795 D/LogicalDisplayExt( 1802): set displayInfo flag FLAG_ROTATES_WITH_CONTENT
08-03 12:37:15.796 D/DisplayManagerServiceExtImpl( 1802): scheduleTraversalLocked intraversal=false
08-03 12:37:15.796 I/DisplayManagerServiceExtImpl( 1802): handle logical display changed logicalDisplay=id=0,stack=0,content=true,displayInfo{stack=0,type=1,id=0,uId=local:4630946950956839809,state=DOZE,pkg=null}
08-03 12:37:15.796 D/DisplayManagerService( 1802): Delivering display event: displayId=0, event=2
08-03 12:37:15.796 I/WallpaperManagerServiceExt( 1802): removeDisplayData. displayId = 0
08-03 12:37:15.797 D/DisplayManagerService( 1802): Ignore redundant display event 0/2 to 11232/6653
08-03 12:37:15.797 D/DisplayManagerService( 1802): Ignore redundant display event 0/2 to 10359/7091
08-03 12:37:15.797 D/DisplayManagerService( 1802): Ignore redundant display event 0/2 to 10151/10786
08-03 12:37:15.797 D/DisplayManagerService( 1802): Ignore redundant display event 0/2 to 10773/11291
08-03 12:37:15.797 D/DisplayManagerService( 1802): Ignore redundant display event 0/2 to 10466/11448
08-03 12:37:15.797 D/DisplayManagerService( 1802): MSG_REQUEST_TRAVERSAL pendingCompleted=false
08-03 12:37:15.797 V/UsbDeviceManager( 1802): onKeyguardStateChanged: isShowing:false secure:true user:0
08-03 12:37:15.797 I/DisplayManagerService( 1802): Comparing display specs: baseModeId=2 allowGroupSwitching=false primary=physical: (0.0 Infinity) render:  (0.0 120.00001) appRequest=physical: (0.0 Infinity) render:  (0.0 120.00001), existing: baseModeId=2 allowGroupSwitching=false primary=physical: (0.0 Infinity) render:  (0.0 120.00001) appRequest=physical: (0.0 Infinity) render:  (0.0 120.00001)
08-03 12:37:15.800 D/DisplayManagerService( 1802): performTraversalInternal pendingTraversal
08-03 12:37:15.800 D/DisplayDevice( 1802): setLayerStackLocked id=local:4630946950956839809 token=android.os.BinderProxy@bea5abe stack=-1->0
08-03 12:37:15.800 I/DisplayDevice( 1802): [0] Layerstack set to 0 for local:4630946950956839809
08-03 12:37:15.802 D/OplusVFXScreenEffectFeature( 1802): notifySFCompatWindowStateChange entered false
08-03 12:37:15.802 D/FlexibleWindowManager( 1802): physicalDisplayChangedForFlexibleWindow displayId 0, current display info 1080 x 2400, new display info 1080 x 2400
08-03 12:37:15.802 D/FlexibleTaskController( 1802): onDisplayChanged displayId#0 ,cur:1080x2400 ,new:1080x2400
08-03 12:37:15.802 D/FlexibleTaskController( 1802): onDisplayChanged displayId not support flexible.
08-03 12:37:15.802 D/FlexibleWindowManager( 1802): physicalDisplayChangedForFlexibleWindow return for unsupported devices
08-03 12:37:15.821 D/OplusFeatureHDREnhanceBrightness( 1802): setAnimating : displayId[0]=false
08-03 12:37:15.821 D/OplusFeatureReduceBrightness( 1802): setAnimating : animating = false
08-03 12:37:15.821 D/OplusFeatureEdrEnhanceBrightness( 1802): setAnimating: false
08-03 12:37:15.821 D/OplusFeaturePwEdrEnhanceBrightness( 1802): setAnimating: false
08-03 12:37:15.821 D/OplusSmartBrightnessController( 1802): add for debug Aod brightness set 1.0
08-03 12:37:15.828 D/OplusUserManagerServiceEnhance( 1802): getMultiSystemUserId  res = -10000
08-03 12:37:15.833 D/OplusUserManagerServiceEnhance( 1802): getMultiSystemUserId  res = -10000
08-03 12:37:15.843 I/OplusZoomWindowRUSConfigManager( 1802): getConfigList type = 3
08-03 12:37:15.843 I/OplusZoomWindowRUSConfigManager( 1802): filterListWithLimitPolicy: type = 3
08-03 12:37:15.843 I/OplusZoomWindowRUSConfigManager( 1802): pkgList = [com.tencent.mm, com.tencent.mobileqq, com.android.mms, com.whatsapp, jp.naver.line.android, com.zing.zalo]
08-03 12:37:15.865 D/WindowManagerServiceExtImpl( 1802): extractConfigInfoAndRealFlags rotation=0, screenDp=720, win=Window{9b974fd u0 NotificationShade}
08-03 12:37:15.865 V/WindowManager( 1802): Relayout Window{9b974fd u0 NotificationShade}: viewVisibility=0, oldvis=4, req=1080x2400, vsysui=LIGHT_STATUS_BAR LIGHT_NAVIGATION_BAR
08-03 12:37:15.865 I/WindowManager( 1802): Window{9b974fd u0 NotificationShade} state from NO_SURFACE to DRAW_PENDING; reason: resetDrawState
08-03 12:37:15.869 W/VRI[NotificationShade]( 3634): updateBlastSurfaceIfNeeded, surfaceSize:Point(1080, 2400), lastSurfaceSize:Point(1080, 2400), format:-3, blastBufferQueue:null
08-03 12:37:15.931 I/WindowManager( 1802): Window{9b974fd u0 NotificationShade} state from DRAW_PENDING to COMMIT_DRAW_PENDING; reason: finishDrawingLocked
08-03 12:37:15.932 I/WindowManager( 1802): Window{9b974fd u0 NotificationShade} state from COMMIT_DRAW_PENDING to READY_TO_SHOW; reason: commitFinishDrawingLocked
08-03 12:37:15.932 I/WindowManager( 1802): Window{9b974fd u0 NotificationShade} state from READY_TO_SHOW to HAS_DRAWN; reason: performShowLocked
08-03 12:37:15.957 I/DisplayDeviceRepository( 1802): Display device changed state: "Ð’ÑÑ‚Ñ€Ð¾ÐµÐ½Ð½Ñ‹Ð¹ ÑÐºÑ€Ð°Ð½", DOZE
08-03 12:37:15.957 D/LogicalDisplayExt( 1802): set displayInfo flag FLAG_ROTATES_WITH_CONTENT
08-03 12:37:15.959 D/DisplayManagerServiceExtImpl( 1802): scheduleTraversalLocked intraversal=false
08-03 12:37:15.959 I/DisplayManagerServiceExtImpl( 1802): handle logical display changed logicalDisplay=id=0,stack=0,content=true,displayInfo{stack=0,type=1,id=0,uId=local:4630946950956839809,state=DOZE,pkg=null}
08-03 12:37:15.959 D/DisplayManagerService( 1802): Delivering display event: displayId=0, event=2
08-03 12:37:15.961 I/WallpaperManagerServiceExt( 1802): removeDisplayData. displayId = 0
08-03 12:37:15.962 D/OplusVFXScreenEffectFeature( 1802): notifySFCompatWindowStateChange entered false
08-03 12:37:15.962 D/FlexibleWindowManager( 1802): physicalDisplayChangedForFlexibleWindow displayId 0, current display info 1080 x 2400, new display info 1080 x 2400
08-03 12:37:15.962 D/FlexibleTaskController( 1802): onDisplayChanged displayId#0 ,cur:1080x2400 ,new:1080x2400
08-03 12:37:15.962 D/FlexibleTaskController( 1802): onDisplayChanged displayId not support flexible.
08-03 12:37:15.962 D/FlexibleWindowManager( 1802): physicalDisplayChangedForFlexibleWindow return for unsupported devices
08-03 12:37:15.963 D/DisplayManagerService( 1802): performTraversalInternal pendingTraversal
08-03 12:37:15.963 D/DisplayDevice( 1802): setLayerStackLocked id=local:4630946950956839809 token=android.os.BinderProxy@bea5abe stack=0->0
08-03 12:37:15.963 D/DisplayManagerService( 1802): Ignore redundant display event 0/2 to 11232/6653
08-03 12:37:15.964 W/OplusSmartBrightnessController( 1802): multi-display change brightness:1->16
08-03 12:37:15.964 D/OplusSmartBrightnessController( 1802): brightness(primary) = 1, brightness color = 1.0, brightness nit = 2.2613895,id:4630946950956839809 provider=false,verbose[auto=true,dragging=false,lowAnimating=false,hdrAnimating=false,needUpdate=true,window=false,dolbyRecord=false,edrEnhance=false,cover=false,isFirst=true,onlyOne=false,isDragAnimating=false,noAnim=false,state=DOZE]
08-03 12:37:15.965 D/OplusSmartBrightnessController( 1802): add for debug Aod brightness set 1.0
08-03 12:37:15.966 D/DisplayManagerService( 1802): Ignore redundant display event 0/2 to 10359/7091
08-03 12:37:15.966 D/DisplayManagerService( 1802): Ignore redundant display event 0/2 to 10151/10786
08-03 12:37:15.966 D/DisplayManagerService( 1802): Ignore redundant display event 0/2 to 10773/11291
08-03 12:37:15.966 D/DisplayManagerService( 1802): Ignore redundant display event 0/2 to 10466/11448
08-03 12:37:15.966 D/DisplayManagerService( 1802): Ignore redundant display event 0/2 to 10167/11898
08-03 12:37:15.966 D/DisplayManagerService( 1802): MSG_REQUEST_TRAVERSAL pendingCompleted=false
08-03 12:37:15.968 I/DisplayManagerService( 1802): Comparing display specs: baseModeId=2 allowGroupSwitching=false primary=physical: (0.0 Infinity) render:  (0.0 120.00001) appRequest=physical: (0.0 Infinity) render:  (0.0 120.00001), existing: baseModeId=2 allowGroupSwitching=false primary=physical: (0.0 Infinity) render:  (0.0 120.00001) appRequest=physical: (0.0 Infinity) render:  (0.0 120.00001)
08-03 12:37:15.982 V/WindowManager( 1802): Changing focus from null to Window{31d9a56 u0 OplusChargeAnimationView},diplayid=0
08-03 12:37:15.983 I/WindowManager( 1802): addWindow: New client android.os.BinderProxy@f657a18 : window=Window{31d9a56 u0 OplusChargeAnimationView}
08-03 12:37:16.005 W/VRI[NotificationShade]( 3634): updateBlastSurfaceIfNeeded, surfaceSize:Point(1080, 2400), lastSurfaceSize:Point(1080, 2400), format:-3, blastBufferQueue:android.graphics.BLASTBufferQueue@e7623eb
08-03 12:37:16.005 D/WindowManagerServiceExtImpl( 1802): extractConfigInfoAndRealFlags rotation=0, screenDp=720, win=Window{9b974fd u0 NotificationShade}
08-03 12:37:16.006 V/WindowManager( 1802): Relayout Window{9b974fd u0 NotificationShade}: viewVisibility=0, oldvis=0, req=1080x2400, vsysui=LIGHT_STATUS_BAR LIGHT_NAVIGATION_BAR
08-03 12:37:16.017 D/WindowManagerServiceExtImpl( 1802): extractConfigInfoAndRealFlags rotation=0, screenDp=360, win=Window{31d9a56 u0 OplusChargeAnimationView}
08-03 12:37:16.018 V/WindowManager( 1802): Relayout Window{31d9a56 u0 OplusChargeAnimationView}: viewVisibility=0, oldvis=0, req=1080x2400, vsysui=
08-03 12:37:16.018 I/WindowManager( 1802): Window{31d9a56 u0 OplusChargeAnimationView} state from NO_SURFACE to DRAW_PENDING; reason: resetDrawState
08-03 12:37:16.022 D/CoreBackPreview( 1802): Window{31d9a56 u0 OplusChargeAnimationView}: Setting back callback OnBackInvokedCallbackInfo{mCallback=android.window.IOnBackInvokedCallback$Stub$Proxy@5e28dcf, mPriority=0, mIsAnimationCallback=false}
08-03 12:37:16.023 W/VRI[OplusChargeAnimationView]( 3634): updateBlastSurfaceIfNeeded, surfaceSize:Point(1080, 2400), lastSurfaceSize:Point(0, 0), format:-3, blastBufferQueue:null
08-03 12:37:16.027 D/RefreshRate( 1802): overrideWindowRefreshRate win Window{31d9a56 u0 OplusChargeAnimationView}, refreshRateId 2
08-03 12:37:16.032 I/WindowManager( 1802): Window{31d9a56 u0 OplusChargeAnimationView} state from DRAW_PENDING to COMMIT_DRAW_PENDING; reason: finishDrawingLocked
08-03 12:37:16.034 I/WindowManager( 1802): Window{31d9a56 u0 OplusChargeAnimationView} state from COMMIT_DRAW_PENDING to READY_TO_SHOW; reason: commitFinishDrawingLocked
08-03 12:37:16.034 I/WindowManager( 1802): Window{31d9a56 u0 OplusChargeAnimationView} state from READY_TO_SHOW to HAS_DRAWN; reason: performShowLocked
08-03 12:37:16.067 D/CompatibilityChangeReporter( 1802): Compat change id reported: 135634846; UID 10351; state: DISABLED
08-03 12:37:16.067 D/CompatibilityChangeReporter( 1802): Compat change id reported: 177438394; UID 10351; state: DISABLED
08-03 12:37:16.067 D/CompatibilityChangeReporter( 1802): Compat change id reported: 135772972; UID 10351; state: DISABLED
08-03 12:37:16.067 D/CompatibilityChangeReporter( 1802): Compat change id reported: 135754954; UID 10351; state: ENABLED
08-03 12:37:16.067 D/CompatibilityChangeReporter( 1802): Compat change id reported: 143937733; UID 10351; state: ENABLED
08-03 12:37:16.079 I/ActivityManager( 1802): Start proc 13142:com.oplus.statistics.rom:cc/u0a351 for service {com.oplus.statistics.rom/com.oplus.dcc.cloudctl.CloudCtlService}
08-03 12:37:16.107 D/CompatibilityChangeReporter( 1802): Compat change id reported: 168419799; UID 10351; state: DISABLED
08-03 12:37:16.107 D/CompatibilityChangeReporter( 1802): Compat change id reported: 273564678; UID 10351; state: DISABLED
08-03 12:37:16.107 D/ActivityTaskManagerServiceExtImpl( 1802): preBindApplication record is null
08-03 12:37:16.109 D/CompatibilityChangeReporter( 1802): Compat change id reported: 261072174; UID 10351; state: ENABLED
08-03 12:37:16.118 D/CompatibilityChangeReporter( 1802): Compat change id reported: 170503758; UID 10351; state: ENABLED
08-03 12:37:16.119 I/DisplayManagerService( 1802): Comparing display specs: baseModeId=2 allowGroupSwitching=false primary=physical: (0.0 Infinity) render:  (0.0 120.00001) appRequest=physical: (0.0 Infinity) render:  (0.0 120.00001), existing: baseModeId=2 allowGroupSwitching=false primary=physical: (0.0 Infinity) render:  (0.0 120.00001) appRequest=physical: (0.0 Infinity) render:  (0.0 120.00001)
08-03 12:37:16.153 D/ResourcesManagerExtImpl(13142): applyConfigurationToAppResourcesLocked app.getDisplayId() return callback.displayId:-1
08-03 12:37:16.153 I/ActivityManager( 1802): Flag disabled. Ignoring finishAttachApplication from uid: 10351. pid: 13142
08-03 12:37:17.685 D/OplusFeatureAOD( 1802): key:1802 tmp:1
08-03 12:37:17.685 D/DisplayPowerController[0]( 1802): requestPowerState: policy=DOZE, useProximitySensor=false, screenBrightnessOverride=-1.0, useAutoBrightness=false, screenAutoBrightnessAdjustmentOverride=NaN, screenLowPowerBrightnessFactor=1.0, blockScreenOn=false, lowPowerMode=false, boostScreenBrightness=false, dozeScreenBrightness=NaN, dozeScreenState=DOZE_SUSPEND, waitForNegativeProximity=false displayReady=false pendingRequest=true
08-03 12:37:17.686 D/VRR [OPlusRefreshRateService]( 1802): handleScreenStateChange state: 4
08-03 12:37:17.686 D/DisplayManagerServiceExtImpl( 1802): request size(1,1),dpc=com.android.server.display.DisplayPowerController@2111a48 size(0,1),flags=0X200F,id(0,0,local:4630946950956839809),enable=true,ready=false,waitForNegativeProximity=false policy=DOZE,useProximitySensor=false,dozeState=DOZE_SUSPEND,screenBrightnessOverride=-1,000000,useAuto=false,lowPower=false,lowPowerFactor=1,000000
08-03 12:37:17.688 D/BackLightStat( 1802): setScreenState: state changed:DOZE->DOZE_SUSPEND
08-03 12:37:17.689 D/OplusSmartBrightnessController( 1802): add for debug Aod brightness set 1.0
08-03 12:37:17.689 D/DisplayPowerState[0]( 1802): Updating screen state: id=0, state=DOZE_SUSPEND, backlight=1.0, sdrBacklight=1.0
08-03 12:37:17.689 D/OplusSmartBrightnessController( 1802): requestDisplayState isFirstDisplay=true state=4 globalDisplayState=0x7
08-03 12:37:17.690 D/LocalDisplayAdapter( 1802): setDisplayState(id=4630946950956839809 isFirstDisplay=true state changed:DOZE->DOZE_SUSPEND) t-Name=PhotonicModulator
08-03 12:37:17.690 I/DisplayDeviceRepository( 1802): Display device changed state: "Ð’ÑÑ‚Ñ€Ð¾ÐµÐ½Ð½Ñ‹Ð¹ ÑÐºÑ€Ð°Ð½", DOZE_SUSPEND
08-03 12:37:17.690 D/LogicalDisplayExt( 1802): set displayInfo flag FLAG_ROTATES_WITH_CONTENT
08-03 12:37:17.691 D/DisplayManagerServiceExtImpl( 1802): scheduleTraversalLocked intraversal=false
08-03 12:37:17.691 I/DisplayManagerServiceExtImpl( 1802): handle logical display changed logicalDisplay=id=0,stack=0,content=true,displayInfo{stack=0,type=1,id=0,uId=local:4630946950956839809,state=DOZE_SUSPEND,pkg=null}
08-03 12:37:17.691 D/DisplayManagerService( 1802): Delivering display event: displayId=0, event=2
08-03 12:37:17.692 I/WallpaperManagerServiceExt( 1802): removeDisplayData. displayId = 0
08-03 12:37:17.693 D/DisplayManagerService( 1802): Ignore redundant display event 0/2 to 11232/6653
08-03 12:37:17.693 D/DisplayManagerService( 1802): Ignore redundant display event 0/2 to 10359/7091
08-03 12:37:17.693 D/DisplayManagerService( 1802): Ignore redundant display event 0/2 to 10151/10786
08-03 12:37:17.693 D/DisplayManagerService( 1802): Ignore redundant display event 0/2 to 10773/11291
08-03 12:37:17.693 D/DisplayManagerService( 1802): Ignore redundant display event 0/2 to 10466/11448
08-03 12:37:17.693 D/DisplayManagerService( 1802): Ignore redundant display event 0/2 to 10167/11898
08-03 12:37:17.693 D/DisplayManagerService( 1802): MSG_REQUEST_TRAVERSAL pendingCompleted=false
08-03 12:37:17.696 D/OplusVFXScreenEffectFeature( 1802): notifySFCompatWindowStateChange entered false
08-03 12:37:17.696 D/FlexibleWindowManager( 1802): physicalDisplayChangedForFlexibleWindow displayId 0, current display info 1080 x 2400, new display info 1080 x 2400
08-03 12:37:17.696 D/FlexibleTaskController( 1802): onDisplayChanged displayId#0 ,cur:1080x2400 ,new:1080x2400
08-03 12:37:17.696 D/FlexibleTaskController( 1802): onDisplayChanged displayId not support flexible.
08-03 12:37:17.696 D/FlexibleWindowManager( 1802): physicalDisplayChangedForFlexibleWindow return for unsupported devices
08-03 12:37:17.697 D/DisplayManagerService( 1802): performTraversalInternal pendingTraversal
08-03 12:37:17.697 D/DisplayDevice( 1802): setLayerStackLocked id=local:4630946950956839809 token=android.os.BinderProxy@bea5abe stack=0->0
08-03 12:37:17.699 I/DisplayManagerService( 1802): Comparing display specs: baseModeId=2 allowGroupSwitching=false primary=physical: (0.0 Infinity) render:  (0.0 120.00001) appRequest=physical: (0.0 Infinity) render:  (0.0 120.00001), existing: baseModeId=2 allowGroupSwitching=false primary=physical: (0.0 Infinity) render:  (0.0 120.00001) appRequest=physical: (0.0 Infinity) render:  (0.0 120.00001)
08-03 12:37:17.804 D/OplusSmartBrightnessController( 1802): add for debug Aod brightness set 1.0
08-03 12:37:17.804 I/DisplayDeviceRepository( 1802): Display device changed state: "Ð’ÑÑ‚Ñ€Ð¾ÐµÐ½Ð½Ñ‹Ð¹ ÑÐºÑ€Ð°Ð½", DOZE_SUSPEND
08-03 12:37:17.804 D/LogicalDisplayExt( 1802): set displayInfo flag FLAG_ROTATES_WITH_CONTENT
08-03 12:37:17.806 D/DisplayManagerServiceExtImpl( 1802): scheduleTraversalLocked intraversal=false
08-03 12:37:17.806 I/DisplayManagerServiceExtImpl( 1802): handle logical display changed logicalDisplay=id=0,stack=0,content=true,displayInfo{stack=0,type=1,id=0,uId=local:4630946950956839809,state=DOZE_SUSPEND,pkg=null}
08-03 12:37:17.806 D/DisplayManagerService( 1802): Delivering display event: displayId=0, event=2
08-03 12:37:17.806 I/WallpaperManagerServiceExt( 1802): removeDisplayData. displayId = 0
08-03 12:37:17.807 D/OplusVFXScreenEffectFeature( 1802): notifySFCompatWindowStateChange entered false
08-03 12:37:17.807 D/FlexibleWindowManager( 1802): physicalDisplayChangedForFlexibleWindow displayId 0, current display info 1080 x 2400, new display info 1080 x 2400
08-03 12:37:17.807 D/FlexibleTaskController( 1802): onDisplayChanged displayId#0 ,cur:1080x2400 ,new:1080x2400
08-03 12:37:17.807 D/FlexibleTaskController( 1802): onDisplayChanged displayId not support flexible.
08-03 12:37:17.807 D/FlexibleWindowManager( 1802): physicalDisplayChangedForFlexibleWindow return for unsupported devices
08-03 12:37:17.808 D/DisplayManagerService( 1802): performTraversalInternal pendingTraversal
08-03 12:37:17.808 D/DisplayDevice( 1802): setLayerStackLocked id=local:4630946950956839809 token=android.os.BinderProxy@bea5abe stack=0->0
08-03 12:37:17.809 D/DisplayManagerService( 1802): Ignore redundant display event 0/2 to 11232/6653
08-03 12:37:17.809 D/DisplayManagerService( 1802): Ignore redundant display event 0/2 to 10359/7091
08-03 12:37:17.809 D/DisplayManagerService( 1802): Ignore redundant display event 0/2 to 10151/10786
08-03 12:37:17.809 D/DisplayManagerService( 1802): Ignore redundant display event 0/2 to 10773/11291
08-03 12:37:17.809 D/DisplayManagerService( 1802): Ignore redundant display event 0/2 to 10466/11448
08-03 12:37:17.809 D/DisplayManagerService( 1802): Ignore redundant display event 0/2 to 10167/11898
08-03 12:37:17.809 D/DisplayManagerService( 1802): MSG_REQUEST_TRAVERSAL pendingCompleted=false
08-03 12:37:17.811 I/DisplayManagerService( 1802): Comparing display specs: baseModeId=2 allowGroupSwitching=false primary=physical: (0.0 Infinity) render:  (0.0 120.00001) appRequest=physical: (0.0 Infinity) render:  (0.0 120.00001), existing: baseModeId=2 allowGroupSwitching=false primary=physical: (0.0 Infinity) render:  (0.0 120.00001) appRequest=physical: (0.0 Infinity) render:  (0.0 120.00001)
08-03 12:37:19.510 D/OomAdjuster( 1802): Not killing cached processes
08-03 12:37:19.778 V/AlarmManager( 1802): sending alarm Alarm{62966c1 type 2 origWhen 149896 whenElapsed 149902 com.android.systemui} uid 10193 whenElapsed 149902 windowLength 0 maxWhenElapsed 149902 repeatInterval 0 action com.android.internal.policy.impl.PhoneWindowManager.DELAYED_KEYGUARD component null flags 0x9 procName com.android.systemui
08-03 12:37:19.793 E/OplusCustomizeRestrictionManagerService( 1802): isBiometricDisabled start
08-03 12:37:19.793 I/keystore2(  819): system/security/keystore2/src/authorization.rs:143 - on_lock_screen_event(r#LOCK, user_id=0, password.is_some()=false, unlocking_sids=Some([-8909777499643662325]))
08-03 12:37:19.794 I/keystore2(  819): system/security/keystore2/src/super_key.rs:930 - Locking screen bound for user 0 sids [-8909777499643662325]
08-03 12:37:19.796 E/OplusCustomizeRestrictionManagerService( 1802): isBiometricDisabled start
08-03 12:37:19.797 D/LockSettingsService( 1802): [getStrongAuthForUser]  userId = 0
08-03 12:37:19.797 D/BiometricUtils( 1802): isEncrypted: false isLockdown: false
08-03 12:37:19.799 D/BiometricScheduler/Fingerprint21( 1802): [Added] {[5] com.android.server.biometrics.sensors.fingerprint.hidl.FingerprintUpdateActiveUserClient, proto=1, owner=android, cookie=0, requestId=-1, userId=0}, new queue size: 1
08-03 12:37:19.799 D/BiometricScheduler/Fingerprint21( 1802): [Polled] {[5] com.android.server.biometrics.sensors.fingerprint.hidl.FingerprintUpdateActiveUserClient, proto=1, owner=android, cookie=0, requestId=-1, userId=0}, State: 0
08-03 12:37:19.799 D/BiometricScheduler/Fingerprint21( 1802): [Started] {[5] com.android.server.biometrics.sensors.fingerprint.hidl.FingerprintUpdateActiveUserClient, proto=1, owner=android, cookie=0, requestId=-1, userId=0}
08-03 12:37:19.799 D/FingerprintUpdateActiveUserClient( 1802): Already user: com.android.server.biometrics.sensors.fingerprint.hidl.Fingerprint21$$ExternalSyntheticLambda1@4cf5af2, returning
08-03 12:37:19.799 D/BiometricSchedulerOperation( 1802): [Finished / destroy]: {[5] com.android.server.biometrics.sensors.fingerprint.hidl.FingerprintUpdateActiveUserClient, proto=1, owner=android, cookie=0, requestId=-1, userId=0}
08-03 12:37:19.799 V/BiometricSchedulerOperation( 1802): started: {[5] com.android.server.biometrics.sensors.fingerprint.hidl.FingerprintUpdateActiveUserClient, proto=1, owner=android, cookie=0, requestId=-1, userId=0}, State: 5
08-03 12:37:19.804 D/DeviceStateProviderImpl( 1802): keyguard show or sleep: true mLastReportedState 0
08-03 12:37:19.805 D/BiometricScheduler/Fingerprint21( 1802): [Added] {[6] com.android.server.biometrics.sensors.fingerprint.hidl.FingerprintAuthenticationClient, proto=3, owner=com.android.systemui, cookie=0, requestId=1, userId=0}, new queue size: 1
08-03 12:37:19.805 V/BiometricScheduler/Fingerprint21( 1802): Not idle, current operation: {[5] com.android.server.biometrics.sensors.fingerprint.hidl.FingerprintUpdateActiveUserClient, proto=1, owner=android, cookie=0, requestId=-1, userId=0}, State: 5
08-03 12:37:19.805 D/BiometricScheduler/Fingerprint21( 1802): [Finishing] {[5] com.android.server.biometrics.sensors.fingerprint.hidl.FingerprintUpdateActiveUserClient, proto=1, owner=android, cookie=0, requestId=-1, userId=0}, success: true
08-03 12:37:19.805 D/BiometricScheduler/Fingerprint21( 1802): [Polled] {[6] com.android.server.biometrics.sensors.fingerprint.hidl.FingerprintAuthenticationClient, proto=3, owner=com.android.systemui, cookie=0, requestId=1, userId=0}, State: 0
08-03 12:37:19.805 D/GestureAvailabilityTracker( 1802): Notifying gesture availability, active=false
08-03 12:37:19.805 D/BiometricScheduler/Fingerprint21( 1802): [Started] {[6] com.android.server.biometrics.sensors.fingerprint.hidl.FingerprintAuthenticationClient, proto=3, owner=com.android.systemui, cookie=0, requestId=1, userId=0}
08-03 12:37:19.805 D/BiometricStateCallback( 1802): State updated from 0 to 2, client {[6] com.android.server.biometrics.sensors.fingerprint.hidl.FingerprintAuthenticationClient, proto=3, owner=com.android.systemui, cookie=0, requestId=1, userId=0}
08-03 12:37:19.806 D/Biometrics/AuthenticationClient( 1802): Requesting auth for com.android.systemui
08-03 12:37:19.807 D/OplusInterceptLockScreenWindow( 1802): starting IOplusLockScreenCallbacks service...
08-03 12:37:19.807 V/KeyguardStatusViewController( 3634): refresh statusview visible:true
08-03 12:37:19.808 V/UsbDeviceManager( 1802): onKeyguardStateChanged: isShowing:true secure:true user:0
08-03 12:37:19.809 D/vold    (  790): Cannot find key for 0
08-03 12:37:19.809 D/vold    (  790): Cannot find key for 0
08-03 12:37:19.809 I/vold    (  790): evict_sensitive_key: 1,sensitiveType=0
08-03 12:37:19.809 I/vold    (  790): evict_sensitive_key: 1
08-03 12:37:19.809 D/vold    (  790): Cannot find key for 0
08-03 12:37:19.809 D/vold    (  790): Cannot find key for 0
08-03 12:37:19.809 I/vold    (  790): evict_sensitive_key: 1,sensitiveType=1
08-03 12:37:19.809 I/vold    (  790): evict_sensitive_key: 1
08-03 12:37:19.810 E/OplusStorageManagerFeature( 1802): clear Ae Be key
08-03 12:37:19.810 D/Biometrics/Fingerprint/UdfpsHelperExtImpl( 1802): preShowUdfpsOverlay sensor:0 reason:4
08-03 12:37:19.817 D/OplusUserManagerServiceEnhance( 1802): getMultiSystemUserId  res = -10000
08-03 12:37:19.818 I/StatusBarManagerService( 1802): disableLocked, what:1000000, pkg:com.android.systemui userId: 0 token:android.os.BinderProxy@64aeae8 net1:1000000 net2:0
08-03 12:37:19.820 D/LockSettingsService( 1802): [scheduleNonStrongBiometricIdleTimeout]  userId = 0
08-03 12:37:19.820 D/PowerManagerService( 1802): userActivityNoUpdateLocked: groupId=0, eventTime=149944, event=other, flags=0x0, uid=10193
08-03 12:37:19.826 V/BiometricSchedulerOperation( 1802): started: {[6] com.android.server.biometrics.sensors.fingerprint.hidl.FingerprintAuthenticationClient, proto=3, owner=com.android.systemui, cookie=0, requestId=1, userId=0}, State: 2
08-03 12:37:19.826 V/BiometricLogger( 1802): Acquired! Modality: 1, User: 0, IsCrypto: false, Action: 2, Client: 1, AcquiredInfo: 6, VendorCode: 101
08-03 12:37:19.826 V/Biometrics/AcquisitionClient( 1802): Acquired: 6 101, shouldSend: true
08-03 12:37:19.826 W/VRI[NotificationShade]( 3634): updateBlastSurfaceIfNeeded, surfaceSize:Point(1080, 2400), lastSurfaceSize:Point(1080, 2400), format:-3, blastBufferQueue:android.graphics.BLASTBufferQueue@e7623eb
08-03 12:37:19.826 D/WindowManagerServiceExtImpl( 1802): extractConfigInfoAndRealFlags rotation=0, screenDp=720, win=Window{9b974fd u0 NotificationShade}
08-03 12:37:19.827 V/WindowManager( 1802): Relayout Window{9b974fd u0 NotificationShade}: viewVisibility=0, oldvis=0, req=1080x2400, vsysui=LIGHT_STATUS_BAR LIGHT_NAVIGATION_BAR
08-03 12:37:19.838 I/WindowManager( 1802): addWindow: New client android.os.BinderProxy@2813084 : window=Window{322d0f0 u0 OnScreenFingerprintIcon}
08-03 12:37:19.842 D/SystemServerTiming( 1802): getUserSwitchability-0
08-03 12:37:19.842 D/SystemServerTiming( 1802): TM.isInCall
08-03 12:37:19.842 D/SystemServerTiming( 1802): hasUserRestriction-DISALLOW_USER_SWITCH
08-03 12:37:19.842 D/SystemServerTiming( 1802): getInt-ALLOW_USER_SWITCHING_WHEN_SYSTEM_USER_LOCKED
08-03 12:37:19.842 D/SystemServerTiming( 1802): isUserUnlocked-USER_SYSTEM
08-03 12:37:19.845 I/WindowManager( 1802): addWindow: New client android.os.BinderProxy@6b428ee : window=Window{ea9e025 u0 OnScreenFingerprintPressedIcon}
08-03 12:37:19.880 V/WindowManager( 1802): Relayout Window{414ad7e u0 NavigationBar_displayId_0}: viewVisibility=0, oldvis=0, req=1080x132, vsysui=
08-03 12:37:19.880 W/FingerprintManager( 3634): Invalid acquired message: 6, 101
08-03 12:37:19.937 D/CoreBackPreview( 1802): Window{322d0f0 u0 OnScreenFingerprintIcon}: Setting back callback OnBackInvokedCallbackInfo{mCallback=android.window.IOnBackInvokedCallback$Stub$Proxy@cbd59a1, mPriority=0, mIsAnimationCallback=false}
08-03 12:37:19.938 V/WindowManager( 1802): Relayout Window{322d0f0 u0 OnScreenFingerprintIcon}: viewVisibility=0, oldvis=8, req=1080x1080, vsysui=
08-03 12:37:19.938 I/WindowManager( 1802): Window{322d0f0 u0 OnScreenFingerprintIcon} state from NO_SURFACE to DRAW_PENDING; reason: resetDrawState
08-03 12:37:19.940 D/OplusFeatureAOD( 1802): key:1802 tmp:3
08-03 12:37:19.940 D/DisplayPowerController[0]( 1802): requestPowerState: policy=DOZE, useProximitySensor=false, screenBrightnessOverride=-1.0, useAutoBrightness=false, screenAutoBrightnessAdjustmentOverride=NaN, screenLowPowerBrightnessFactor=1.0, blockScreenOn=false, lowPowerMode=false, boostScreenBrightness=false, dozeScreenBrightness=NaN, dozeScreenState=DOZE, waitForNegativeProximity=false displayReady=false pendingRequest=true
08-03 12:37:19.940 D/VRR [OPlusRefreshRateService]( 1802): handleScreenStateChange state: 3
08-03 12:37:19.940 D/DisplayManagerServiceExtImpl( 1802): request size(1,1),dpc=com.android.server.display.DisplayPowerController@2111a48 size(0,1),flags=0X200F,id(0,0,local:4630946950956839809),enable=true,ready=false,waitForNegativeProximity=false policy=DOZE,useProximitySensor=false,dozeState=DOZE,screenBrightnessOverride=-1,000000,useAuto=false,lowPower=false,lowPowerFactor=1,000000
08-03 12:37:19.941 D/BackLightStat( 1802): setScreenState: state changed:DOZE_SUSPEND->DOZE
08-03 12:37:19.942 D/OplusSmartBrightnessController( 1802): add for debug Aod brightness set 1.0
08-03 12:37:19.942 D/DisplayPowerState[0]( 1802): Updating screen state: id=0, state=DOZE, backlight=1.0, sdrBacklight=1.0
08-03 12:37:19.942 D/OplusSmartBrightnessController( 1802): requestDisplayState isFirstDisplay=true state=3 globalDisplayState=0x7
08-03 12:37:19.942 D/LocalDisplayAdapter( 1802): setDisplayState(id=4630946950956839809 isFirstDisplay=true state changed:DOZE_SUSPEND->DOZE) t-Name=PhotonicModulator
08-03 12:37:19.944 I/DisplayDeviceRepository( 1802): Display device changed state: "Ð’ÑÑ‚Ñ€Ð¾ÐµÐ½Ð½Ñ‹Ð¹ ÑÐºÑ€Ð°Ð½", DOZE
08-03 12:37:19.944 D/LogicalDisplayExt( 1802): set displayInfo flag FLAG_ROTATES_WITH_CONTENT
08-03 12:37:19.947 D/DisplayManagerServiceExtImpl( 1802): scheduleTraversalLocked intraversal=false
08-03 12:37:19.947 I/DisplayManagerServiceExtImpl( 1802): handle logical display changed logicalDisplay=id=0,stack=0,content=true,displayInfo{stack=0,type=1,id=0,uId=local:4630946950956839809,state=DOZE,pkg=null}
08-03 12:37:19.947 D/DisplayManagerService( 1802): Delivering display event: displayId=0, event=2
08-03 12:37:19.947 D/DisplayManagerService( 1802): performTraversalInternal pendingTraversal
08-03 12:37:19.947 D/DisplayDevice( 1802): setLayerStackLocked id=local:4630946950956839809 token=android.os.BinderProxy@bea5abe stack=0->0
08-03 12:37:19.947 D/DisplayManagerService( 1802): Ignore redundant display event 0/2 to 11232/6653
08-03 12:37:19.947 D/DisplayManagerService( 1802): Ignore redundant display event 0/2 to 10359/7091
08-03 12:37:19.947 I/WallpaperManagerServiceExt( 1802): removeDisplayData. displayId = 0
08-03 12:37:19.948 D/DisplayManagerService( 1802): Ignore redundant display event 0/2 to 10151/10786
08-03 12:37:19.948 D/DisplayManagerService( 1802): Ignore redundant display event 0/2 to 10773/11291
08-03 12:37:19.948 D/DisplayManagerService( 1802): Ignore redundant display event 0/2 to 10466/11448
08-03 12:37:19.948 D/DisplayManagerService( 1802): Ignore redundant display event 0/2 to 10167/11898
08-03 12:37:19.948 D/DisplayManagerService( 1802): MSG_REQUEST_TRAVERSAL pendingCompleted=false
08-03 12:37:19.949 D/OplusSmartBrightnessController( 1802): add for debug Aod brightness set 1.0
08-03 12:37:19.953 I/DisplayManagerService( 1802): Comparing display specs: baseModeId=2 allowGroupSwitching=false primary=physical: (0.0 Infinity) render:  (0.0 120.00001) appRequest=physical: (0.0 Infinity) render:  (0.0 120.00001), existing: baseModeId=2 allowGroupSwitching=false primary=physical: (0.0 Infinity) render:  (0.0 120.00001) appRequest=physical: (0.0 Infinity) render:  (0.0 120.00001)
08-03 12:37:19.953 I/DisplayDeviceRepository( 1802): Display device changed state: "Ð’ÑÑ‚Ñ€Ð¾ÐµÐ½Ð½Ñ‹Ð¹ ÑÐºÑ€Ð°Ð½", DOZE
08-03 12:37:19.953 D/LogicalDisplayExt( 1802): set displayInfo flag FLAG_ROTATES_WITH_CONTENT
08-03 12:37:19.954 D/DisplayManagerServiceExtImpl( 1802): scheduleTraversalLocked intraversal=false
08-03 12:37:19.955 I/DisplayManagerServiceExtImpl( 1802): handle logical display changed logicalDisplay=id=0,stack=0,content=true,displayInfo{stack=0,type=1,id=0,uId=local:4630946950956839809,state=DOZE,pkg=null}
08-03 12:37:19.956 D/OplusVFXScreenEffectFeature( 1802): notifySFCompatWindowStateChange entered false
08-03 12:37:19.956 D/FlexibleWindowManager( 1802): physicalDisplayChangedForFlexibleWindow displayId 0, current display info 1080 x 2400, new display info 1080 x 2400
08-03 12:37:19.956 D/FlexibleTaskController( 1802): onDisplayChanged displayId#0 ,cur:1080x2400 ,new:1080x2400
08-03 12:37:19.956 D/FlexibleTaskController( 1802): onDisplayChanged displayId not support flexible.
08-03 12:37:19.956 D/FlexibleWindowManager( 1802): physicalDisplayChangedForFlexibleWindow return for unsupported devices
08-03 12:37:19.957 D/DisplayManagerService( 1802): Delivering display event: displayId=0, event=2
08-03 12:37:19.957 I/WallpaperManagerServiceExt( 1802): removeDisplayData. displayId = 0
08-03 12:37:19.957 D/DisplayManagerService( 1802): Ignore redundant display event 0/2 to 11232/6653
08-03 12:37:19.957 D/DisplayManagerService( 1802): Ignore redundant display event 0/2 to 10359/7091
08-03 12:37:19.957 D/DisplayManagerService( 1802): performTraversalInternal pendingTraversal
08-03 12:37:19.957 D/DisplayManagerService( 1802): Ignore redundant display event 0/2 to 10151/10786
08-03 12:37:19.957 D/DisplayManagerService( 1802): Ignore redundant display event 0/2 to 10773/11291
08-03 12:37:19.957 D/DisplayDevice( 1802): setLayerStackLocked id=local:4630946950956839809 token=android.os.BinderProxy@bea5abe stack=0->0
08-03 12:37:19.959 D/DisplayManagerService( 1802): Ignore redundant display event 0/2 to 10466/11448
08-03 12:37:19.963 D/OplusVFXScreenEffectFeature( 1802): notifySFCompatWindowStateChange entered false
08-03 12:37:19.963 D/FlexibleWindowManager( 1802): physicalDisplayChangedForFlexibleWindow displayId 0, current display info 1080 x 2400, new display info 1080 x 2400
08-03 12:37:19.963 D/FlexibleTaskController( 1802): onDisplayChanged displayId#0 ,cur:1080x2400 ,new:1080x2400
08-03 12:37:19.963 D/FlexibleTaskController( 1802): onDisplayChanged displayId not support flexible.
08-03 12:37:19.963 D/FlexibleWindowManager( 1802): physicalDisplayChangedForFlexibleWindow return for unsupported devices
08-03 12:37:19.963 D/DisplayManagerService( 1802): Ignore redundant display event 0/2 to 10167/11898
08-03 12:37:19.963 D/DisplayManagerService( 1802): MSG_REQUEST_TRAVERSAL pendingCompleted=false
08-03 12:37:19.967 I/DisplayManagerService( 1802): Comparing display specs: baseModeId=2 allowGroupSwitching=false primary=physical: (0.0 Infinity) render:  (0.0 120.00001) appRequest=physical: (0.0 Infinity) render:  (0.0 120.00001), existing: baseModeId=2 allowGroupSwitching=false primary=physical: (0.0 Infinity) render:  (0.0 120.00001) appRequest=physical: (0.0 Infinity) render:  (0.0 120.00001)
08-03 12:37:19.982 V/WindowManager( 1802): Relayout Window{ea9e025 u0 OnScreenFingerprintPressedIcon}: viewVisibility=0, oldvis=8, req=190x190, vsysui=
08-03 12:37:19.982 I/WindowManager( 1802): Window{ea9e025 u0 OnScreenFingerprintPressedIcon} state from NO_SURFACE to DRAW_PENDING; reason: resetDrawState
08-03 12:37:19.989 I/WindowManager( 1802): Window{322d0f0 u0 OnScreenFingerprintIcon} state from DRAW_PENDING to COMMIT_DRAW_PENDING; reason: finishDrawingLocked
08-03 12:37:19.989 D/CoreBackPreview( 1802): Window{ea9e025 u0 OnScreenFingerprintPressedIcon}: Setting back callback OnBackInvokedCallbackInfo{mCallback=android.window.IOnBackInvokedCallback$Stub$Proxy@5b48c7f, mPriority=0, mIsAnimationCallback=false}
08-03 12:37:19.993 I/WindowManager( 1802): Window{322d0f0 u0 OnScreenFingerprintIcon} state from COMMIT_DRAW_PENDING to READY_TO_SHOW; reason: commitFinishDrawingLocked
08-03 12:37:19.993 I/WindowManager( 1802): Window{322d0f0 u0 OnScreenFingerprintIcon} state from READY_TO_SHOW to HAS_DRAWN; reason: performShowLocked
08-03 12:37:20.017 I/WindowManager( 1802): Window{ea9e025 u0 OnScreenFingerprintPressedIcon} state from DRAW_PENDING to COMMIT_DRAW_PENDING; reason: finishDrawingLocked
08-03 12:37:20.018 I/WindowManager( 1802): Window{ea9e025 u0 OnScreenFingerprintPressedIcon} state from COMMIT_DRAW_PENDING to READY_TO_SHOW; reason: commitFinishDrawingLocked
08-03 12:37:20.018 I/WindowManager( 1802): Window{ea9e025 u0 OnScreenFingerprintPressedIcon} state from READY_TO_SHOW to HAS_DRAWN; reason: performShowLocked
08-03 12:37:21.217 D/OplusFeatureAOD( 1802): key:1802 tmp:1
08-03 12:37:21.218 D/DisplayPowerController[0]( 1802): requestPowerState: policy=DOZE, useProximitySensor=false, screenBrightnessOverride=-1.0, useAutoBrightness=false, screenAutoBrightnessAdjustmentOverride=NaN, screenLowPowerBrightnessFactor=1.0, blockScreenOn=false, lowPowerMode=false, boostScreenBrightness=false, dozeScreenBrightness=NaN, dozeScreenState=DOZE_SUSPEND, waitForNegativeProximity=false displayReady=false pendingRequest=true
08-03 12:37:21.218 D/VRR [OPlusRefreshRateService]( 1802): handleScreenStateChange state: 4
08-03 12:37:21.218 D/DisplayManagerServiceExtImpl( 1802): request size(1,1),dpc=com.android.server.display.DisplayPowerController@2111a48 size(0,1),flags=0X200F,id(0,0,local:4630946950956839809),enable=true,ready=false,waitForNegativeProximity=false policy=DOZE,useProximitySensor=false,dozeState=DOZE_SUSPEND,screenBrightnessOverride=-1,000000,useAuto=false,lowPower=false,lowPowerFactor=1,000000
08-03 12:37:21.220 D/BackLightStat( 1802): setScreenState: state changed:DOZE->DOZE_SUSPEND
08-03 12:37:21.221 D/OplusSmartBrightnessController( 1802): add for debug Aod brightness set 1.0
08-03 12:37:21.222 D/DisplayPowerState[0]( 1802): Updating screen state: id=0, state=DOZE_SUSPEND, backlight=1.0, sdrBacklight=1.0
08-03 12:37:21.222 D/OplusSmartBrightnessController( 1802): requestDisplayState isFirstDisplay=true state=4 globalDisplayState=0x7
08-03 12:37:21.222 D/LocalDisplayAdapter( 1802): setDisplayState(id=4630946950956839809 isFirstDisplay=true state changed:DOZE->DOZE_SUSPEND) t-Name=PhotonicModulator
08-03 12:37:21.222 I/DisplayDeviceRepository( 1802): Display device changed state: "Ð’ÑÑ‚Ñ€Ð¾ÐµÐ½Ð½Ñ‹Ð¹ ÑÐºÑ€Ð°Ð½", DOZE_SUSPEND
08-03 12:37:21.222 D/LogicalDisplayExt( 1802): set displayInfo flag FLAG_ROTATES_WITH_CONTENT
08-03 12:37:21.224 D/DisplayManagerServiceExtImpl( 1802): scheduleTraversalLocked intraversal=false
08-03 12:37:21.224 I/DisplayManagerServiceExtImpl( 1802): handle logical display changed logicalDisplay=id=0,stack=0,content=true,displayInfo{stack=0,type=1,id=0,uId=local:4630946950956839809,state=DOZE_SUSPEND,pkg=null}
08-03 12:37:21.224 D/DisplayManagerService( 1802): Delivering display event: displayId=0, event=2
08-03 12:37:21.224 I/WallpaperManagerServiceExt( 1802): removeDisplayData. displayId = 0
08-03 12:37:21.225 D/DisplayManagerService( 1802): Ignore redundant display event 0/2 to 11232/6653
08-03 12:37:21.225 D/DisplayManagerService( 1802): Ignore redundant display event 0/2 to 10359/7091
08-03 12:37:21.225 D/DisplayManagerService( 1802): Ignore redundant display event 0/2 to 10151/10786
08-03 12:37:21.225 D/DisplayManagerService( 1802): Ignore redundant display event 0/2 to 10773/11291
08-03 12:37:21.225 D/DisplayManagerService( 1802): Ignore redundant display event 0/2 to 10466/11448
08-03 12:37:21.225 D/DisplayManagerService( 1802): Ignore redundant display event 0/2 to 10167/11898
08-03 12:37:21.225 D/DisplayManagerService( 1802): MSG_REQUEST_TRAVERSAL pendingCompleted=false
08-03 12:37:21.229 D/OplusVFXScreenEffectFeature( 1802): notifySFCompatWindowStateChange entered false
