08-03 12:40:21.949 D/CompatibilityChangeReporter( 1802): Compat change id reported: 218533173; UID 10087; state: DISABLED
08-03 12:40:21.949 D/CompatibilityChangeReporter( 1802): Compat change id reported: 262645982; UID 10087; state: DISABLED
08-03 12:40:21.949 I/PackageWatchdog( 1802): Syncing health check requests for packages: {}
08-03 12:40:21.949 I/ExplicitHealthCheckController( 1802): Service not ready to get health check supported packages. Binding...
08-03 12:40:21.949 I/ExplicitHealthCheckController( 1802): Not binding to service, service already connecting
08-03 12:40:21.949 I/ExplicitHealthCheckController( 1802): Explicit health check service is connected ComponentInfo{com.google.android.ext.services/android.ext.services.watchdog.ExplicitHealthCheckServiceImpl}
08-03 12:40:21.950 I/ExplicitHealthCheckController( 1802): Service initialized, syncing requests
08-03 12:40:21.950 D/CompatibilityChangeReporter( 1802): Compat change id reported: 218533173; UID 10057; state: ENABLED
08-03 12:40:21.950 I/PackageWatchdog( 1802): Syncing health check requests for packages: {}
08-03 12:40:21.950 D/ExplicitHealthCheckController( 1802): Getting health check supported packages
08-03 12:40:21.950 I/ExplicitHealthCheckController( 1802): Explicit health check supported packages [PackageConfig{com.google.android.networkstack, 86400000}]
08-03 12:40:21.950 D/PackageWatchdog( 1802): Received supported packages [PackageConfig{com.google.android.networkstack, 86400000}]
08-03 12:40:21.951 D/ExplicitHealthCheckController( 1802): Getting health check requested packages
08-03 12:40:21.951 D/CompatibilityChangeReporter( 1802): Compat change id reported: 218533173; UID 10198; state: ENABLED
08-03 12:40:21.951 D/CompatibilityChangeReporter( 1802): Compat change id reported: 262645982; UID 10198; state: ENABLED
08-03 12:40:21.951 I/ExplicitHealthCheckController( 1802): Explicit health check requested packages []
08-03 12:40:21.951 I/ExplicitHealthCheckController( 1802): No more health check requests, unbinding...
08-03 12:40:21.952 D/CompatibilityChangeReporter( 1802): Compat change id reported: 218533173; UID 10144; state: ENABLED
08-03 12:40:21.952 D/CompatibilityChangeReporter( 1802): Compat change id reported: 262645982; UID 10144; state: ENABLED
08-03 12:40:21.952 D/CompatibilityChangeReporter( 1802): Compat change id reported: 218533173; UID 10773; state: ENABLED
08-03 12:40:21.952 D/CompatibilityChangeReporter( 1802): Compat change id reported: 262645982; UID 10773; state: ENABLED
08-03 12:40:21.952 D/CompatibilityChangeReporter( 1802): Compat change id reported: 218533173; UID 10448; state: ENABLED
08-03 12:40:21.952 D/CompatibilityChangeReporter( 1802): Compat change id reported: 262645982; UID 10448; state: ENABLED
08-03 12:40:21.953 I/ExplicitHealthCheckController( 1802): Explicit health check service is unbound
08-03 12:40:21.953 I/RescueParty( 1802): Starting to observe: [android, com.android.systemui], updated namespace: systemui
08-03 12:40:21.953 I/PackageWatchdog( 1802): Syncing state, reason: observing new packages
08-03 12:40:21.953 D/PackageWatchdog( 1802): rescue-party-observer added the following packages to monitor [android, com.android.systemui]
08-03 12:40:21.953 I/PackageWatchdog( 1802): Syncing state, reason: updated observers
08-03 12:40:21.953 I/PackageWatchdog( 1802): Not pruning observers, elapsed time: 0ms
08-03 12:40:21.954 I/PackageWatchdog( 1802): Saving observer state to file
08-03 12:40:21.954 D/CompatibilityChangeReporter( 1802): Compat change id reported: 218533173; UID 10427; state: ENABLED
08-03 12:40:21.954 D/CompatibilityChangeReporter( 1802): Compat change id reported: 262645982; UID 10427; state: ENABLED
08-03 12:40:21.954 D/CompatibilityChangeReporter( 1802): Compat change id reported: 218533173; UID 10043; state: ENABLED
08-03 12:40:21.954 D/CompatibilityChangeReporter( 1802): Compat change id reported: 262645982; UID 10043; state: ENABLED
08-03 12:40:21.954 D/CompatibilityChangeReporter( 1802): Compat change id reported: 218533173; UID 10386; state: ENABLED
08-03 12:40:21.954 D/CompatibilityChangeReporter( 1802): Compat change id reported: 262645982; UID 10386; state: ENABLED
08-03 12:40:21.954 D/CompatibilityChangeReporter( 1802): Compat change id reported: 218533173; UID 10008; state: ENABLED
08-03 12:40:21.954 D/CompatibilityChangeReporter( 1802): Compat change id reported: 262645982; UID 10008; state: ENABLED
08-03 12:40:21.955 D/CompatibilityChangeReporter( 1802): Compat change id reported: 218533173; UID 10030; state: ENABLED
08-03 12:40:21.955 D/CompatibilityChangeReporter( 1802): Compat change id reported: 262645982; UID 10030; state: ENABLED
08-03 12:40:21.955 D/CompatibilityChangeReporter( 1802): Compat change id reported: 218533173; UID 10180; state: ENABLED
08-03 12:40:21.955 D/CompatibilityChangeReporter( 1802): Compat change id reported: 262645982; UID 10180; state: ENABLED
08-03 12:40:21.956 D/CompatibilityChangeReporter( 1802): Compat change id reported: 218533173; UID 10115; state: ENABLED
08-03 12:40:21.956 D/CompatibilityChangeReporter( 1802): Compat change id reported: 262645982; UID 10115; state: DISABLED
08-03 12:40:21.956 D/CompatibilityChangeReporter( 1802): Compat change id reported: 218533173; UID 10534; state: ENABLED
08-03 12:40:21.956 D/CompatibilityChangeReporter( 1802): Compat change id reported: 262645982; UID 10534; state: ENABLED
08-03 12:40:21.957 D/CompatibilityChangeReporter( 1802): Compat change id reported: 218533173; UID 10270; state: ENABLED
08-03 12:40:21.957 D/CompatibilityChangeReporter( 1802): Compat change id reported: 262645982; UID 10270; state: ENABLED
08-03 12:40:21.957 D/CompatibilityChangeReporter( 1802): Compat change id reported: 218533173; UID 10234; state: ENABLED
08-03 12:40:21.957 D/CompatibilityChangeReporter( 1802): Compat change id reported: 262645982; UID 10234; state: ENABLED
08-03 12:40:21.957 I/PackageWatchdog( 1802): Syncing health check requests for packages: {}
08-03 12:40:21.957 I/ExplicitHealthCheckController( 1802): Service not ready to get health check supported packages. Binding...
08-03 12:40:21.958 I/ExplicitHealthCheckController( 1802): Explicit health check service is bound
08-03 12:40:21.959 D/CompatibilityChangeReporter( 1802): Compat change id reported: 218533173; UID 10181; state: ENABLED
08-03 12:40:21.959 I/RescueParty( 1802): Starting to observe: [android], updated namespace: media
08-03 12:40:21.959 D/CompatibilityChangeReporter( 1802): Compat change id reported: 262645982; UID 10181; state: ENABLED
08-03 12:40:21.959 I/PackageWatchdog( 1802): Syncing state, reason: observing new packages
08-03 12:40:21.959 D/CompatibilityChangeReporter( 1802): Compat change id reported: 218533173; UID 10137; state: ENABLED
08-03 12:40:21.959 D/CompatibilityChangeReporter( 1802): Compat change id reported: 262645982; UID 10137; state: ENABLED
08-03 12:40:21.959 D/PackageWatchdog( 1802): rescue-party-observer added the following packages to monitor [android]
08-03 12:40:21.959 I/PackageWatchdog( 1802): Syncing state, reason: updated observers
08-03 12:40:21.959 I/PackageWatchdog( 1802): Not pruning observers, elapsed time: 0ms
08-03 12:40:21.959 I/PackageWatchdog( 1802): Saving observer state to file
08-03 12:40:21.960 E/SettingsToPropertiesMapper( 1802): key=persist.device_config.configuration.AdbWritableFlags__adb_writable_flags_list value=adservices/disable_sdk_sandbox,adservices/enforce_broadcast_receiver_restrictions,adservices/fledge_ad_selection_enforce_foreground_status_custom_audience,adservices/fledge_custom_audience_max_count,adservices/fledge_custom_audience_max_num_ads,adservices/fledge_custom_audience_max_owner_count,adservices/fledge_custom_audience_per_app_max_count,adservices/fledge_js_isolate_enforce_max_heap_size,adservices/fledge_js_isolate_max_heap_size_bytes,adservices/sdk_request_permits_per_second,adservices/sdksandbox_customized_sdk_context_enabled,configuration/namespace_to_package_mapping,constrain_display_apis/always_constrain_display_apis,constrain_display_apis/never_constrain_display_apis,constrain_display_apis/never_constrain_display_apis_all_packages,device_policy_manager/disable_resources_updatability,flipendo/default_savings_mode_launch,flipendo/essential_apps,flipendo/flipendo_enabled_launch,flipendo/grayscale_enabled_launch,flipendo/lever_ble_scanning_enabled_launch,flipendo/lever_hotspot_enabled_launch,flipendo/lever_work_profile_enabled_launch,flipendo/resuspend_delay_minutes,namespace/key,namespace1/key1,namespace1/key2,namespace2/key1,namespace2/key2,package_manager_service/incfs_default_timeouts,package_manager_service/known_digesters_list,privacy/location_access_check_periodic_interval_millis,rollback/enable_rollback_timeout,rollback/watchdog_explicit_health_check_enabled,rollback/watchdog_request_timeout_millis,rollback/watchdog_trigger_failure_count,rollback/watchdog_trigger_failure_duration_millis,rollback_boot/rollback_lifetime_in_millis,systemui/nas_generate_actions,systemui/nas_generate_replies,systemui/nas_max_messages_to_extract,systemui/nas_max_suggestions,testspace/another,testspace/flagname,textclassifier/config_updater_model_enabled,textclassifier/key,textclassifier/key2,textclassifier/manifest_url_annotator_en,textclassifier/manifest_url_annotator_ru,textclassifier/model_download_backoff_delay_in_millis,textclassifier/model_download_manager_enabled,textclassifier/multi_language_support_enabled,textclassifier/testing_locale_list_override,textclassifier/textclassifier_service_package_override,window_manager/enable_default_rescind_bal_privileges_from_pending_intent_sender,wrong/nas_generate_replies, exceeds system property max length.
08-03 12:40:21.962 I/PackageWatchdog( 1802): Syncing health check requests for packages: {}
08-03 12:40:21.963 I/ExplicitHealthCheckController( 1802): Service not ready to get health check supported packages. Binding...
08-03 12:40:21.963 I/ExplicitHealthCheckController( 1802): Not binding to service, service already connecting
08-03 12:40:21.963 I/ExplicitHealthCheckController( 1802): Explicit health check service is connected ComponentInfo{com.google.android.ext.services/android.ext.services.watchdog.ExplicitHealthCheckServiceImpl}
08-03 12:40:21.963 I/ExplicitHealthCheckController( 1802): Service initialized, syncing requests
08-03 12:40:21.963 I/PackageWatchdog( 1802): Syncing health check requests for packages: {}
08-03 12:40:21.963 D/ExplicitHealthCheckController( 1802): Getting health check supported packages
08-03 12:40:21.963 I/ExplicitHealthCheckController( 1802): Explicit health check supported packages [PackageConfig{com.google.android.networkstack, 86400000}]
08-03 12:40:21.963 D/PackageWatchdog( 1802): Received supported packages [PackageConfig{com.google.android.networkstack, 86400000}]
08-03 12:40:21.963 D/ExplicitHealthCheckController( 1802): Getting health check requested packages
08-03 12:40:21.964 I/ExplicitHealthCheckController( 1802): Explicit health check requested packages []
08-03 12:40:21.964 I/ExplicitHealthCheckController( 1802): No more health check requests, unbinding...
08-03 12:40:21.964 I/ExplicitHealthCheckController( 1802): Explicit health check service is unbound
08-03 12:40:22.005 I/RescueParty( 1802): Starting to observe: [android], updated namespace: app_hibernation
08-03 12:40:22.005 I/PackageWatchdog( 1802): Syncing state, reason: observing new packages
08-03 12:40:22.006 D/PackageWatchdog( 1802): rescue-party-observer added the following packages to monitor [android]
08-03 12:40:22.006 D/AppHibernationService( 1802): App hibernation changed to enabled=true
08-03 12:40:22.006 I/PackageWatchdog( 1802): Syncing state, reason: updated observers
08-03 12:40:22.006 I/PackageWatchdog( 1802): Not pruning observers, elapsed time: 0ms
08-03 12:40:22.006 I/PackageWatchdog( 1802): Syncing health check requests for packages: {}
08-03 12:40:22.006 I/ExplicitHealthCheckController( 1802): Service not ready to get health check supported packages. Binding...
08-03 12:40:22.006 I/PackageWatchdog( 1802): Saving observer state to file
08-03 12:40:22.008 I/ExplicitHealthCheckController( 1802): Explicit health check service is bound
08-03 12:40:22.011 I/PackageWatchdog( 1802): Syncing health check requests for packages: {}
08-03 12:40:22.011 I/ExplicitHealthCheckController( 1802): Service not ready to get health check supported packages. Binding...
08-03 12:40:22.011 I/ExplicitHealthCheckController( 1802): Not binding to service, service already connecting
08-03 12:40:22.012 I/ExplicitHealthCheckController( 1802): Explicit health check service is connected ComponentInfo{com.google.android.ext.services/android.ext.services.watchdog.ExplicitHealthCheckServiceImpl}
08-03 12:40:22.012 I/ExplicitHealthCheckController( 1802): Service initialized, syncing requests
08-03 12:40:22.012 I/PackageWatchdog( 1802): Syncing health check requests for packages: {}
08-03 12:40:22.012 D/ExplicitHealthCheckController( 1802): Getting health check supported packages
08-03 12:40:22.012 I/ExplicitHealthCheckController( 1802): Explicit health check supported packages [PackageConfig{com.google.android.networkstack, 86400000}]
08-03 12:40:22.012 D/PackageWatchdog( 1802): Received supported packages [PackageConfig{com.google.android.networkstack, 86400000}]
08-03 12:40:22.012 D/ExplicitHealthCheckController( 1802): Getting health check requested packages
08-03 12:40:22.013 I/ExplicitHealthCheckController( 1802): Explicit health check requested packages []
08-03 12:40:22.013 I/ExplicitHealthCheckController( 1802): No more health check requests, unbinding...
08-03 12:40:22.013 I/ExplicitHealthCheckController( 1802): Explicit health check service is unbound
08-03 12:40:22.018 I/RescueParty( 1802): Starting to observe: [android, com.android.systemui], updated namespace: window_manager
08-03 12:40:22.018 I/PackageWatchdog( 1802): Syncing state, reason: observing new packages
08-03 12:40:22.018 D/PackageWatchdog( 1802): rescue-party-observer added the following packages to monitor [android, com.android.systemui]
08-03 12:40:22.019 I/PackageWatchdog( 1802): Syncing state, reason: updated observers
08-03 12:40:22.019 I/PackageWatchdog( 1802): Not pruning observers, elapsed time: 0ms
08-03 12:40:22.019 I/PackageWatchdog( 1802): Saving observer state to file
08-03 12:40:22.022 I/PackageWatchdog( 1802): Syncing health check requests for packages: {}
08-03 12:40:22.022 I/ExplicitHealthCheckController( 1802): Service not ready to get health check supported packages. Binding...
08-03 12:40:22.024 I/ExplicitHealthCheckController( 1802): Explicit health check service is bound
08-03 12:40:22.026 I/ExplicitHealthCheckController( 1802): Explicit health check service is connected ComponentInfo{com.google.android.ext.services/android.ext.services.watchdog.ExplicitHealthCheckServiceImpl}
08-03 12:40:22.026 I/ExplicitHealthCheckController( 1802): Service initialized, syncing requests
08-03 12:40:22.026 I/PackageWatchdog( 1802): Syncing health check requests for packages: {}
08-03 12:40:22.026 D/ExplicitHealthCheckController( 1802): Getting health check supported packages
08-03 12:40:22.027 I/ExplicitHealthCheckController( 1802): Explicit health check supported packages [PackageConfig{com.google.android.networkstack, 86400000}]
08-03 12:40:22.027 D/PackageWatchdog( 1802): Received supported packages [PackageConfig{com.google.android.networkstack, 86400000}]
08-03 12:40:22.027 D/ExplicitHealthCheckController( 1802): Getting health check requested packages
08-03 12:40:22.028 I/ExplicitHealthCheckController( 1802): Explicit health check requested packages []
08-03 12:40:22.028 I/ExplicitHealthCheckController( 1802): No more health check requests, unbinding...
08-03 12:40:22.029 I/ExplicitHealthCheckController( 1802): Explicit health check service is unbound
08-03 12:40:22.057 I/RescueParty( 1802): Starting to observe: [android, com.android.bluetooth], updated namespace: bluetooth
08-03 12:40:22.057 I/PackageWatchdog( 1802): Syncing state, reason: observing new packages
08-03 12:40:22.058 D/PackageWatchdog( 1802): rescue-party-observer added the following packages to monitor [android, com.android.bluetooth]
08-03 12:40:22.058 I/PackageWatchdog( 1802): Syncing state, reason: updated observers
08-03 12:40:22.058 I/PackageWatchdog( 1802): Not pruning observers, elapsed time: 0ms
08-03 12:40:22.058 I/PackageWatchdog( 1802): Saving observer state to file
08-03 12:40:22.064 I/PackageWatchdog( 1802): Syncing health check requests for packages: {}
08-03 12:40:22.064 I/ExplicitHealthCheckController( 1802): Service not ready to get health check supported packages. Binding...
08-03 12:40:22.068 I/ExplicitHealthCheckController( 1802): Explicit health check service is bound
08-03 12:40:22.069 I/RescueParty( 1802): Starting to observe: [com.android.launcher, android, com.android.systemui], updated namespace: latency_tracker
08-03 12:40:22.070 I/PackageWatchdog( 1802): Syncing state, reason: observing new packages
08-03 12:40:22.071 D/PackageWatchdog( 1802): rescue-party-observer added the following packages to monitor [com.android.launcher, android, com.android.systemui]
08-03 12:40:22.071 I/PackageWatchdog( 1802): Syncing state, reason: updated observers
08-03 12:40:22.071 I/PackageWatchdog( 1802): Saving observer state to file
08-03 12:40:22.074 I/ExplicitHealthCheckController( 1802): Explicit health check service is connected ComponentInfo{com.google.android.ext.services/android.ext.services.watchdog.ExplicitHealthCheckServiceImpl}
08-03 12:40:22.074 I/ExplicitHealthCheckController( 1802): Service initialized, syncing requests
08-03 12:40:22.074 I/PackageWatchdog( 1802): Syncing health check requests for packages: {}
08-03 12:40:22.074 D/ExplicitHealthCheckController( 1802): Getting health check supported packages
08-03 12:40:22.076 I/ExplicitHealthCheckController( 1802): Explicit health check supported packages [PackageConfig{com.google.android.networkstack, 86400000}]
08-03 12:40:22.076 D/PackageWatchdog( 1802): Received supported packages [PackageConfig{com.google.android.networkstack, 86400000}]
08-03 12:40:22.076 D/ExplicitHealthCheckController( 1802): Getting health check requested packages
08-03 12:40:22.076 I/ExplicitHealthCheckController( 1802): Explicit health check requested packages []
08-03 12:40:22.076 I/ExplicitHealthCheckController( 1802): No more health check requests, unbinding...
08-03 12:40:22.077 I/RescueParty( 1802): Starting to observe: [android], updated namespace: battery_saver
08-03 12:40:22.077 I/PackageWatchdog( 1802): Syncing state, reason: observing new packages
08-03 12:40:22.078 D/PackageWatchdog( 1802): rescue-party-observer added the following packages to monitor [android]
08-03 12:40:22.078 I/PackageWatchdog( 1802): Syncing state, reason: updated observers
08-03 12:40:22.078 I/PackageWatchdog( 1802): Not pruning observers, elapsed time: 0ms
08-03 12:40:22.078 I/PackageWatchdog( 1802): Saving observer state to file
08-03 12:40:22.078 I/ExplicitHealthCheckController( 1802): Explicit health check service is unbound
08-03 12:40:22.080 I/PackageWatchdog( 1802): Syncing health check requests for packages: {}
08-03 12:40:22.080 I/ExplicitHealthCheckController( 1802): Service not ready to get health check supported packages. Binding...
08-03 12:40:22.081 I/RescueParty( 1802): Starting to observe: [android], updated namespace: constrain_display_apis
08-03 12:40:22.082 I/PackageWatchdog( 1802): Syncing state, reason: observing new packages
08-03 12:40:22.082 D/PackageWatchdog( 1802): rescue-party-observer added the following packages to monitor [android]
08-03 12:40:22.082 I/PackageWatchdog( 1802): Syncing state, reason: updated observers
08-03 12:40:22.082 I/PackageWatchdog( 1802): Not pruning observers, elapsed time: 0ms
08-03 12:40:22.082 I/PackageWatchdog( 1802): Saving observer state to file
08-03 12:40:22.082 I/ExplicitHealthCheckController( 1802): Explicit health check service is bound
08-03 12:40:22.083 E/DeviceConfig( 1802): Parsing int failed for location_mode
08-03 12:40:22.085 I/PackageWatchdog( 1802): Syncing health check requests for packages: {}
08-03 12:40:22.085 I/ExplicitHealthCheckController( 1802): Service not ready to get health check supported packages. Binding...
08-03 12:40:22.085 I/ExplicitHealthCheckController( 1802): Not binding to service, service already connecting
08-03 12:40:22.085 I/ExplicitHealthCheckController( 1802): Explicit health check service is connected ComponentInfo{com.google.android.ext.services/android.ext.services.watchdog.ExplicitHealthCheckServiceImpl}
08-03 12:40:22.085 I/ExplicitHealthCheckController( 1802): Service initialized, syncing requests
08-03 12:40:22.085 I/PackageWatchdog( 1802): Syncing health check requests for packages: {}
08-03 12:40:22.085 D/ExplicitHealthCheckController( 1802): Getting health check supported packages
08-03 12:40:22.086 I/ExplicitHealthCheckController( 1802): Explicit health check supported packages [PackageConfig{com.google.android.networkstack, 86400000}]
08-03 12:40:22.086 D/PackageWatchdog( 1802): Received supported packages [PackageConfig{com.google.android.networkstack, 86400000}]
08-03 12:40:22.086 D/ExplicitHealthCheckController( 1802): Getting health check requested packages
08-03 12:40:22.086 I/ExplicitHealthCheckController( 1802): Explicit health check requested packages []
08-03 12:40:22.086 I/ExplicitHealthCheckController( 1802): No more health check requests, unbinding...
08-03 12:40:22.088 I/ExplicitHealthCheckController( 1802): Explicit health check service is unbound
08-03 12:40:22.090 I/RescueParty( 1802): Starting to observe: [android], updated namespace: backup_and_restore
08-03 12:40:22.090 I/PackageWatchdog( 1802): Syncing state, reason: observing new packages
08-03 12:40:22.091 D/PackageWatchdog( 1802): rescue-party-observer added the following packages to monitor [android]
08-03 12:40:22.091 I/PackageWatchdog( 1802): Syncing state, reason: updated observers
08-03 12:40:22.091 I/PackageWatchdog( 1802): Not pruning observers, elapsed time: 0ms
08-03 12:40:22.091 I/PackageWatchdog( 1802): Saving observer state to file
08-03 12:40:22.093 I/PackageWatchdog( 1802): Syncing health check requests for packages: {}
08-03 12:40:22.093 I/ExplicitHealthCheckController( 1802): Service not ready to get health check supported packages. Binding...
08-03 12:40:22.096 I/ExplicitHealthCheckController( 1802): Explicit health check service is bound
08-03 12:40:22.100 I/ExplicitHealthCheckController( 1802): Explicit health check service is connected ComponentInfo{com.google.android.ext.services/android.ext.services.watchdog.ExplicitHealthCheckServiceImpl}
08-03 12:40:22.100 I/ExplicitHealthCheckController( 1802): Service initialized, syncing requests
08-03 12:40:22.100 I/PackageWatchdog( 1802): Syncing health check requests for packages: {}
08-03 12:40:22.100 D/ExplicitHealthCheckController( 1802): Getting health check supported packages
08-03 12:40:22.101 I/ExplicitHealthCheckController( 1802): Explicit health check supported packages [PackageConfig{com.google.android.networkstack, 86400000}]
08-03 12:40:22.101 D/PackageWatchdog( 1802): Received supported packages [PackageConfig{com.google.android.networkstack, 86400000}]
08-03 12:40:22.101 D/ExplicitHealthCheckController( 1802): Getting health check requested packages
08-03 12:40:22.101 I/ExplicitHealthCheckController( 1802): Explicit health check requested packages []
08-03 12:40:22.101 I/ExplicitHealthCheckController( 1802): No more health check requests, unbinding...
08-03 12:40:22.103 I/ExplicitHealthCheckController( 1802): Explicit health check service is unbound
08-03 12:40:22.103 I/RescueParty( 1802): Starting to observe: [android, com.google.android.networkstack], updated namespace: tethering
08-03 12:40:22.103 I/PackageWatchdog( 1802): Syncing state, reason: observing new packages
08-03 12:40:22.104 I/PackageWatchdog( 1802): Syncing health check requests for packages: {}
08-03 12:40:22.104 I/ExplicitHealthCheckController( 1802): Service not ready to get health check supported packages. Binding...
08-03 12:40:22.104 D/PackageWatchdog( 1802): rescue-party-observer added the following packages to monitor [android, com.google.android.networkstack]
08-03 12:40:22.104 I/PackageWatchdog( 1802): Syncing state, reason: updated observers
08-03 12:40:22.104 I/PackageWatchdog( 1802): Not pruning observers, elapsed time: 0ms
08-03 12:40:22.104 I/PackageWatchdog( 1802): Saving observer state to file
08-03 12:40:22.105 I/ExplicitHealthCheckController( 1802): Explicit health check service is bound
08-03 12:40:22.110 I/PackageWatchdog( 1802): Syncing health check requests for packages: {}
08-03 12:40:22.110 I/ExplicitHealthCheckController( 1802): Service not ready to get health check supported packages. Binding...
08-03 12:40:22.110 I/ExplicitHealthCheckController( 1802): Not binding to service, service already connecting
08-03 12:40:22.110 I/ExplicitHealthCheckController( 1802): Explicit health check service is connected ComponentInfo{com.google.android.ext.services/android.ext.services.watchdog.ExplicitHealthCheckServiceImpl}
08-03 12:40:22.111 I/ExplicitHealthCheckController( 1802): Service initialized, syncing requests
08-03 12:40:22.111 I/PackageWatchdog( 1802): Syncing health check requests for packages: {}
08-03 12:40:22.111 D/ExplicitHealthCheckController( 1802): Getting health check supported packages
08-03 12:40:22.111 I/ExplicitHealthCheckController( 1802): Explicit health check supported packages [PackageConfig{com.google.android.networkstack, 86400000}]
08-03 12:40:22.111 D/PackageWatchdog( 1802): Received supported packages [PackageConfig{com.google.android.networkstack, 86400000}]
08-03 12:40:22.111 D/ExplicitHealthCheckController( 1802): Getting health check requested packages
08-03 12:40:22.112 I/ExplicitHealthCheckController( 1802): Explicit health check requested packages []
08-03 12:40:22.112 I/ExplicitHealthCheckController( 1802): No more health check requests, unbinding...
08-03 12:40:22.114 I/ExplicitHealthCheckController( 1802): Explicit health check service is unbound
08-03 12:40:28.525 D/OomAdjuster( 1802): Not killing cached processes
08-03 12:40:28.525 W/ProcessStats( 1802): Tracking association SourceState{c120952 com.google.android.gms.persistent/10142 BFgs #5779} whose proc state 4 is better than process ProcessState{7345b02 com.google.android.gms.unstable/10142 pkg=com.google.android.gms} proc state 14 (16 skipped)
08-03 12:40:32.911 E/BatteryStatsService( 1802): Invalid uid for waking network packet: -1
08-03 12:40:34.007 E/BatteryStatsService( 1802): Invalid uid for waking network packet: -1
08-03 12:40:34.009 E/BatteryStatsService( 1802): Invalid uid for waking network packet: -1
08-03 12:40:37.616 D/CompatibilityChangeReporter( 1802): Compat change id reported: 161145287; UID 10351; state: ENABLED
08-03 12:40:40.321 V/AlarmManager( 1802): sending alarm Alarm{f95c2e9 type 2 origWhen 350442 whenElapsed 350442 com.oplus.subsys} uid 1000 whenElapsed 350442 windowLength 0 maxWhenElapsed 350442 repeatInterval 0 action com.oplus.clusters.tgs.detect.imsguard.alarm.wait0 component null flags 0x9 procName com.oplus.subsys
08-03 12:40:40.330 D/OomAdjuster( 1802): Not killing cached processes
08-03 12:40:40.340 W/ProcessStats( 1802): Tracking association SourceState{3d4f77c com.android.systemui/10193 BFgs #5792} whose proc state 4 is better than process ProcessState{fe70838 com.oneplus.faceunlock/10087 pkg=com.oneplus.faceunlock} proc state 5 (20 skipped)
08-03 12:40:40.473 W/ContextImpl( 4080): Calling a method in the system process without a qualified user: android.app.ContextImpl.sendBroadcast:1247 android.content.ContextWrapper.sendBroadcast:519 com.oplus.clusters.tgs.detect.imsguard.ImsGuardUnit.broadcastNecEvent:1758 com.oplus.clusters.tgs.detect.imsguard.ImsGuardUnit.broadcastImsGuard:1746 com.oplus.clusters.tgs.detect.imsguard.ImsGuardUnit.stopGetDcsInfo:1793 
08-03 12:40:40.480 D/CompatibilityChangeReporter( 1802): Compat change id reported: 171306433; UID 1000; state: ENABLED
08-03 12:40:40.480 D/CompatibilityChangeReporter( 1802): Compat change id reported: 218533173; UID 1000; state: ENABLED
08-03 12:40:41.404 D/ProcessCpuTrackerExtImpl( 1802): mContext is already set, return now! 
08-03 12:40:45.205 E/BatteryStatsService( 1802): Invalid uid for waking network packet: -1
08-03 12:40:50.347 D/OomAdjuster( 1802): Not killing cached processes
08-03 12:40:50.349 W/ProcessStats( 1802): Tracking association SourceState{3d4f77c com.android.systemui/10193 BFgs #5793} whose proc state 4 is better than process ProcessState{fe70838 com.oneplus.faceunlock/10087 pkg=com.oneplus.faceunlock} proc state 5 (4 skipped)
08-03 12:40:53.973 E/BatteryStatsService( 1802): Invalid uid for waking network packet: -1
08-03 12:40:53.974 E/BatteryStatsService( 1802): Invalid uid for waking network packet: -1
08-03 12:40:53.975 E/BatteryStatsService( 1802): Invalid uid for waking network packet: -1
08-03 12:40:53.976 E/BatteryStatsService( 1802): Invalid uid for waking network packet: -1
08-03 12:40:53.976 E/BatteryStatsService( 1802): Invalid uid for waking network packet: -1
08-03 12:40:53.977 E/BatteryStatsService( 1802): Invalid uid for waking network packet: -1
08-03 12:40:55.778 D/OomAdjuster( 1802): Not killing cached processes
08-03 12:40:55.829 E/BatteryStatsService( 1802): Invalid uid for waking network packet: -1
08-03 12:40:55.829 E/BatteryStatsService( 1802): Invalid uid for waking network packet: -1
08-03 12:40:57.685 E/BatteryStatsService( 1802): Invalid uid for waking network packet: -1
08-03 12:40:58.837 E/BatteryStatsService( 1802): Invalid uid for waking network packet: -1
08-03 12:40:58.838 E/BatteryStatsService( 1802): Invalid uid for waking network packet: -1
08-03 12:41:00.462 W/ProcessStats( 1802): Tracking association SourceState{c120952 com.google.android.gms.persistent/10142 BFgs #5812} whose proc state 4 is better than process ProcessState{7345b02 com.google.android.gms.unstable/10142 pkg=com.google.android.gms} proc state 14 (24 skipped)
08-03 12:41:02.100 E/BatteryStatsService( 1802): Invalid uid for waking network packet: -1
08-03 12:41:02.101 E/BatteryStatsService( 1802): Invalid uid for waking network packet: -1
08-03 12:41:02.101 E/BatteryStatsService( 1802): Invalid uid for waking network packet: -1
08-03 12:41:02.102 E/BatteryStatsService( 1802): Invalid uid for waking network packet: -1
08-03 12:41:02.102 E/BatteryStatsService( 1802): Invalid uid for waking network packet: -1
08-03 12:41:02.103 E/BatteryStatsService( 1802): Invalid uid for waking network packet: -1
08-03 12:41:04.830 D/OomAdjuster( 1802): Not killing cached processes
08-03 12:41:04.906 D/CompatibilityChangeReporter( 1802): Compat change id reported: 161252188; UID 10147; state: DISABLED
08-03 12:41:04.936 D/CompatibilityChangeReporter( 1802): Compat change id reported: 261072174; UID 1000; state: DISABLED
08-03 12:41:04.948 W/JobScheduler( 1802): Job didn't exist in JobStore: #com.google.android.calendar/2014
08-03 12:41:04.955 D/CompatibilityChangeReporter( 1802): Compat change id reported: 135634846; UID 10351; state: DISABLED
08-03 12:41:04.955 D/CompatibilityChangeReporter( 1802): Compat change id reported: 177438394; UID 10351; state: DISABLED
08-03 12:41:04.955 D/CompatibilityChangeReporter( 1802): Compat change id reported: 135772972; UID 10351; state: DISABLED
08-03 12:41:04.955 D/CompatibilityChangeReporter( 1802): Compat change id reported: 135754954; UID 10351; state: ENABLED
08-03 12:41:04.956 D/CompatibilityChangeReporter( 1802): Compat change id reported: 143937733; UID 10351; state: ENABLED
08-03 12:41:04.977 I/ActivityManager( 1802): Start proc 13788:com.oplus.statistics.rom:cc/u0a351 for service {com.oplus.statistics.rom/com.oplus.dcc.cloudctl.CloudCtlService}
08-03 12:41:04.981 W/ContextImpl( 1802): Calling a method in the system process without a qualified user: android.app.ContextImpl.sendBroadcast:1232 com.android.server.am.OplusAppStartupConfig.sendAbnormalNotify:1608 com.android.server.am.OplusAppStartupConfig.notifyAbnormalInfo:1541 com.android.server.am.OplusAppStartupManager.handleStartAppInfo:5099 com.android.server.am.ProcessListExtImpl.hookHandleProcessStart:239 
08-03 12:41:04.981 W/BroadcastLoopers( 1802): Found previously unknown looper Thread[ActivityManager:procStart,5,main]
08-03 12:41:04.999 D/CompatibilityChangeReporter( 1802): Compat change id reported: 168419799; UID 10351; state: DISABLED
08-03 12:41:04.999 D/CompatibilityChangeReporter( 1802): Compat change id reported: 273564678; UID 10351; state: DISABLED
08-03 12:41:04.999 D/ActivityTaskManagerServiceExtImpl( 1802): preBindApplication record is null
08-03 12:41:05.000 D/CompatibilityChangeReporter( 1802): Compat change id reported: 261072174; UID 10351; state: ENABLED
08-03 12:41:05.003 D/OplusInterceptLockScreenWindow( 1802): starting IOplusLockScreenCallbacks service...
08-03 12:41:05.008 D/CompatibilityChangeReporter( 1802): Compat change id reported: 170503758; UID 10351; state: ENABLED
08-03 12:41:05.031 D/ResourcesManagerExtImpl(13788): applyConfigurationToAppResourcesLocked app.getDisplayId() return callback.displayId:-1
08-03 12:41:05.031 I/ActivityManager( 1802): Flag disabled. Ignoring finishAttachApplication from uid: 10351. pid: 13788
08-03 12:41:05.288 D/UsageStatsService( 1802): User[0] type=0 b=1754199365306 e=1754199665285 cb=1754120110817 ce=1754199665244 disk=0 all=14
08-03 12:41:05.489 D/CompatibilityChangeReporter( 1802): Compat change id reported: 143231523; UID 10147; state: DISABLED
08-03 12:41:09.013 E/BatteryStatsService( 1802): Invalid uid for waking network packet: -1
08-03 12:41:10.293 E/BatteryStatsService( 1802): Invalid uid for waking network packet: -1
08-03 12:41:10.294 E/BatteryStatsService( 1802): Invalid uid for waking network packet: -1
08-03 12:41:10.564 D/OomAdjuster( 1802): Not killing cached processes
08-03 12:41:10.565 W/ProcessStats( 1802): Tracking association SourceState{c120952 com.google.android.gms.persistent/10142 BFgs #5883} whose proc state 4 is better than process ProcessState{7345b02 com.google.android.gms.unstable/10142 pkg=com.google.android.gms} proc state 14 (104 skipped)
08-03 12:41:16.879 D/PowerMonitorNotifier( 3561): onScreenOff: trying to connecting
08-03 12:41:16.883 V/ActivityManager( 1802): Has totaly same connectionRecord, just reuse it!
08-03 12:41:16.889 D/CompatibilityChangeReporter( 1802): Compat change id reported: 135634846; UID 1000; state: DISABLED
08-03 12:41:16.889 D/CompatibilityChangeReporter( 1802): Compat change id reported: 177438394; UID 1000; state: DISABLED
08-03 12:41:16.889 D/CompatibilityChangeReporter( 1802): Compat change id reported: 135772972; UID 1000; state: DISABLED
08-03 12:41:16.890 D/CompatibilityChangeReporter( 1802): Compat change id reported: 135754954; UID 1000; state: ENABLED
08-03 12:41:16.912 I/ActivityManager( 1802): Start proc 13847:com.oplus.powermonitor/1000 for service {com.oplus.powermonitor/com.oplus.powermonitor.standbymonitor.powerstats.PowerStatsService}
08-03 12:41:16.951 D/CompatibilityChangeReporter( 1802): Compat change id reported: 168419799; UID 1000; state: DISABLED
08-03 12:41:16.951 D/CompatibilityChangeReporter( 1802): Compat change id reported: 273564678; UID 1000; state: DISABLED
08-03 12:41:16.951 D/ActivityTaskManagerServiceExtImpl( 1802): preBindApplication record is null
08-03 12:41:16.954 D/OomAdjuster( 1802): Not killing cached processes
08-03 12:41:16.954 D/OplusInterceptLockScreenWindow( 1802): starting IOplusLockScreenCallbacks service...
08-03 12:41:16.990 D/CompatibilityChangeReporter( 1802): Compat change id reported: 161145287; UID 1000; state: ENABLED
08-03 12:41:16.990 D/CompatibilityChangeReporter( 1802): Compat change id reported: 161145287; UID 1000; state: DISABLED
08-03 12:41:16.991 W/ContextImpl(13847): Calling a method in the system process without a qualified user: android.app.ContextImpl.startService:1929 android.content.ContextWrapper.startService:835 com.oplus.powermonitor.PMApplication.h:15 com.oplus.powermonitor.PMApplication.onCreate:43 android.app.Instrumentation.callApplicationOnCreate:1335 
08-03 12:41:16.992 W/ContextImpl(13847): Calling a method in the system process without a qualified user: android.app.ContextImpl.bindService:2032 android.content.ContextWrapper.bindService:871 com.oplus.powermonitor.PMApplication.h:28 com.oplus.powermonitor.PMApplication.onCreate:43 android.app.Instrumentation.callApplicationOnCreate:1335 
08-03 12:41:16.992 D/CompatibilityChangeReporter( 1802): Compat change id reported: 261072174; UID 1000; state: ENABLED
08-03 12:41:16.994 I/ActivityManager( 1802): Flag disabled. Ignoring finishAttachApplication from uid: 1000. pid: 13847
08-03 12:41:17.004 D/CompatibilityChangeReporter( 1802): Compat change id reported: 319212206; UID 1000; state: DISABLED
08-03 12:41:17.007 D/PowerMonitorNotifier( 3561): onServiceConnected: success
08-03 12:41:17.621 E/BatteryStatsService( 1802): Invalid uid for waking network packet: -1
08-03 12:41:18.030 D/PowerMonitorNotifier( 3561): onServiceDisconnected: 
08-03 12:41:18.030 I/ActivityManager( 1802): Process com.oplus.powermonitor (pid 13847) has died: vis IMPF
08-03 12:41:19.039 D/CompatibilityChangeReporter( 1802): Compat change id reported: 135634846; UID 1000; state: DISABLED
08-03 12:41:19.040 D/CompatibilityChangeReporter( 1802): Compat change id reported: 177438394; UID 1000; state: DISABLED
08-03 12:41:19.040 D/CompatibilityChangeReporter( 1802): Compat change id reported: 135772972; UID 1000; state: DISABLED
08-03 12:41:19.040 D/CompatibilityChangeReporter( 1802): Compat change id reported: 135754954; UID 1000; state: ENABLED
08-03 12:41:19.063 I/ActivityManager( 1802): Start proc 13881:com.oplus.powermonitor/1000 for service {com.oplus.powermonitor/com.oplus.powermonitor.standbymonitor.powerstats.PowerStatsService}
08-03 12:41:19.089 D/ActivityTaskManagerServiceExtImpl( 1802): preBindApplication record is null
08-03 12:41:19.092 D/OplusInterceptLockScreenWindow( 1802): starting IOplusLockScreenCallbacks service...
08-03 12:41:19.128 W/ContextImpl(13881): Calling a method in the system process without a qualified user: android.app.ContextImpl.startService:1929 android.content.ContextWrapper.startService:835 com.oplus.powermonitor.PMApplication.h:15 com.oplus.powermonitor.PMApplication.onCreate:43 android.app.Instrumentation.callApplicationOnCreate:1335 
08-03 12:41:19.129 W/ContextImpl(13881): Calling a method in the system process without a qualified user: android.app.ContextImpl.bindService:2032 android.content.ContextWrapper.bindService:871 com.oplus.powermonitor.PMApplication.h:28 com.oplus.powermonitor.PMApplication.onCreate:43 android.app.Instrumentation.callApplicationOnCreate:1335 
08-03 12:41:19.132 I/ActivityManager( 1802): Flag disabled. Ignoring finishAttachApplication from uid: 1000. pid: 13881
08-03 12:41:19.142 D/PowerMonitorNotifier( 3561): onServiceConnected: success
08-03 12:41:19.321 E/BatteryStatsService( 1802): Invalid uid for waking network packet: -1
08-03 12:41:20.180 D/PowerMonitorNotifier( 3561): onServiceDisconnected: 
08-03 12:41:20.182 I/ActivityManager( 1802): Process com.oplus.powermonitor (pid 13881) has died: vis IMPF
08-03 12:41:21.796 W/ProcessStats( 1802): Tracking association SourceState{c120952 com.google.android.gms.persistent/10142 BFgs #5953} whose proc state 4 is better than process ProcessState{7345b02 com.google.android.gms.unstable/10142 pkg=com.google.android.gms} proc state 14 (40 skipped)
08-03 12:41:21.972 D/PowerMonitorNotifier( 3561): onScreenOff: trying to connecting
08-03 12:41:21.978 V/ActivityManager( 1802): Has totaly same connectionRecord, just reuse it!
08-03 12:41:21.982 D/CompatibilityChangeReporter( 1802): Compat change id reported: 135634846; UID 1000; state: DISABLED
08-03 12:41:21.982 D/CompatibilityChangeReporter( 1802): Compat change id reported: 177438394; UID 1000; state: DISABLED
08-03 12:41:21.983 D/CompatibilityChangeReporter( 1802): Compat change id reported: 135772972; UID 1000; state: DISABLED
08-03 12:41:21.983 D/CompatibilityChangeReporter( 1802): Compat change id reported: 135754954; UID 1000; state: ENABLED
08-03 12:41:22.006 I/ActivityManager( 1802): Start proc 13903:com.oplus.powermonitor/1000 for service {com.oplus.powermonitor/com.oplus.powermonitor.standbymonitor.powerstats.PowerStatsService}
08-03 12:41:22.052 D/ActivityTaskManagerServiceExtImpl( 1802): preBindApplication record is null
08-03 12:41:22.059 D/OomAdjuster( 1802): Not killing cached processes
08-03 12:41:22.061 D/OplusInterceptLockScreenWindow( 1802): starting IOplusLockScreenCallbacks service...
08-03 12:41:22.101 W/ContextImpl(13903): Calling a method in the system process without a qualified user: android.app.ContextImpl.startService:1929 android.content.ContextWrapper.startService:835 com.oplus.powermonitor.PMApplication.h:15 com.oplus.powermonitor.PMApplication.onCreate:43 android.app.Instrumentation.callApplicationOnCreate:1335 
08-03 12:41:22.102 W/ContextImpl(13903): Calling a method in the system process without a qualified user: android.app.ContextImpl.bindService:2032 android.content.ContextWrapper.bindService:871 com.oplus.powermonitor.PMApplication.h:28 com.oplus.powermonitor.PMApplication.onCreate:43 android.app.Instrumentation.callApplicationOnCreate:1335 
08-03 12:41:22.105 I/ActivityManager( 1802): Flag disabled. Ignoring finishAttachApplication from uid: 1000. pid: 13903
08-03 12:41:22.127 D/PowerMonitorNotifier( 3561): onServiceConnected: success
08-03 12:41:23.157 D/PowerMonitorNotifier( 3561): onServiceDisconnected: 
08-03 12:41:23.158 I/ActivityManager( 1802): Process com.oplus.powermonitor (pid 13903) has died: vis IMPF
08-03 12:41:24.167 D/CompatibilityChangeReporter( 1802): Compat change id reported: 135634846; UID 1000; state: DISABLED
08-03 12:41:24.168 D/CompatibilityChangeReporter( 1802): Compat change id reported: 177438394; UID 1000; state: DISABLED
08-03 12:41:24.168 D/CompatibilityChangeReporter( 1802): Compat change id reported: 135772972; UID 1000; state: DISABLED
08-03 12:41:24.168 D/CompatibilityChangeReporter( 1802): Compat change id reported: 135754954; UID 1000; state: ENABLED
08-03 12:41:24.192 I/ActivityManager( 1802): Start proc 13925:com.oplus.powermonitor/1000 for service {com.oplus.powermonitor/com.oplus.powermonitor.standbymonitor.powerstats.PowerStatsService}
08-03 12:41:24.230 D/ActivityTaskManagerServiceExtImpl( 1802): preBindApplication record is null
08-03 12:41:24.234 D/OplusInterceptLockScreenWindow( 1802): starting IOplusLockScreenCallbacks service...
08-03 12:41:24.273 W/ContextImpl(13925): Calling a method in the system process without a qualified user: android.app.ContextImpl.startService:1929 android.content.ContextWrapper.startService:835 com.oplus.powermonitor.PMApplication.h:15 com.oplus.powermonitor.PMApplication.onCreate:43 android.app.Instrumentation.callApplicationOnCreate:1335 
08-03 12:41:24.274 W/ContextImpl(13925): Calling a method in the system process without a qualified user: android.app.ContextImpl.bindService:2032 android.content.ContextWrapper.bindService:871 com.oplus.powermonitor.PMApplication.h:28 com.oplus.powermonitor.PMApplication.onCreate:43 android.app.Instrumentation.callApplicationOnCreate:1335 
08-03 12:41:24.276 I/ActivityManager( 1802): Flag disabled. Ignoring finishAttachApplication from uid: 1000. pid: 13925
08-03 12:41:24.287 D/PowerMonitorNotifier( 3561): onServiceConnected: success
08-03 12:41:25.337 D/PowerMonitorNotifier( 3561): onServiceDisconnected: 
08-03 12:41:25.337 I/ActivityManager( 1802): Process com.oplus.powermonitor (pid 13925) has died: vis IMPF
08-03 12:41:29.037 V/AlarmManager( 1802): sending alarm Alarm{7d17377 type 3 origWhen 370125 whenElapsed 370125 android} uid 1000 whenElapsed 370125 windowLength 0 maxWhenElapsed 370125 repeatInterval 0 action null component null tag TIME_TICK flags 0x9 procName system_server
08-03 12:41:29.043 V/AlarmManager( 1802): sending alarm Alarm{a5fd013 type 0 origWhen 1754199660000 whenElapsed 370125 com.example.widget_test} uid 11232 whenElapsed 370125 windowLength 29025 maxWhenElapsed 399150 repeatInterval 0 action null component ComponentInfo{com.example.widget_test/com.example.widget_test.AlarmCallbackReceiver} flags 0x4 procName com.example.widget_test
08-03 12:41:29.045 V/AlarmManager( 1802): sending alarm Alarm{a59dc49 type 3 origWhen 349655 whenElapsed 349655 com.oplus.nhs} uid 1001 whenElapsed 349655 windowLength 225000 maxWhenElapsed 574655 repeatInterval 300000 action oplus.intent.action.INTERNAL_LOOP_UPDATE_ACTIVITYINFO_ALARM component ComponentInfo{com.oplus.nhs/com.oplus.nhs.pwr.ModemAci.ModemAciAlarmReceiver} flags 0x8 procName com.oplus.nhs
08-03 12:41:29.049 D/OomAdjuster( 1802): Not killing cached processes
08-03 12:41:29.054 V/AlarmManager( 1802): sending alarm Alarm{96d5a6f type 3 origWhen 363707 whenElapsed 363707 com.oplus.metis} uid 10057 whenElapsed 363707 windowLength 225000 maxWhenElapsed 588707 repeatInterval 300000 action null component ComponentInfo{com.oplus.metis/com.oplus.contextaware.sort.SortAlarmReceiver} flags 0x0 procName com.oplus.metis
08-03 12:41:29.104 E/OplusCustomizeRestrictionManagerService( 1802): isBiometricDisabled start
08-03 12:41:29.346 D/CompatibilityChangeReporter( 1802): Compat change id reported: 135634846; UID 1000; state: DISABLED
08-03 12:41:29.347 D/CompatibilityChangeReporter( 1802): Compat change id reported: 177438394; UID 1000; state: DISABLED
08-03 12:41:29.347 D/CompatibilityChangeReporter( 1802): Compat change id reported: 135772972; UID 1000; state: DISABLED
08-03 12:41:29.348 D/CompatibilityChangeReporter( 1802): Compat change id reported: 135754954; UID 1000; state: ENABLED
08-03 12:41:29.373 I/ActivityManager( 1802): Start proc 13951:com.oplus.powermonitor/1000 for service {com.oplus.powermonitor/com.oplus.powermonitor.standbymonitor.powerstats.PowerStatsService}
08-03 12:41:29.416 D/ActivityTaskManagerServiceExtImpl( 1802): preBindApplication record is null
08-03 12:41:29.420 D/OplusInterceptLockScreenWindow( 1802): starting IOplusLockScreenCallbacks service...
08-03 12:41:29.458 W/ContextImpl(13951): Calling a method in the system process without a qualified user: android.app.ContextImpl.startService:1929 android.content.ContextWrapper.startService:835 com.oplus.powermonitor.PMApplication.h:15 com.oplus.powermonitor.PMApplication.onCreate:43 android.app.Instrumentation.callApplicationOnCreate:1335 
08-03 12:41:29.458 W/ContextImpl(13951): Calling a method in the system process without a qualified user: android.app.ContextImpl.bindService:2032 android.content.ContextWrapper.bindService:871 com.oplus.powermonitor.PMApplication.h:28 com.oplus.powermonitor.PMApplication.onCreate:43 android.app.Instrumentation.callApplicationOnCreate:1335 
08-03 12:41:29.461 I/ActivityManager( 1802): Flag disabled. Ignoring finishAttachApplication from uid: 1000. pid: 13951
08-03 12:41:29.472 D/PowerMonitorNotifier( 3561): onServiceConnected: success
08-03 12:41:30.511 D/PowerMonitorNotifier( 3561): onServiceDisconnected: 
08-03 12:41:30.511 I/ActivityManager( 1802): Process com.oplus.powermonitor (pid 13951) has died: vis IMPF
08-03 12:41:33.294 W/ProcessStats( 1802): Tracking association SourceState{c120952 com.google.android.gms.persistent/10142 BFgs #6013} whose proc state 4 is better than process ProcessState{7345b02 com.google.android.gms.unstable/10142 pkg=com.google.android.gms} proc state 14 (23 skipped)
08-03 12:41:35.340 D/OomAdjuster( 1802): Not killing cached processes
08-03 12:41:36.381 I/ActivityManager( 1802): Process com.oplus.statistics.rom:cc (pid 13788) has died: cch+5 CEM 
08-03 12:41:37.396 E/BatteryStatsService( 1802): Invalid uid for waking network packet: -1
08-03 12:41:39.184 D/PowerMonitorNotifier( 3561): onScreenOff: trying to connecting
08-03 12:41:39.190 V/ActivityManager( 1802): Has totaly same connectionRecord, just reuse it!
08-03 12:41:39.195 D/CompatibilityChangeReporter( 1802): Compat change id reported: 135634846; UID 1000; state: DISABLED
08-03 12:41:39.195 D/CompatibilityChangeReporter( 1802): Compat change id reported: 177438394; UID 1000; state: DISABLED
08-03 12:41:39.195 D/CompatibilityChangeReporter( 1802): Compat change id reported: 135772972; UID 1000; state: DISABLED
08-03 12:41:39.195 D/CompatibilityChangeReporter( 1802): Compat change id reported: 135754954; UID 1000; state: ENABLED
08-03 12:41:39.219 I/ActivityManager( 1802): Start proc 13982:com.oplus.powermonitor/1000 for service {com.oplus.powermonitor/com.oplus.powermonitor.standbymonitor.powerstats.PowerStatsService}
08-03 12:41:39.262 D/ActivityTaskManagerServiceExtImpl( 1802): preBindApplication record is null
08-03 12:41:39.270 D/OplusInterceptLockScreenWindow( 1802): starting IOplusLockScreenCallbacks service...
08-03 12:41:39.322 W/ContextImpl(13982): Calling a method in the system process without a qualified user: android.app.ContextImpl.startService:1929 android.content.ContextWrapper.startService:835 com.oplus.powermonitor.PMApplication.h:15 com.oplus.powermonitor.PMApplication.onCreate:43 android.app.Instrumentation.callApplicationOnCreate:1335 
08-03 12:41:39.322 W/ContextImpl(13982): Calling a method in the system process without a qualified user: android.app.ContextImpl.bindService:2032 android.content.ContextWrapper.bindService:871 com.oplus.powermonitor.PMApplication.h:28 com.oplus.powermonitor.PMApplication.onCreate:43 android.app.Instrumentation.callApplicationOnCreate:1335 
08-03 12:41:39.325 I/ActivityManager( 1802): Flag disabled. Ignoring finishAttachApplication from uid: 1000. pid: 13982
08-03 12:41:39.349 D/PowerMonitorNotifier( 3561): onServiceConnected: success
08-03 12:41:40.389 D/PowerMonitorNotifier( 3561): onServiceDisconnected: 
08-03 12:41:40.389 I/ActivityManager( 1802): Process com.oplus.powermonitor (pid 13982) has died: vis IMPF
08-03 12:41:40.395 D/OomAdjuster( 1802): Not killing cached processes
