08-03 12:41:45.658 W/ActivityManager( 1802): Process 11247 does not match uid 10447 ignore setting hits oom adj
08-03 12:41:45.659 W/ActivityManager( 1802): Process 11262 does not match uid 10450 ignore setting hits oom adj
08-03 12:41:45.659 E/OAPM    ( 1802): activity preload is not enabled
08-03 12:41:45.659 I/ActivityManager( 1802): Process com.alphainventor.filemanager (pid 11247) has died: cch+35 CEM 
08-03 12:41:45.659 D/DisplayManagerService( 1802): Drop pending events for gone uid 10427
08-03 12:41:45.661 E/OAPM    ( 1802): activity preload is not enabled
08-03 12:41:45.662 D/DisplayManagerService( 1802): Drop pending events for gone uid 10447
08-03 12:41:45.664 W/ActivityManager( 1802): Process 7128 does not match uid 11223 ignore setting hits oom adj
08-03 12:41:45.664 W/ActivityManager( 1802): Process 11262 does not match uid 10450 ignore setting hits oom adj
08-03 12:41:45.666 I/ActivityManager( 1802): Process daldev.android.gradehelper (pid 7128) has died: cch+55 CEM 
08-03 12:41:45.672 W/ActivityManager( 1802): Process 11262 does not match uid 10450 ignore setting hits oom adj
08-03 12:41:45.672 E/OAPM    ( 1802): activity preload is not enabled
08-03 12:41:45.672 D/DisplayManagerService( 1802): Drop pending events for gone uid 11223
08-03 12:41:45.672 I/ActivityManager( 1802): Process com.google.android.apps.docs.editors.docs (pid 11262) has died: cch+75 CEM 
08-03 12:41:45.675 E/OAPM    ( 1802): activity preload is not enabled
08-03 12:41:45.676 D/DisplayManagerService( 1802): Drop pending events for gone uid 10450
08-03 12:41:45.678 D/CompatibilityChangeReporter( 1802): Compat change id reported: 135634846; UID 10351; state: DISABLED
08-03 12:41:45.678 D/CompatibilityChangeReporter( 1802): Compat change id reported: 177438394; UID 10351; state: DISABLED
08-03 12:41:45.678 D/CompatibilityChangeReporter( 1802): Compat change id reported: 135772972; UID 10351; state: DISABLED
08-03 12:41:45.678 D/CompatibilityChangeReporter( 1802): Compat change id reported: 135754954; UID 10351; state: ENABLED
08-03 12:41:45.678 D/CompatibilityChangeReporter( 1802): Compat change id reported: 143937733; UID 10351; state: ENABLED
08-03 12:41:45.689 I/ActivityManager( 1802): Start proc 14083:com.oplus.statistics.rom:cc/u0a351 for service {com.oplus.statistics.rom/com.oplus.dcc.cloudctl.CloudCtlService}
08-03 12:41:45.704 D/CompatibilityChangeReporter( 1802): Compat change id reported: 168419799; UID 10351; state: DISABLED
08-03 12:41:45.704 D/CompatibilityChangeReporter( 1802): Compat change id reported: 273564678; UID 10351; state: DISABLED
08-03 12:41:45.704 D/ActivityTaskManagerServiceExtImpl( 1802): preBindApplication record is null
08-03 12:41:45.707 D/CompatibilityChangeReporter( 1802): Compat change id reported: 261072174; UID 10351; state: ENABLED
08-03 12:41:45.708 D/CompatibilityChangeReporter( 1802): Compat change id reported: 135634846; UID 1000; state: DISABLED
08-03 12:41:45.708 D/CompatibilityChangeReporter( 1802): Compat change id reported: 177438394; UID 1000; state: DISABLED
08-03 12:41:45.708 D/CompatibilityChangeReporter( 1802): Compat change id reported: 135772972; UID 1000; state: DISABLED
08-03 12:41:45.708 D/CompatibilityChangeReporter( 1802): Compat change id reported: 135754954; UID 1000; state: ENABLED
08-03 12:41:45.709 D/OplusInterceptLockScreenWindow( 1802): starting IOplusLockScreenCallbacks service...
08-03 12:41:45.721 I/ActivityManager( 1802): Start proc 14094:com.oplus.securitypermission/1000 for service {com.oplus.securitypermission/com.oplusos.lockscreenintercept.LockScreenInterceptService}
08-03 12:41:45.722 D/CompatibilityChangeReporter( 1802): Compat change id reported: 170503758; UID 10351; state: ENABLED
08-03 12:41:45.743 D/CompatibilityChangeReporter( 1802): Compat change id reported: 168419799; UID 1000; state: DISABLED
08-03 12:41:45.743 D/CompatibilityChangeReporter( 1802): Compat change id reported: 273564678; UID 1000; state: DISABLED
08-03 12:41:45.743 D/ActivityTaskManagerServiceExtImpl( 1802): preBindApplication record is null
08-03 12:41:45.747 D/ResourcesManagerExtImpl(14083): applyConfigurationToAppResourcesLocked app.getDisplayId() return callback.displayId:-1
08-03 12:41:45.747 I/ActivityManager( 1802): Flag disabled. Ignoring finishAttachApplication from uid: 10351. pid: 14083
08-03 12:41:45.791 E/OplusCustomizeRestrictionManagerService( 1802): isBiometricDisabled start
08-03 12:41:45.791 E/OplusCustomizeRestrictionManagerService( 1802): isBiometricDisabled start
08-03 12:41:45.799 W/ContextImpl(14094): Calling a method in the system process without a qualified user: android.app.ContextImpl.startService:1929 android.content.ContextWrapper.startService:835 com.oplusos.securitypermission.PermissionApplication.q:2 com.oplusos.securitypermission.PermissionApplication.k:5 com.oplusos.securitypermission.PermissionApplication.d:0 
08-03 12:41:45.800 I/ActivityManager( 1802): Flag disabled. Ignoring finishAttachApplication from uid: 1000. pid: 14094
08-03 12:41:45.800 I/InterceptLockScreen.Service(14094): onCreate: LockScreenInterceptService is starting...
08-03 12:41:45.804 D/CompatibilityChangeReporter( 1802): Compat change id reported: 135634846; UID 10411; state: DISABLED
08-03 12:41:45.804 D/CompatibilityChangeReporter( 1802): Compat change id reported: 177438394; UID 10411; state: DISABLED
08-03 12:41:45.804 D/CompatibilityChangeReporter( 1802): Compat change id reported: 135772972; UID 10411; state: DISABLED
08-03 12:41:45.805 D/CompatibilityChangeReporter( 1802): Compat change id reported: 135754954; UID 10411; state: ENABLED
08-03 12:41:45.805 D/CompatibilityChangeReporter( 1802): Compat change id reported: 143937733; UID 10411; state: ENABLED
08-03 12:41:45.811 D/InterceptLockScreen.Service(14094): registerMultiUserReceiver: success 
08-03 12:41:45.812 D/CompatibilityChangeReporter( 1802): Compat change id reported: 261072174; UID 1000; state: ENABLED
08-03 12:41:45.813 I/OplusAppSwitchManagerService( 1802): appswitch registerAppSwitchObserver pName = com@@oplus@@securitypermission observer = com.oplus.app.IOplusAppSwitchObserver$Stub$Proxy@24d6280 config = OplusAppSwitchConfig = {  mConfigs = {2=null} observerFingerPrint = 131790732}
08-03 12:41:45.813 I/OplusAppSwitchStateDispatcher( 1802): registerAppSwitchObserver addDynamicListener OK, info = OplusAppSwitchRuleInfo = {  observer = com.oplus.app.IOplusAppSwitchObserver$Stub$Proxy@24d6280 observerFingerPrint = 131790732} rule size =0
08-03 12:41:45.815 I/ActivityManager( 1802): Start proc 14127:com.oplus.romupdate/u0a411 for content provider {com.oplus.romupdate/com.oplusos.romupdate.provider.RomUpdateProvider}
08-03 12:41:45.826 W/ContextImpl(14094): Calling a method in the system process without a qualified user: android.app.ContextImpl.startService:1929 android.content.ContextWrapper.startService:835 com.oplusos.securitypermission.permission.dialog.PermissionDialogService.u:2 com.oplusos.securitypermission.permission.dialog.PermissionDialogService.onCreate:9 android.app.ActivityThread.handleCreateService:4928 
08-03 12:41:45.831 W/ContextImpl(14094): Calling a method in the system process without a qualified user: android.app.ContextImpl.startService:1929 android.content.ContextWrapper.startService:835 com.oplusos.securitypermission.permission.dialog.PermissionDialogService.u:4 com.oplusos.securitypermission.permission.dialog.PermissionDialogService.onCreate:9 android.app.ActivityThread.handleCreateService:4928 
08-03 12:41:45.832 D/CompatibilityChangeReporter( 1802): Compat change id reported: 168419799; UID 10411; state: DISABLED
08-03 12:41:45.832 D/CompatibilityChangeReporter( 1802): Compat change id reported: 273564678; UID 10411; state: DISABLED
08-03 12:41:45.832 D/ActivityTaskManagerServiceExtImpl( 1802): preBindApplication record is null
08-03 12:41:45.844 D/CompatibilityChangeReporter( 1802): Compat change id reported: 170503758; UID 10411; state: ENABLED
08-03 12:41:45.883 D/ResourcesManagerExtImpl(14127): applyConfigurationToAppResourcesLocked app.getDisplayId() return callback.displayId:-1
08-03 12:41:45.907 E/ActivityThread(14094): Failed to find provider info for com.oplus.phonemanager.GrayProductProvider
08-03 12:41:45.911 E/BatteryStatsService( 1802): Invalid uid for waking network packet: -1
08-03 12:41:45.911 E/BatteryStatsService( 1802): Invalid uid for waking network packet: -1
08-03 12:41:45.912 D/CompatibilityChangeReporter( 1802): Compat change id reported: 135634846; UID 1000; state: DISABLED
08-03 12:41:45.912 D/CompatibilityChangeReporter( 1802): Compat change id reported: 177438394; UID 1000; state: DISABLED
08-03 12:41:45.912 D/CompatibilityChangeReporter( 1802): Compat change id reported: 135772972; UID 1000; state: DISABLED
08-03 12:41:45.912 D/CompatibilityChangeReporter( 1802): Compat change id reported: 135754954; UID 1000; state: ENABLED
08-03 12:41:45.918 I/ActivityManager( 1802): Flag disabled. Ignoring finishAttachApplication from uid: 10411. pid: 14127
08-03 12:41:45.923 I/ActivityManager( 1802): Start proc 14156:com.heytap.mcs.appservice/1000 for service {com.heytap.mcs/com.heytap.mcs.biz.appservice.McsSdkService}
08-03 12:41:45.943 D/CompatibilityChangeReporter( 1802): Compat change id reported: 168419799; UID 1000; state: DISABLED
08-03 12:41:45.943 D/CompatibilityChangeReporter( 1802): Compat change id reported: 273564678; UID 1000; state: DISABLED
08-03 12:41:45.943 D/ActivityTaskManagerServiceExtImpl( 1802): preBindApplication record is null
08-03 12:41:46.149 I/ActivityManager( 1802): Flag disabled. Ignoring finishAttachApplication from uid: 1000. pid: 14156
08-03 12:41:46.555 D/CompatibilityChangeReporter( 1802): Compat change id reported: 135634846; UID 1000; state: DISABLED
08-03 12:41:46.555 D/CompatibilityChangeReporter( 1802): Compat change id reported: 177438394; UID 1000; state: DISABLED
08-03 12:41:46.556 D/CompatibilityChangeReporter( 1802): Compat change id reported: 135772972; UID 1000; state: DISABLED
08-03 12:41:46.556 D/CompatibilityChangeReporter( 1802): Compat change id reported: 135754954; UID 1000; state: ENABLED
08-03 12:41:46.566 I/ActivityManager( 1802): Start proc 14190:com.oplus.powermonitor/1000 for service {com.oplus.powermonitor/com.oplus.powermonitor.standbymonitor.powerstats.PowerStatsService}
08-03 12:41:46.581 D/ActivityTaskManagerServiceExtImpl( 1802): preBindApplication record is null
08-03 12:41:46.586 D/CompatibilityChangeReporter( 1802): Compat change id reported: 135634846; UID 1000; state: DISABLED
08-03 12:41:46.586 D/CompatibilityChangeReporter( 1802): Compat change id reported: 177438394; UID 1000; state: DISABLED
08-03 12:41:46.586 D/CompatibilityChangeReporter( 1802): Compat change id reported: 135772972; UID 1000; state: DISABLED
08-03 12:41:46.586 D/CompatibilityChangeReporter( 1802): Compat change id reported: 135754954; UID 1000; state: DISABLED
08-03 12:41:46.587 D/CompatibilityChangeReporter( 1802): Compat change id reported: 135634846; UID 10386; state: DISABLED
08-03 12:41:46.587 D/CompatibilityChangeReporter( 1802): Compat change id reported: 177438394; UID 10386; state: DISABLED
08-03 12:41:46.587 D/CompatibilityChangeReporter( 1802): Compat change id reported: 135772972; UID 10386; state: DISABLED
08-03 12:41:46.587 D/CompatibilityChangeReporter( 1802): Compat change id reported: 135754954; UID 10386; state: ENABLED
08-03 12:41:46.590 D/CompatibilityChangeReporter( 1802): Compat change id reported: 135754954; UID 1000; state: ENABLED
08-03 12:41:46.596 I/ActivityManager( 1802): Start proc 14203:com.oneplus.camera.service/1000 for service {com.oneplus.camera.service/com.oneplus.camera.service.CameraService}
08-03 12:41:46.596 D/CompatibilityChangeReporter( 1802): Compat change id reported: 143937733; UID 10386; state: ENABLED
08-03 12:41:46.609 I/ActivityManager( 1802): Start proc 14204:com.oplus.cosa/u0a386 for service {com.oplus.cosa/com.oplus.cosa.gamemanagersdk.CosaGameSdkService}
08-03 12:41:46.622 I/ActivityManager( 1802): Start proc 14216:com.oplus.midas/1000 for service {com.oplus.obrain/com.oplus.ostats.components.OStatsDaemonService}
08-03 12:41:46.627 D/CompatibilityChangeReporter( 1802): Compat change id reported: 168419799; UID 1000; state: DISABLED
08-03 12:41:46.627 D/CompatibilityChangeReporter( 1802): Compat change id reported: 273564678; UID 1000; state: DISABLED
08-03 12:41:46.627 D/ActivityTaskManagerServiceExtImpl( 1802): preBindApplication record is null
08-03 12:41:46.634 D/CompatibilityChangeReporter( 1802): Compat change id reported: 168419799; UID 10386; state: DISABLED
08-03 12:41:46.634 D/CompatibilityChangeReporter( 1802): Compat change id reported: 273564678; UID 10386; state: DISABLED
08-03 12:41:46.634 D/ActivityTaskManagerServiceExtImpl( 1802): preBindApplication record is null
08-03 12:41:46.637 W/ContextImpl(14190): Calling a method in the system process without a qualified user: android.app.ContextImpl.startService:1929 android.content.ContextWrapper.startService:835 com.oplus.powermonitor.PMApplication.h:15 com.oplus.powermonitor.PMApplication.onCreate:43 android.app.Instrumentation.callApplicationOnCreate:1335 
08-03 12:41:46.638 D/CompatibilityChangeReporter( 1802): Compat change id reported: 265195908; UID 10386; state: ENABLED
08-03 12:41:46.638 W/ContextImpl(14190): Calling a method in the system process without a qualified user: android.app.ContextImpl.bindService:2032 android.content.ContextWrapper.bindService:871 com.oplus.powermonitor.PMApplication.h:28 com.oplus.powermonitor.PMApplication.onCreate:43 android.app.Instrumentation.callApplicationOnCreate:1335 
08-03 12:41:46.639 D/CompatibilityChangeReporter( 1802): Compat change id reported: 261072174; UID 1000; state: ENABLED
08-03 12:41:46.642 I/ActivityManager( 1802): Flag disabled. Ignoring finishAttachApplication from uid: 1000. pid: 14190
08-03 12:41:46.642 D/CompatibilityChangeReporter( 1802): Compat change id reported: 168419799; UID 1000; state: DISABLED
08-03 12:41:46.642 D/CompatibilityChangeReporter( 1802): Compat change id reported: 273564678; UID 1000; state: DISABLED
08-03 12:41:46.643 D/ActivityTaskManagerServiceExtImpl( 1802): preBindApplication record is null
08-03 12:41:46.653 D/CompatibilityChangeReporter( 1802): Compat change id reported: 319212206; UID 1000; state: DISABLED
08-03 12:41:46.656 D/PowerMonitorNotifier( 3561): onServiceConnected: success
08-03 12:41:46.660 D/CompatibilityChangeReporter( 1802): Compat change id reported: 170503758; UID 10386; state: ENABLED
08-03 12:41:46.692 I/ActivityManager( 1802): Flag disabled. Ignoring finishAttachApplication from uid: 1000. pid: 14203
08-03 12:41:46.713 D/ResourcesManagerExtImpl(14204): applyConfigurationToAppResourcesLocked app.getDisplayId() return callback.displayId:-1
08-03 12:41:46.731 W/PackageManager( 1802): package com.oplus.cosa uid 10386 pid 14204 call SetEnabledSetting(com.oplus.cosa component = androidx.work.impl.background.systemjob.SystemJobService, 1, 0)
08-03 12:41:46.747 I/ActivityManager( 1802): Flag disabled. Ignoring finishAttachApplication from uid: 10386. pid: 14204
08-03 12:41:46.757 D/CompatibilityChangeReporter( 1802): Compat change id reported: 161145287; UID 10386; state: ENABLED
08-03 12:41:46.769 D/CompatibilityChangeReporter( 1802): Compat change id reported: 261072174; UID 10386; state: ENABLED
08-03 12:41:46.798 I/MirageDisplayWindow(14204): OplusActivityManager createMirageWindowSession
08-03 12:41:46.799 V/OplusMiragerDisplaySession( 1802): add mUid: 10386 mPid: 14204 com.android.server.display.OplusMiragerDisplaySession@9ab1c79
08-03 12:41:46.808 I/GameManagerServiceExt-GameRemoteCallbackManager( 1802): setCosaCallback: android.os.BinderProxy@cfd256c
08-03 12:41:46.869 I/OplusAppSwitchManagerService( 1802): appswitch registerAppSwitchObserver pName = com@@oplus@@obrain observer = com.oplus.app.IOplusAppSwitchObserver$Stub$Proxy@637f61c config = OplusAppSwitchConfig = {  mConfigs = {} observerFingerPrint = 7295915}
08-03 12:41:46.869 I/OplusAppSwitchStateDispatcher( 1802): registerAppSwitchObserver addDynamicListener OK, info = OplusAppSwitchRuleInfo = {  observer = com.oplus.app.IOplusAppSwitchObserver$Stub$Proxy@637f61c observerFingerPrint = 7295915} rule size =0
08-03 12:41:46.875 D/CompatibilityChangeReporter( 1802): Compat change id reported: 157233955; UID 1000; state: ENABLED
08-03 12:41:46.891 W/ContextImpl(14216): Calling a method in the system process without a qualified user: android.app.ContextImpl.startService:1929 android.content.ContextWrapper.startService:835 com.oplus.obrain.MyApplication.onCreate:25 android.app.Instrumentation.callApplicationOnCreate:1335 android.app.ActivityThread.handleBindApplication:7594 
08-03 12:41:46.893 W/ContextImpl(14216): Calling a method in the system process without a qualified user: android.app.ContextImpl.startService:1929 android.content.ContextWrapper.startService:835 com.oplus.ostats.t1.b:14 com.oplus.ostats.t1.a:4 com.oplus.obrain.MyApplication.onCreate:32 
08-03 12:41:46.895 I/ActivityManager( 1802): Flag disabled. Ignoring finishAttachApplication from uid: 1000. pid: 14216
08-03 12:41:47.002 D/CompatibilityChangeReporter( 1802): Compat change id reported: 271850009; UID 1000; state: ENABLED
08-03 12:41:47.003 D/CompatibilityChangeReporter( 1802): Compat change id reported: 271850009; UID 1000; state: DISABLED
08-03 12:41:47.005 D/CompatibilityChangeReporter( 1802): Compat change id reported: 253665015; UID 1000; state: ENABLED
08-03 12:41:47.005 D/CompatibilityChangeReporter( 1802): Compat change id reported: 253665015; UID 1000; state: DISABLED
08-03 12:41:47.007 D/CompatibilityChangeReporter( 1802): Compat change id reported: 194532703; UID 1000; state: ENABLED
08-03 12:41:47.007 D/CompatibilityChangeReporter( 1802): Compat change id reported: 194532703; UID 1000; state: DISABLED
08-03 12:41:47.688 D/PowerMonitorNotifier( 3561): onServiceDisconnected: 
08-03 12:41:47.688 I/ActivityManager( 1802): Process com.oplus.powermonitor (pid 14190) has died: vis IMPF
08-03 12:41:47.696 W/ActivityManager( 1802): Receiver with filter android.content.IntentFilter@88197e3 already registered for pid 1802, callerPackage is android
08-03 12:41:48.062 D/CompatibilityChangeReporter( 1802): Compat change id reported: 171306433; UID 1000; state: ENABLED
08-03 12:41:48.062 D/CompatibilityChangeReporter( 1802): Compat change id reported: 218533173; UID 1000; state: ENABLED
08-03 12:41:48.073 W/ContextImpl(14216): Calling a method in the system process without a qualified user: android.app.ContextImpl.bindService:2032 android.content.ContextWrapper.bindService:871 J.k.f:17 J.k.m:4 com.oplus.qualityprotect.QualityProtectService$b.handleMessage:487 
08-03 12:41:48.074 D/CompatibilityChangeReporter( 1802): Compat change id reported: 261072174; UID 1000; state: ENABLED
08-03 12:41:49.114 W/ContextImpl( 1802): Calling a method in the system process without a qualified user: android.app.ContextImpl.sendBroadcastMultiplePermissions:1282 android.content.Context.sendBroadcastMultiplePermissions:2476 com.android.server.TelephonyRegistry.broadcastServiceStateChanged:3594 com.android.server.TelephonyRegistry.notifyServiceStateForPhoneId:1759 com.android.internal.telephony.ITelephonyRegistry$Stub.onTransact:534 
08-03 12:41:49.116 W/ContextImpl( 1802): Calling a method in the system process without a qualified user: android.app.ContextImpl.sendBroadcastMultiplePermissions:1315 com.android.server.TelephonyRegistry.broadcastServiceStateChanged:3599 com.android.server.TelephonyRegistry.notifyServiceStateForPhoneId:1759 com.android.internal.telephony.ITelephonyRegistry$Stub.onTransact:534 android.os.Binder.execTransactInternal:1392 
08-03 12:41:49.120 W/ContextImpl( 1802): Calling a method in the system process without a qualified user: android.app.ContextImpl.sendBroadcastMultiplePermissions:1315 com.android.server.TelephonyRegistry.broadcastServiceStateChanged:3608 com.android.server.TelephonyRegistry.notifyServiceStateForPhoneId:1759 com.android.internal.telephony.ITelephonyRegistry$Stub.onTransact:534 android.os.Binder.execTransactInternal:1392 
08-03 12:41:49.121 W/ContextImpl( 1802): Calling a method in the system process without a qualified user: android.app.ContextImpl.sendBroadcastMultiplePermissions:1315 com.android.server.TelephonyRegistry.broadcastServiceStateChanged:3614 com.android.server.TelephonyRegistry.notifyServiceStateForPhoneId:1759 com.android.internal.telephony.ITelephonyRegistry$Stub.onTransact:534 android.os.Binder.execTransactInternal:1392 
08-03 12:41:49.125 D/CompatibilityChangeReporter( 1802): Compat change id reported: 135634846; UID 10214; state: DISABLED
08-03 12:41:49.126 D/CompatibilityChangeReporter( 1802): Compat change id reported: 177438394; UID 10214; state: DISABLED
08-03 12:41:49.127 D/CompatibilityChangeReporter( 1802): Compat change id reported: 135772972; UID 10214; state: DISABLED
08-03 12:41:49.127 D/CompatibilityChangeReporter( 1802): Compat change id reported: 135754954; UID 10214; state: ENABLED
08-03 12:41:49.127 D/CompatibilityChangeReporter( 1802): Compat change id reported: 143937733; UID 10214; state: ENABLED
08-03 12:41:49.141 D/OplusCustomizeRestrictionManagerService( 1802): ismmsreceiveDisabled null
08-03 12:41:49.142 I/ActivityManager( 1802): Start proc 14320:com.google.android.cellbroadcastreceiver/u0a214 for broadcast {com.google.android.cellbroadcastreceiver/com.android.cellbroadcastreceiver.CellBroadcastReceiver}
08-03 12:41:49.142 E/OplusCustomizeRestrictionManagerService( 1802): getMobileDataMode error :s == null
08-03 12:41:49.159 D/CompatibilityChangeReporter( 1802): Compat change id reported: 168419799; UID 10214; state: DISABLED
08-03 12:41:49.159 D/CompatibilityChangeReporter( 1802): Compat change id reported: 273564678; UID 10214; state: DISABLED
08-03 12:41:49.159 D/ActivityTaskManagerServiceExtImpl( 1802): preBindApplication record is null
08-03 12:41:49.163 D/OplusInterceptLockScreenWindow( 1802): starting IOplusLockScreenCallbacks service...
08-03 12:41:49.164 D/CompatibilityChangeReporter( 1802): Compat change id reported: 265195908; UID 10214; state: ENABLED
08-03 12:41:49.187 D/CompatibilityChangeReporter( 1802): Compat change id reported: 170503758; UID 10214; state: ENABLED
08-03 12:41:49.285 D/ResourcesManagerExtImpl(14320): applyConfigurationToAppResourcesLocked app.getDisplayId() return callback.displayId:-1
08-03 12:41:49.309 I/ActivityManager( 1802): Flag disabled. Ignoring finishAttachApplication from uid: 10214. pid: 14320
08-03 12:41:49.942 D/UsageStatsService( 1802): User[0] type=0 b=1754199439803 e=1754199709942 cb=1754120110817 ce=1754199706587 disk=0 all=3
08-03 12:41:50.906 D/OomAdjuster( 1802): Not killing cached processes
08-03 12:41:58.973 D/CompatibilityChangeReporter( 1802): Compat change id reported: 135634846; UID 10162; state: DISABLED
08-03 12:41:58.973 D/CompatibilityChangeReporter( 1802): Compat change id reported: 177438394; UID 10162; state: DISABLED
08-03 12:41:58.973 D/CompatibilityChangeReporter( 1802): Compat change id reported: 135772972; UID 10162; state: DISABLED
08-03 12:41:58.973 D/CompatibilityChangeReporter( 1802): Compat change id reported: 135754954; UID 10162; state: ENABLED
08-03 12:41:58.974 D/CompatibilityChangeReporter( 1802): Compat change id reported: 143937733; UID 10162; state: ENABLED
08-03 12:41:59.000 I/ActivityManager( 1802): Start proc 14339:com.oneplus.account/u0a162 for content provider {com.oneplus.account/com.platform.usercenter.newcommon.db.UserCenterContentProvider}
08-03 12:41:59.035 D/CompatibilityChangeReporter( 1802): Compat change id reported: 168419799; UID 10162; state: DISABLED
08-03 12:41:59.035 D/CompatibilityChangeReporter( 1802): Compat change id reported: 273564678; UID 10162; state: DISABLED
08-03 12:41:59.035 D/ActivityTaskManagerServiceExtImpl( 1802): preBindApplication record is null
08-03 12:41:59.037 D/OomAdjuster( 1802): Not killing cached processes
08-03 12:41:59.038 D/OplusInterceptLockScreenWindow( 1802): starting IOplusLockScreenCallbacks service...
08-03 12:41:59.041 D/CompatibilityChangeReporter( 1802): Compat change id reported: 265195908; UID 10162; state: ENABLED
08-03 12:41:59.048 D/CompatibilityChangeReporter( 1802): Compat change id reported: 170503758; UID 10162; state: ENABLED
08-03 12:41:59.288 D/ResourcesManagerExtImpl(14339): applyConfigurationToAppResourcesLocked app.getDisplayId() return callback.displayId:-1
08-03 12:41:59.338 D/CompatibilityChangeReporter( 1802): Compat change id reported: 161145287; UID 10162; state: ENABLED
08-03 12:41:59.418 D/CompatibilityChangeReporter( 1802): Compat change id reported: 319212206; UID 10162; state: DISABLED
08-03 12:41:59.495 I/ActivityManager( 1802): Flag disabled. Ignoring finishAttachApplication from uid: 10162. pid: 14339
08-03 12:41:59.525 W/ProcessStats( 1802): Tracking association SourceState{c120952 com.google.android.gms.persistent/10142 BFgs #6249} whose proc state 4 is better than process ProcessState{7345b02 com.google.android.gms.unstable/10142 pkg=com.google.android.gms} proc state 14 (454 skipped)
08-03 12:41:59.527 E/ActivityThread(14339): Failed to find provider info for com.platform.usercenter.vip
08-03 12:41:59.531 D/CompatibilityChangeReporter( 1802): Compat change id reported: 261072174; UID 10162; state: ENABLED
08-03 12:42:03.700 D/CompatibilityChangeReporter( 1802): Compat change id reported: 135634846; UID 1000; state: DISABLED
08-03 12:42:03.700 D/CompatibilityChangeReporter( 1802): Compat change id reported: 177438394; UID 1000; state: DISABLED
08-03 12:42:03.701 D/CompatibilityChangeReporter( 1802): Compat change id reported: 135772972; UID 1000; state: DISABLED
08-03 12:42:03.701 D/CompatibilityChangeReporter( 1802): Compat change id reported: 135754954; UID 1000; state: ENABLED
08-03 12:42:03.725 I/ActivityManager( 1802): Start proc 14398:com.oplus.powermonitor/1000 for service {com.oplus.powermonitor/com.oplus.powermonitor.standbymonitor.powerstats.PowerStatsService}
08-03 12:42:03.751 D/ActivityTaskManagerServiceExtImpl( 1802): preBindApplication record is null
08-03 12:42:03.761 D/OplusInterceptLockScreenWindow( 1802): starting IOplusLockScreenCallbacks service...
08-03 12:42:03.797 W/ContextImpl(14398): Calling a method in the system process without a qualified user: android.app.ContextImpl.startService:1929 android.content.ContextWrapper.startService:835 com.oplus.powermonitor.PMApplication.h:15 com.oplus.powermonitor.PMApplication.onCreate:43 android.app.Instrumentation.callApplicationOnCreate:1335 
08-03 12:42:03.798 W/ContextImpl(14398): Calling a method in the system process without a qualified user: android.app.ContextImpl.bindService:2032 android.content.ContextWrapper.bindService:871 com.oplus.powermonitor.PMApplication.h:28 com.oplus.powermonitor.PMApplication.onCreate:43 android.app.Instrumentation.callApplicationOnCreate:1335 
08-03 12:42:03.800 I/ActivityManager( 1802): Flag disabled. Ignoring finishAttachApplication from uid: 1000. pid: 14398
08-03 12:42:03.812 D/PowerMonitorNotifier( 3561): onServiceConnected: success
08-03 12:42:04.847 D/PowerMonitorNotifier( 3561): onServiceDisconnected: 
08-03 12:42:04.847 I/ActivityManager( 1802): Process com.oplus.powermonitor (pid 14398) has died: vis IMPF
08-03 12:42:04.853 D/OomAdjuster( 1802): Not killing cached processes
08-03 12:42:05.580 D/CompatibilityChangeReporter( 1802): Compat change id reported: 135634846; UID 10142; state: DISABLED
08-03 12:42:05.580 D/CompatibilityChangeReporter( 1802): Compat change id reported: 177438394; UID 10142; state: DISABLED
08-03 12:42:05.580 D/CompatibilityChangeReporter( 1802): Compat change id reported: 135772972; UID 10142; state: DISABLED
08-03 12:42:05.581 D/CompatibilityChangeReporter( 1802): Compat change id reported: 135754954; UID 10142; state: ENABLED
08-03 12:42:05.582 D/CompatibilityChangeReporter( 1802): Compat change id reported: 143937733; UID 10142; state: ENABLED
08-03 12:42:05.605 I/ActivityManager( 1802): Start proc 14422:com.google.process.gservices/u0a142 for content provider {com.google.android.gsf/com.google.android.gsf.gservices.GservicesProvider}
08-03 12:42:05.646 D/CompatibilityChangeReporter( 1802): Compat change id reported: 168419799; UID 10142; state: DISABLED
08-03 12:42:05.646 D/CompatibilityChangeReporter( 1802): Compat change id reported: 273564678; UID 10142; state: DISABLED
08-03 12:42:05.646 D/ActivityTaskManagerServiceExtImpl( 1802): preBindApplication record is null
08-03 12:42:05.651 D/OplusInterceptLockScreenWindow( 1802): starting IOplusLockScreenCallbacks service...
08-03 12:42:05.672 D/CompatibilityChangeReporter( 1802): Compat change id reported: 170503758; UID 10142; state: ENABLED
08-03 12:42:05.763 D/ResourcesManagerExtImpl(14422): applyConfigurationToAppResourcesLocked app.getDisplayId() return callback.displayId:-1
08-03 12:42:05.798 W/ActivityManager( 1802): Unable to start service Intent { act=com.google.android.gms.gservices.START pkg=com.google.android.gms mCallingUid=10142 } U=0: not found
08-03 12:42:05.799 W/ActivityManager( 1802): Unbind failed: could not find connection for android.os.BinderProxy@99b458d
08-03 12:42:05.824 I/ActivityManager( 1802): Flag disabled. Ignoring finishAttachApplication from uid: 10142. pid: 14422
08-03 12:42:13.563 D/CompatibilityChangeReporter( 1802): Compat change id reported: 135634846; UID 10156; state: DISABLED
08-03 12:42:13.563 D/CompatibilityChangeReporter( 1802): Compat change id reported: 177438394; UID 10156; state: DISABLED
08-03 12:42:13.563 D/CompatibilityChangeReporter( 1802): Compat change id reported: 135772972; UID 10156; state: DISABLED
08-03 12:42:13.563 D/CompatibilityChangeReporter( 1802): Compat change id reported: 135754954; UID 10156; state: ENABLED
08-03 12:42:13.564 D/CompatibilityChangeReporter( 1802): Compat change id reported: 143937733; UID 10156; state: ENABLED
08-03 12:42:13.589 I/ActivityManager( 1802): Start proc 14446:com.google.android.apps.photos/u0a156 for content provider {com.google.android.apps.photos/com.google.android.apps.photos.cloudpicker.CloudMediaProviderWrapper}
08-03 12:42:13.630 D/CompatibilityChangeReporter( 1802): Compat change id reported: 168419799; UID 10156; state: DISABLED
08-03 12:42:13.630 D/CompatibilityChangeReporter( 1802): Compat change id reported: 273564678; UID 10156; state: DISABLED
08-03 12:42:13.630 D/ActivityTaskManagerServiceExtImpl( 1802): preBindApplication record is null
08-03 12:42:13.633 D/OomAdjuster( 1802): Not killing cached processes
08-03 12:42:13.634 D/OplusInterceptLockScreenWindow( 1802): starting IOplusLockScreenCallbacks service...
08-03 12:42:13.638 D/CompatibilityChangeReporter( 1802): Compat change id reported: 265195908; UID 10156; state: ENABLED
08-03 12:42:13.644 D/CompatibilityChangeReporter( 1802): Compat change id reported: 170503758; UID 10156; state: ENABLED
08-03 12:42:13.690 D/ResourcesManagerExtImpl(14446): applyConfigurationToAppResourcesLocked app.getDisplayId() return callback.displayId:-1
08-03 12:42:13.734 D/CompatibilityChangeReporter( 1802): Compat change id reported: 161145287; UID 10156; state: ENABLED
08-03 12:42:13.737 I/ActivityManager( 1802): Flag disabled. Ignoring finishAttachApplication from uid: 10156. pid: 14446
08-03 12:42:13.744 W/ProcessStats( 1802): Tracking association SourceState{c120952 com.google.android.gms.persistent/10142 BFgs #6286} whose proc state 4 is better than process ProcessState{7345b02 com.google.android.gms.unstable/10142 pkg=com.google.android.gms} proc state 14 (10 skipped)
08-03 12:42:13.749 D/CompatibilityChangeReporter( 1802): Compat change id reported: 261072174; UID 10156; state: ENABLED
08-03 12:42:13.758 E/OplusCustomizeRestrictionManager(14446): sInstance is null, start a new sInstance
08-03 12:42:15.625 V/AlarmManager( 1802): sending alarm Alarm{735a408 type 3 origWhen 430125 whenElapsed 430125 android} uid 1000 whenElapsed 430125 windowLength 0 maxWhenElapsed 430125 repeatInterval 0 action null component null tag TIME_TICK flags 0x9 procName system_server
08-03 12:42:15.637 V/AlarmManager( 1802): sending alarm Alarm{c4f0187 type 2 origWhen 445748 whenElapsed 445748 android} uid 1000 whenElapsed 445748 windowLength 0 maxWhenElapsed 445748 repeatInterval 0 action com.android.server.task.controllers.BatteryIdleController.ACTION_SCREENOFF_IDLE component null flags 0x9 procName system_server
08-03 12:42:15.689 E/OplusCustomizeRestrictionManagerService( 1802): isBiometricDisabled start
08-03 12:42:17.006 I/ActivityManager( 1802): Process com.oplus.statistics.rom:cc (pid 14083) has died: cch+5 CEM 
08-03 12:42:18.038 E/BatteryStatsService( 1802): Invalid uid for waking network packet: -1
08-03 12:42:19.560 I/ActivityManager( 1802): Process com.heytap.mcs.appservice (pid 14156) has died: cch+5 CEM 
08-03 12:42:19.564 D/OomAdjuster( 1802): Not killing cached processes
08-03 12:42:23.204 V/AlarmManager( 1802): sending alarm Alarm{c099d50 type 0 origWhen 1754199720000 whenElapsed 430124 com.example.widget_test} uid 11232 whenElapsed 430124 windowLength 23198 maxWhenElapsed 453322 repeatInterval 0 action null component ComponentInfo{com.example.widget_test/com.example.widget_test.AlarmCallbackReceiver} flags 0x4 procName com.example.widget_test
08-03 12:42:23.208 V/AlarmManager( 1802): sending alarm Alarm{9e68b49 type 3 origWhen 435075 whenElapsed 435075 android} uid 1000 whenElapsed 435075 windowLength 13452 maxWhenElapsed 448527 repeatInterval 0 action null component null tag *job.delay* flags 0x0 procName system_server
08-03 12:42:23.209 V/AlarmManager( 1802): sending alarm Alarm{90fbc4e type 3 origWhen 439690 whenElapsed 439690 com.google.android.gms} uid 10142 whenElapsed 439690 windowLength 173731 maxWhenElapsed 613421 repeatInterval 0 action com.google.android.gms.gcm.ACTION_CHECK_QUEUE component ComponentInfo{com.google.android.gms/com.google.android.gms.gcm.nts.SchedulerInternalReceiver} flags 0x0 procName com.google.android.gms.persistent
08-03 12:42:23.231 D/CompatibilityChangeReporter( 1802): Compat change id reported: 161145287; UID 10142; state: ENABLED
08-03 12:42:23.247 D/CompatibilityChangeReporter( 1802): Compat change id reported: 135634846; UID 10351; state: DISABLED
08-03 12:42:23.247 D/CompatibilityChangeReporter( 1802): Compat change id reported: 177438394; UID 10351; state: DISABLED
08-03 12:42:23.247 D/CompatibilityChangeReporter( 1802): Compat change id reported: 135772972; UID 10351; state: DISABLED
08-03 12:42:23.247 D/CompatibilityChangeReporter( 1802): Compat change id reported: 135754954; UID 10351; state: ENABLED
08-03 12:42:23.248 D/CompatibilityChangeReporter( 1802): Compat change id reported: 143937733; UID 10351; state: ENABLED
08-03 12:42:23.264 I/ActivityManager( 1802): Start proc 14508:com.oplus.statistics.rom:cc/u0a351 for service {com.oplus.statistics.rom/com.oplus.dcc.cloudctl.CloudCtlService}
08-03 12:42:23.300 D/CompatibilityChangeReporter( 1802): Compat change id reported: 168419799; UID 10351; state: DISABLED
08-03 12:42:23.300 D/CompatibilityChangeReporter( 1802): Compat change id reported: 273564678; UID 10351; state: DISABLED
08-03 12:42:23.300 D/ActivityTaskManagerServiceExtImpl( 1802): preBindApplication record is null
08-03 12:42:23.302 D/CompatibilityChangeReporter( 1802): Compat change id reported: 261072174; UID 10351; state: ENABLED
08-03 12:42:23.304 D/OplusInterceptLockScreenWindow( 1802): starting IOplusLockScreenCallbacks service...
08-03 12:42:23.309 D/CompatibilityChangeReporter( 1802): Compat change id reported: 170503758; UID 10351; state: ENABLED
08-03 12:42:23.325 W/PackageManager( 1802): package com.google.android.gms uid 10142 pid 4385 call SetEnabledSetting(com.google.android.gms component = com.google.android.gms.tapandpay.globalactions.WalletQuickAccessWalletService, 1, 0)
08-03 12:42:23.326 W/PackageManager( 1802): package com.google.android.gms uid 10142 pid 4385 call SetEnabledSetting(com.google.android.gms component = com.google.android.gms.tapandpay.globalactions.QuickAccessWalletService, 2, 0)
08-03 12:42:23.326 W/OplusCustomizeService( 1802): try to disable com.google.android.gms
08-03 12:42:23.331 D/ResourcesManagerExtImpl(14508): applyConfigurationToAppResourcesLocked app.getDisplayId() return callback.displayId:-1
08-03 12:42:23.332 I/ActivityManager( 1802): Flag disabled. Ignoring finishAttachApplication from uid: 10351. pid: 14508
08-03 12:42:24.277 W/ProcessStats( 1802): Tracking association SourceState{266e070 com.google.android.gms/10142 BFgs #6383} whose proc state 4 is better than process ProcessState{4cfdfe9 android.process.acore/10091 pkg=com.android.providers.contacts (sub)} proc state 8 (137 skipped)
08-03 12:42:25.655 D/OomAdjuster( 1802): Not killing cached processes
08-03 12:42:31.227 D/OomAdjuster( 1802): Not killing cached processes
08-03 12:42:33.913 E/BatteryStatsService( 1802): Invalid uid for waking network packet: -1
08-03 12:42:33.913 E/BatteryStatsService( 1802): Invalid uid for waking network packet: -1
08-03 12:42:35.830 W/ProcessStats( 1802): Tracking association SourceState{ab8c685 com.google.android.gms.persistent/10142 BFgs #6430} whose proc state 4 is better than process ProcessState{16ac7c7 com.google.android.gms/10142 pkg=com.google.android.gms} proc state 14 (104 skipped)
08-03 12:42:38.346 D/OomAdjuster( 1802): Not killing cached processes
08-03 12:42:40.602 V/AlarmManager( 1802): sending alarm Alarm{4444601 type 2 origWhen 470724 whenElapsed 470724 com.oplus.subsys} uid 1000 whenElapsed 470724 windowLength 0 maxWhenElapsed 470724 repeatInterval 0 action com.oplus.clusters.tgs.detect.imsguard.alarm.wait0 component null flags 0x9 procName com.oplus.subsys
08-03 12:42:40.742 W/ContextImpl( 4080): Calling a method in the system process without a qualified user: android.app.ContextImpl.sendBroadcast:1247 android.content.ContextWrapper.sendBroadcast:519 com.oplus.clusters.tgs.detect.imsguard.ImsGuardUnit.broadcastNecEvent:1758 com.oplus.clusters.tgs.detect.imsguard.ImsGuardUnit.broadcastImsGuard:1746 com.oplus.clusters.tgs.detect.imsguard.ImsGuardUnit.stopGetDcsInfo:1793 
08-03 12:42:40.745 D/CompatibilityChangeReporter( 1802): Compat change id reported: 171306433; UID 1000; state: ENABLED
08-03 12:42:40.745 D/CompatibilityChangeReporter( 1802): Compat change id reported: 218533173; UID 1000; state: ENABLED
08-03 12:42:40.757 W/ContextImpl( 1802): Calling a method in the system process without a qualified user: android.app.ContextImpl.sendBroadcastMultiplePermissions:1282 android.content.Context.sendBroadcastMultiplePermissions:2476 com.android.server.TelephonyRegistry.broadcastServiceStateChanged:3594 com.android.server.TelephonyRegistry.notifyServiceStateForPhoneId:1759 com.android.internal.telephony.ITelephonyRegistry$Stub.onTransact:534 
08-03 12:42:40.759 W/ContextImpl( 1802): Calling a method in the system process without a qualified user: android.app.ContextImpl.sendBroadcastMultiplePermissions:1315 com.android.server.TelephonyRegistry.broadcastServiceStateChanged:3599 com.android.server.TelephonyRegistry.notifyServiceStateForPhoneId:1759 com.android.internal.telephony.ITelephonyRegistry$Stub.onTransact:534 android.os.Binder.execTransactInternal:1392 
08-03 12:42:40.764 W/ContextImpl( 1802): Calling a method in the system process without a qualified user: android.app.ContextImpl.sendBroadcastMultiplePermissions:1315 com.android.server.TelephonyRegistry.broadcastServiceStateChanged:3608 com.android.server.TelephonyRegistry.notifyServiceStateForPhoneId:1759 com.android.internal.telephony.ITelephonyRegistry$Stub.onTransact:534 android.os.Binder.execTransactInternal:1392 
08-03 12:42:40.765 W/ContextImpl( 1802): Calling a method in the system process without a qualified user: android.app.ContextImpl.sendBroadcastMultiplePermissions:1315 com.android.server.TelephonyRegistry.broadcastServiceStateChanged:3614 com.android.server.TelephonyRegistry.notifyServiceStateForPhoneId:1759 com.android.internal.telephony.ITelephonyRegistry$Stub.onTransact:534 android.os.Binder.execTransactInternal:1392 
08-03 12:42:40.774 D/OplusCustomizeRestrictionManagerService( 1802): ismmsreceiveDisabled null
08-03 12:42:40.774 E/OplusCustomizeRestrictionManagerService( 1802): getMobileDataMode error :s == null
08-03 12:42:43.488 I/keystore2(  819): system/security/keystore2/src/watchdog.rs:319 - Watchdog thread idle -> terminating. Have a great day.
08-03 12:42:44.410 D/PowerMonitorNotifier( 3561): onScreenOff: trying to connecting
08-03 12:42:44.419 V/ActivityManager( 1802): Has totaly same connectionRecord, just reuse it!
08-03 12:42:44.422 D/CompatibilityChangeReporter( 1802): Compat change id reported: 135634846; UID 1000; state: DISABLED
08-03 12:42:44.423 D/CompatibilityChangeReporter( 1802): Compat change id reported: 177438394; UID 1000; state: DISABLED
08-03 12:42:44.423 D/CompatibilityChangeReporter( 1802): Compat change id reported: 135772972; UID 1000; state: DISABLED
08-03 12:42:44.423 D/CompatibilityChangeReporter( 1802): Compat change id reported: 135754954; UID 1000; state: ENABLED
08-03 12:42:44.444 I/ActivityManager( 1802): Start proc 14574:com.oplus.powermonitor/1000 for service {com.oplus.powermonitor/com.oplus.powermonitor.standbymonitor.powerstats.PowerStatsService}
08-03 12:42:44.468 D/ActivityTaskManagerServiceExtImpl( 1802): preBindApplication record is null
08-03 12:42:44.471 D/OomAdjuster( 1802): Not killing cached processes
08-03 12:42:44.472 D/OplusInterceptLockScreenWindow( 1802): starting IOplusLockScreenCallbacks service...
08-03 12:42:44.514 W/ContextImpl(14574): Calling a method in the system process without a qualified user: android.app.ContextImpl.startService:1929 android.content.ContextWrapper.startService:835 com.oplus.powermonitor.PMApplication.h:15 com.oplus.powermonitor.PMApplication.onCreate:43 android.app.Instrumentation.callApplicationOnCreate:1335 
08-03 12:42:44.515 W/ContextImpl(14574): Calling a method in the system process without a qualified user: android.app.ContextImpl.bindService:2032 android.content.ContextWrapper.bindService:871 com.oplus.powermonitor.PMApplication.h:28 com.oplus.powermonitor.PMApplication.onCreate:43 android.app.Instrumentation.callApplicationOnCreate:1335 
08-03 12:42:44.518 I/ActivityManager( 1802): Flag disabled. Ignoring finishAttachApplication from uid: 1000. pid: 14574
08-03 12:42:44.532 D/PowerMonitorNotifier( 3561): onServiceConnected: success
08-03 12:42:45.120 V/AlarmManager( 1802): sending alarm Alarm{3eb748c type 0 origWhen 1754199765118 whenElapsed 475242 com.oplus.athena} uid 1000 whenElapsed 475242 windowLength 0 maxWhenElapsed 475242 repeatInterval 0 action oplus.intent.action.BOOT_MEM_OPTIMIZE component null flags 0x9 procName system_server
08-03 12:42:45.556 D/PowerMonitorNotifier( 3561): onServiceDisconnected: 
08-03 12:42:45.556 I/ActivityManager( 1802): Process com.oplus.powermonitor (pid 14574) has died: vis IMPF
08-03 12:42:46.609 D/CompatibilityChangeReporter( 1802): Compat change id reported: 135634846; UID 1000; state: DISABLED
08-03 12:42:46.609 D/CompatibilityChangeReporter( 1802): Compat change id reported: 177438394; UID 1000; state: DISABLED
08-03 12:42:46.609 D/CompatibilityChangeReporter( 1802): Compat change id reported: 135772972; UID 1000; state: DISABLED
08-03 12:42:46.609 D/CompatibilityChangeReporter( 1802): Compat change id reported: 135754954; UID 1000; state: ENABLED
08-03 12:42:46.634 I/ActivityManager( 1802): Start proc 14599:com.oplus.powermonitor/1000 for service {com.oplus.powermonitor/com.oplus.powermonitor.standbymonitor.powerstats.PowerStatsService}
08-03 12:42:46.689 D/ActivityTaskManagerServiceExtImpl( 1802): preBindApplication record is null
08-03 12:42:46.703 D/OplusInterceptLockScreenWindow( 1802): starting IOplusLockScreenCallbacks service...
08-03 12:42:46.738 W/ContextImpl(14599): Calling a method in the system process without a qualified user: android.app.ContextImpl.startService:1929 android.content.ContextWrapper.startService:835 com.oplus.powermonitor.PMApplication.h:15 com.oplus.powermonitor.PMApplication.onCreate:43 android.app.Instrumentation.callApplicationOnCreate:1335 
08-03 12:42:46.740 W/ContextImpl(14599): Calling a method in the system process without a qualified user: android.app.ContextImpl.bindService:2032 android.content.ContextWrapper.bindService:871 com.oplus.powermonitor.PMApplication.h:28 com.oplus.powermonitor.PMApplication.onCreate:43 android.app.Instrumentation.callApplicationOnCreate:1335 
08-03 12:42:46.744 I/ActivityManager( 1802): Flag disabled. Ignoring finishAttachApplication from uid: 1000. pid: 14599
08-03 12:42:46.761 D/PowerMonitorNotifier( 3561): onServiceConnected: success
08-03 12:42:47.800 D/PowerMonitorNotifier( 3561): onServiceDisconnected: 
08-03 12:42:47.815 I/ActivityManager( 1802): Process com.oplus.powermonitor (pid 14599) has died: vis IMPF
08-03 12:42:47.855 W/ProcessStats( 1802): Tracking association SourceState{c120952 com.google.android.gms.persistent/10142 BFgs #6477} whose proc state 4 is better than process ProcessState{7345b02 com.google.android.gms.unstable/10142 pkg=com.google.android.gms} proc state 14 (18 skipped)
08-03 12:42:51.849 D/CompatibilityChangeReporter( 1802): Compat change id reported: 135634846; UID 1000; state: DISABLED
08-03 12:42:51.849 D/CompatibilityChangeReporter( 1802): Compat change id reported: 177438394; UID 1000; state: DISABLED
08-03 12:42:51.849 D/CompatibilityChangeReporter( 1802): Compat change id reported: 135772972; UID 1000; state: DISABLED
08-03 12:42:51.849 D/CompatibilityChangeReporter( 1802): Compat change id reported: 135754954; UID 1000; state: ENABLED
08-03 12:42:51.865 I/ActivityManager( 1802): Start proc 14634:com.oplus.powermonitor/1000 for service {com.oplus.powermonitor/com.oplus.powermonitor.standbymonitor.powerstats.PowerStatsService}
08-03 12:42:51.891 D/ActivityTaskManagerServiceExtImpl( 1802): preBindApplication record is null
08-03 12:42:51.908 D/OomAdjuster( 1802): Not killing cached processes
08-03 12:42:51.908 D/OplusInterceptLockScreenWindow( 1802): starting IOplusLockScreenCallbacks service...
08-03 12:42:51.943 W/ContextImpl(14634): Calling a method in the system process without a qualified user: android.app.ContextImpl.startService:1929 android.content.ContextWrapper.startService:835 com.oplus.powermonitor.PMApplication.h:15 com.oplus.powermonitor.PMApplication.onCreate:43 android.app.Instrumentation.callApplicationOnCreate:1335 
08-03 12:42:51.944 W/ContextImpl(14634): Calling a method in the system process without a qualified user: android.app.ContextImpl.bindService:2032 android.content.ContextWrapper.bindService:871 com.oplus.powermonitor.PMApplication.h:28 com.oplus.powermonitor.PMApplication.onCreate:43 android.app.Instrumentation.callApplicationOnCreate:1335 
08-03 12:42:51.949 I/ActivityManager( 1802): Flag disabled. Ignoring finishAttachApplication from uid: 1000. pid: 14634
08-03 12:42:51.993 D/PowerMonitorNotifier( 3561): onServiceConnected: success
08-03 12:42:53.011 D/PowerMonitorNotifier( 3561): onServiceDisconnected: 
08-03 12:42:53.011 I/ActivityManager( 1802): Process com.oplus.powermonitor (pid 14634) has died: vis IMPF
08-03 12:43:09.025 D/CompatibilityChangeReporter( 1802): Compat change id reported: 135634846; UID 1000; state: DISABLED
08-03 12:43:09.025 D/CompatibilityChangeReporter( 1802): Compat change id reported: 177438394; UID 1000; state: DISABLED
08-03 12:43:09.026 D/CompatibilityChangeReporter( 1802): Compat change id reported: 135772972; UID 1000; state: DISABLED
08-03 12:43:09.026 D/CompatibilityChangeReporter( 1802): Compat change id reported: 135754954; UID 1000; state: ENABLED
08-03 12:43:09.045 I/ActivityManager( 1802): Start proc 14672:com.oplus.powermonitor/1000 for service {com.oplus.powermonitor/com.oplus.powermonitor.standbymonitor.powerstats.PowerStatsService}
08-03 12:43:09.077 D/ActivityTaskManagerServiceExtImpl( 1802): preBindApplication record is null
08-03 12:43:09.081 D/OomAdjuster( 1802): Not killing cached processes
08-03 12:43:09.082 D/OplusInterceptLockScreenWindow( 1802): starting IOplusLockScreenCallbacks service...
08-03 12:43:09.131 W/ContextImpl(14672): Calling a method in the system process without a qualified user: android.app.ContextImpl.startService:1929 android.content.ContextWrapper.startService:835 com.oplus.powermonitor.PMApplication.h:15 com.oplus.powermonitor.PMApplication.onCreate:43 android.app.Instrumentation.callApplicationOnCreate:1335 
08-03 12:43:09.132 W/ContextImpl(14672): Calling a method in the system process without a qualified user: android.app.ContextImpl.bindService:2032 android.content.ContextWrapper.bindService:871 com.oplus.powermonitor.PMApplication.h:28 com.oplus.powermonitor.PMApplication.onCreate:43 android.app.Instrumentation.callApplicationOnCreate:1335 
08-03 12:43:09.135 I/ActivityManager( 1802): Flag disabled. Ignoring finishAttachApplication from uid: 1000. pid: 14672
08-03 12:43:09.153 D/PowerMonitorNotifier( 3561): onServiceConnected: success
08-03 12:43:10.189 D/PowerMonitorNotifier( 3561): onServiceDisconnected: 
08-03 12:43:10.190 I/ActivityManager( 1802): Process com.oplus.powermonitor (pid 14672) has died: vis IMPF
08-03 12:43:10.197 W/ProcessStats( 1802): Tracking association SourceState{c120952 com.google.android.gms.persistent/10142 BFgs #6525} whose proc state 4 is better than process ProcessState{7345b02 com.google.android.gms.unstable/10142 pkg=com.google.android.gms} proc state 14 (19 skipped)
08-03 12:43:18.016 D/OomAdjuster( 1802): Not killing cached processes
08-03 12:43:19.056 I/ActivityManager( 1802): Process com.oplus.statistics.rom:cc (pid 14508) has died: cch+5 CEM 
08-03 12:43:20.085 E/BatteryStatsService( 1802): Invalid uid for waking network packet: -1
08-03 12:43:27.594 V/AlarmManager( 1802): sending alarm Alarm{37eee28 type 3 origWhen 490124 whenElapsed 490124 android} uid 1000 whenElapsed 490124 windowLength 0 maxWhenElapsed 490124 repeatInterval 0 action null component null tag TIME_TICK flags 0x9 procName system_server
