08-03 21:12:47.381  1336  1400 I AppsFilter: interaction: PackageSetting{453647d com.example.widget_test/10182} -> PackageSetting{b06568b com.google.android.apps.docs/10128} BLOCKED
08-03 21:12:47.381  1336  1400 I AppsFilter: interaction: PackageSetting{453647d com.example.widget_test/10182} -> PackageSetting{ff95dff com.google.android.apps.youtube.music/10127} BLOCKED
08-03 21:12:47.381  1336  1400 I AppsFilter: interaction: PackageSetting{453647d com.example.widget_test/10182} -> PackageSetting{ff95dff com.google.android.apps.youtube.music/10127} BLOCKED
08-03 21:12:47.381  1336  1400 I AppsFilter: interaction: PackageSetting{453647d com.example.widget_test/10182} -> PackageSetting{ff95dff com.google.android.apps.youtube.music/10127} BLOCKED
08-03 21:12:47.381  1336  1400 I AppsFilter: interaction: PackageSetting{453647d com.example.widget_test/10182} -> PackageSetting{7d5ee97 com.google.android.calendar/10126} BLOCKED
08-03 21:12:47.381  1336  1400 I AppsFilter: interaction: PackageSetting{453647d com.example.widget_test/10182} -> PackageSetting{7d5ee97 com.google.android.calendar/10126} BLOCKED
08-03 21:12:47.381  1336  1400 I AppsFilter: interaction: PackageSetting{453647d com.example.widget_test/10182} -> PackageSetting{a0ae7cc com.google.android.deskclock/10133} BLOCKED
08-03 21:12:47.381  1336  1400 I AppsFilter: interaction: PackageSetting{453647d com.example.widget_test/10182} -> PackageSetting{a0ae7cc com.google.android.deskclock/10133} BLOCKED
08-03 21:12:47.381  1336  1400 I AppsFilter: interaction: PackageSetting{453647d com.example.widget_test/10182} -> PackageSetting{a0ae7cc com.google.android.deskclock/10133} BLOCKED
08-03 21:12:47.381  1336  1400 I AppsFilter: interaction: PackageSetting{453647d com.example.widget_test/10182} -> PackageSetting{a0ae7cc com.google.android.deskclock/10133} BLOCKED
08-03 21:12:47.381  1336  1400 I AppsFilter: interaction: PackageSetting{453647d com.example.widget_test/10182} -> PackageSetting{a0ae7cc com.google.android.deskclock/10133} BLOCKED
08-03 21:12:47.381  1336  1400 I AppsFilter: interaction: PackageSetting{453647d com.example.widget_test/10182} -> PackageSetting{d0d0a15 com.google.android.gm/10137} BLOCKED
08-03 21:12:47.381  1336  1400 I AppsFilter: interaction: PackageSetting{453647d com.example.widget_test/10182} -> PackageSetting{8dde12a com.google.android.googlequicksearchbox/10120} BLOCKED
08-03 21:12:47.381  1336  1400 I AppsFilter: interaction: PackageSetting{453647d com.example.widget_test/10182} -> PackageSetting{8dde12a com.google.android.googlequicksearchbox/10120} BLOCKED
08-03 21:12:47.381  1336  1400 I AppsFilter: interaction: PackageSetting{453647d com.example.widget_test/10182} -> PackageSetting{8dde12a com.google.android.googlequicksearchbox/10120} BLOCKED
08-03 21:12:47.381  1336  1400 I AppsFilter: interaction: PackageSetting{453647d com.example.widget_test/10182} -> PackageSetting{18fdb1b com.google.android.settings.intelligence/10108} BLOCKED
08-03 21:12:47.381  1336  1400 I AppsFilter: interaction: PackageSetting{453647d com.example.widget_test/10182} -> PackageSetting{e4b4b8 com.google.android.youtube/10144} BLOCKED
08-03 21:12:47.381  1336  1400 I AppsFilter: interaction: PackageSetting{453647d com.example.widget_test/10182} -> PackageSetting{e4b4b8 com.google.android.youtube/10144} BLOCKED
08-03 21:13:20.313  1336  1975 D CoreBackPreview: Window{8deeda4 u0 Splash Screen com.example.widget_test EXITING}: Setting back callback null
08-03 21:26:06.354  1336  2791 I ActivityManager: Force stopping com.example.widget_test appid=10182 user=0: from pid 22251
08-03 21:26:06.356  1336  2791 I ActivityManager: Killing 22039:com.example.widget_test/u0a182 (adj 700): stop com.example.widget_test due to from pid 22251
08-03 21:26:06.360  1336  2791 W ActivityTaskManager: Force removing ActivityRecord{f4c9ed1 u0 com.example.widget_test/.MainActivity} t965 f}}: app died, no saved state
08-03 21:26:06.360  1336  1364 W UsageStatsService: Unexpected activity event reported! (com.example.widget_test/com.example.widget_test.MainActivity event : 23 instanceId : 243608056)
08-03 21:26:06.392  1336  1351 V ActivityManager: Got obituary of 22039:com.example.widget_test
08-03 21:26:15.063  1336  2791 I ActivityManager: Force stopping com.example.widget_test appid=10182 user=0: from pid 22265
08-03 21:26:15.510  1336  1365 I ActivityManager: Force stopping com.example.widget_test appid=10182 user=-1: installPackageLI
08-03 21:26:15.512  1336  1388 I PackageManager: Update package com.example.widget_test code path from /data/app/~~3RFvcvT1GNsWi_Qm2EN5sQ==/com.example.widget_test-Rrw4WO_EYN3PDgs0ZtwMtw== to /data/app/~~-RAf0VNxnL5e0tSEdfDImA==/com.example.widget_test-K0x2-RsT2Ng2aUjUb9WYTQ==; Retain data and using new
08-03 21:26:15.512  1336  1388 I AppsFilter: interaction: PackageSetting{cf81874 com.indentix.homeworkplanner/10188} -> PackageSetting{b95ec70 com.example.widget_test/10182} BLOCKED
08-03 21:26:15.513  1336  1388 I AppsFilter: interaction: PackageSetting{5bbe612 com.indentix.studentplanner/10192} -> PackageSetting{b95ec70 com.example.widget_test/10182} BLOCKED
08-03 21:26:15.513  1336  1388 I AppsFilter: interaction: PackageSetting{cf81874 com.indentix.homeworkplanner/10188} -> PackageSetting{506a1e3 com.example.widget_test/10182} BLOCKED
08-03 21:26:15.513  1336  1388 I AppsFilter: interaction: PackageSetting{5bbe612 com.indentix.studentplanner/10192} -> PackageSetting{506a1e3 com.example.widget_test/10182} BLOCKED
08-03 21:26:15.542  1336  1388 I AppsFilter: interaction: PackageSetting{cf81874 com.indentix.homeworkplanner/10188} -> PackageSetting{506a1e3 com.example.widget_test/10182} BLOCKED
08-03 21:26:15.543  1336  1388 I AppsFilter: interaction: PackageSetting{5bbe612 com.indentix.studentplanner/10192} -> PackageSetting{506a1e3 com.example.widget_test/10182} BLOCKED
08-03 21:26:15.544  1336  1388 I ActivityManager: Force stopping com.example.widget_test appid=10182 user=0: pkg removed
08-03 21:26:15.590  1336  1336 I Telecom : CarModeTracker: Package com.example.widget_test is not tracked.: SSH.oR@Ap0
08-03 21:26:15.668  1336  1366 I ActivityManager: Start proc 22282:com.example.widget_test/u0a182 for broadcast {com.example.widget_test/com.example.widget_test.WidgetProvider}
08-03 21:26:15.763  1336  1385 E VerityUtils: Failed to measure fs-verity, errno 1: /data/app/~~-RAf0VNxnL5e0tSEdfDImA==/com.example.widget_test-K0x2-RsT2Ng2aUjUb9WYTQ==/base.apk
08-03 21:26:15.881  1336  1351 I ActivityTaskManager: START u0 {act=android.intent.action.MAIN cat=[android.intent.category.LAUNCHER] flg=0x30000000 cmp=com.example.widget_test/.MainActivity (has extras)} from uid 2000
08-03 21:26:15.974  1336  2524 D CoreBackPreview: Window{6c5baec u0 Splash Screen com.example.widget_test}: Setting back callback OnBackInvokedCallbackInfo{mCallback=android.window.IOnBackInvokedCallback$Stub$Proxy@ac999d8, mPriority=0}
08-03 21:26:16.798  1336  1385 E VerityUtils: Failed to measure fs-verity, errno 1: /data/app/~~-RAf0VNxnL5e0tSEdfDImA==/com.example.widget_test-K0x2-RsT2Ng2aUjUb9WYTQ==/base.apk
08-03 21:26:17.360  1336  2787 D CoreBackPreview: Window{5bfcdbc u0 com.example.widget_test/com.example.widget_test.MainActivity}: Setting back callback OnBackInvokedCallbackInfo{mCallback=android.window.IOnBackInvokedCallback$Stub$Proxy@a42909a, mPriority=0}
08-03 21:26:18.063  1336  1400 I AppsFilter: interaction: PackageSetting{f62d5b5 com.example.widget_test/10182} -> PackageSetting{269d11e com.android.chrome/10138} BLOCKED
08-03 21:26:18.063  1336  1400 I AppsFilter: interaction: PackageSetting{f62d5b5 com.example.widget_test/10182} -> PackageSetting{269d11e com.android.chrome/10138} BLOCKED
08-03 21:26:18.063  1336  1400 I AppsFilter: interaction: PackageSetting{f62d5b5 com.example.widget_test/10182} -> PackageSetting{269d11e com.android.chrome/10138} BLOCKED
08-03 21:26:18.063  1336  1400 I AppsFilter: interaction: PackageSetting{f62d5b5 com.example.widget_test/10182} -> PackageSetting{269d11e com.android.chrome/10138} BLOCKED
08-03 21:26:18.063  1336  1400 I AppsFilter: interaction: PackageSetting{f62d5b5 com.example.widget_test/10182} -> PackageSetting{b06568b com.google.android.apps.docs/10128} BLOCKED
08-03 21:26:18.063  1336  1400 I AppsFilter: interaction: PackageSetting{f62d5b5 com.example.widget_test/10182} -> PackageSetting{b06568b com.google.android.apps.docs/10128} BLOCKED
08-03 21:26:18.063  1336  1400 I AppsFilter: interaction: PackageSetting{f62d5b5 com.example.widget_test/10182} -> PackageSetting{ff95dff com.google.android.apps.youtube.music/10127} BLOCKED
08-03 21:26:18.063  1336  1400 I AppsFilter: interaction: PackageSetting{f62d5b5 com.example.widget_test/10182} -> PackageSetting{ff95dff com.google.android.apps.youtube.music/10127} BLOCKED
08-03 21:26:18.063  1336  1400 I AppsFilter: interaction: PackageSetting{f62d5b5 com.example.widget_test/10182} -> PackageSetting{ff95dff com.google.android.apps.youtube.music/10127} BLOCKED
08-03 21:26:18.063  1336  1400 I AppsFilter: interaction: PackageSetting{f62d5b5 com.example.widget_test/10182} -> PackageSetting{7d5ee97 com.google.android.calendar/10126} BLOCKED
08-03 21:26:18.063  1336  1400 I AppsFilter: interaction: PackageSetting{f62d5b5 com.example.widget_test/10182} -> PackageSetting{7d5ee97 com.google.android.calendar/10126} BLOCKED
08-03 21:26:18.063  1336  1400 I AppsFilter: interaction: PackageSetting{f62d5b5 com.example.widget_test/10182} -> PackageSetting{a0ae7cc com.google.android.deskclock/10133} BLOCKED
08-03 21:26:18.063  1336  1400 I AppsFilter: interaction: PackageSetting{f62d5b5 com.example.widget_test/10182} -> PackageSetting{a0ae7cc com.google.android.deskclock/10133} BLOCKED
08-03 21:26:18.063  1336  1400 I AppsFilter: interaction: PackageSetting{f62d5b5 com.example.widget_test/10182} -> PackageSetting{a0ae7cc com.google.android.deskclock/10133} BLOCKED
08-03 21:26:18.063  1336  1400 I AppsFilter: interaction: PackageSetting{f62d5b5 com.example.widget_test/10182} -> PackageSetting{a0ae7cc com.google.android.deskclock/10133} BLOCKED
08-03 21:26:18.063  1336  1400 I AppsFilter: interaction: PackageSetting{f62d5b5 com.example.widget_test/10182} -> PackageSetting{a0ae7cc com.google.android.deskclock/10133} BLOCKED
08-03 21:26:18.063  1336  1400 I AppsFilter: interaction: PackageSetting{f62d5b5 com.example.widget_test/10182} -> PackageSetting{d0d0a15 com.google.android.gm/10137} BLOCKED
08-03 21:26:18.063  1336  1400 I AppsFilter: interaction: PackageSetting{f62d5b5 com.example.widget_test/10182} -> PackageSetting{8dde12a com.google.android.googlequicksearchbox/10120} BLOCKED
08-03 21:26:18.063  1336  1400 I AppsFilter: interaction: PackageSetting{f62d5b5 com.example.widget_test/10182} -> PackageSetting{8dde12a com.google.android.googlequicksearchbox/10120} BLOCKED
08-03 21:26:18.063  1336  1400 I AppsFilter: interaction: PackageSetting{f62d5b5 com.example.widget_test/10182} -> PackageSetting{8dde12a com.google.android.googlequicksearchbox/10120} BLOCKED
08-03 21:26:18.063  1336  1400 I AppsFilter: interaction: PackageSetting{f62d5b5 com.example.widget_test/10182} -> PackageSetting{18fdb1b com.google.android.settings.intelligence/10108} BLOCKED
08-03 21:26:18.063  1336  1400 I AppsFilter: interaction: PackageSetting{f62d5b5 com.example.widget_test/10182} -> PackageSetting{e4b4b8 com.google.android.youtube/10144} BLOCKED
08-03 21:26:18.063  1336  1400 I AppsFilter: interaction: PackageSetting{f62d5b5 com.example.widget_test/10182} -> PackageSetting{e4b4b8 com.google.android.youtube/10144} BLOCKED
08-03 21:26:38.462  1336  1689 D CoreBackPreview: Window{6c5baec u0 Splash Screen com.example.widget_test EXITING}: Setting back callback null
08-03 23:24:28.573  1336  1366 I ActivityManager: Start proc 22773:com.google.android.calendar/u0a126 for broadcast {com.google.android.calendar/com.android.calendar.widget.CalendarAppWidgetProvider}
08-03 23:27:08.275  1336  1400 I ActivityManager: Force stopping com.example.widget_test appid=10182 user=0: from pid 23485
08-03 23:27:08.278  1336  1400 I ActivityManager: Killing 22282:com.example.widget_test/u0a182 (adj 700): stop com.example.widget_test due to from pid 23485
08-03 23:27:08.286  1336  1400 W ActivityTaskManager: Force removing ActivityRecord{ed1554 u0 com.example.widget_test/.MainActivity} t966 f}}: app died, no saved state
08-03 23:27:08.289  1336  1364 W UsageStatsService: Unexpected activity event reported! (com.example.widget_test/com.example.widget_test.MainActivity event : 23 instanceId : 239676583)
08-03 23:27:08.345  1336  2778 V ActivityManager: Got obituary of 22282:com.example.widget_test
08-03 23:27:08.887  1336  1365 I ActivityManager: Force stopping com.example.widget_test appid=10182 user=-1: installPackageLI
08-03 23:27:08.890  1336  1388 I PackageManager: Update package com.example.widget_test code path from /data/app/~~-RAf0VNxnL5e0tSEdfDImA==/com.example.widget_test-K0x2-RsT2Ng2aUjUb9WYTQ== to /data/app/~~cGFQaOXPQnMlu9Tj6u8pjw==/com.example.widget_test-MaFpinyxo84WxwlvOUrolQ==; Retain data and using new
08-03 23:27:08.892  1336  1388 I AppsFilter: interaction: PackageSetting{cf81874 com.indentix.homeworkplanner/10188} -> PackageSetting{305ec47 com.example.widget_test/10182} BLOCKED
08-03 23:27:08.892  1336  1388 I AppsFilter: interaction: PackageSetting{5bbe612 com.indentix.studentplanner/10192} -> PackageSetting{305ec47 com.example.widget_test/10182} BLOCKED
08-03 23:27:08.892  1336  1388 I AppsFilter: interaction: PackageSetting{cf81874 com.indentix.homeworkplanner/10188} -> PackageSetting{506a1e3 com.example.widget_test/10182} BLOCKED
08-03 23:27:08.892  1336  1388 I AppsFilter: interaction: PackageSetting{5bbe612 com.indentix.studentplanner/10192} -> PackageSetting{506a1e3 com.example.widget_test/10182} BLOCKED
08-03 23:27:08.939  1336  1388 I AppsFilter: interaction: PackageSetting{cf81874 com.indentix.homeworkplanner/10188} -> PackageSetting{506a1e3 com.example.widget_test/10182} BLOCKED
08-03 23:27:08.939  1336  1388 I AppsFilter: interaction: PackageSetting{5bbe612 com.indentix.studentplanner/10192} -> PackageSetting{506a1e3 com.example.widget_test/10182} BLOCKED
08-03 23:27:08.951  1336  1388 I ActivityManager: Force stopping com.example.widget_test appid=10182 user=0: pkg removed
08-03 23:27:09.080  1336  1336 I Telecom : CarModeTracker: Package com.example.widget_test is not tracked.: SSH.oR@Aus
08-03 23:27:09.369  1336  1366 I ActivityManager: Start proc 23523:com.example.widget_test/u0a182 for broadcast {com.example.widget_test/com.example.widget_test.WidgetProvider}
08-03 23:27:09.488  1336  2249 I ActivityTaskManager: START u0 {act=android.intent.action.MAIN cat=[android.intent.category.LAUNCHER] flg=0x30000000 cmp=com.example.widget_test/.MainActivity (has extras)} from uid 2000
08-03 23:27:09.689  1336  1494 D CoreBackPreview: Window{70e4bf u0 Splash Screen com.example.widget_test}: Setting back callback OnBackInvokedCallbackInfo{mCallback=android.window.IOnBackInvokedCallback$Stub$Proxy@aa2ced5, mPriority=0}
08-03 23:27:09.939  1336  1385 E VerityUtils: Failed to measure fs-verity, errno 1: /data/app/~~cGFQaOXPQnMlu9Tj6u8pjw==/com.example.widget_test-MaFpinyxo84WxwlvOUrolQ==/base.apk
08-03 23:27:11.869  1336  1385 E VerityUtils: Failed to measure fs-verity, errno 1: /data/app/~~cGFQaOXPQnMlu9Tj6u8pjw==/com.example.widget_test-MaFpinyxo84WxwlvOUrolQ==/base.apk
08-03 23:27:11.881  1336  2526 D CoreBackPreview: Window{d27f752 u0 com.example.widget_test/com.example.widget_test.MainActivity}: Setting back callback OnBackInvokedCallbackInfo{mCallback=android.window.IOnBackInvokedCallback$Stub$Proxy@e51957f, mPriority=0}
08-03 23:27:14.716  1336  1920 D CoreBackPreview: Window{70e4bf u0 Splash Screen com.example.widget_test EXITING}: Setting back callback null
08-03 23:28:44.354  1336  2481 I ActivityManager: Force stopping com.example.widget_test appid=10182 user=0: from pid 23709
08-03 23:28:44.355  1336  2481 I ActivityManager: Killing 23523:com.example.widget_test/u0a182 (adj 700): stop com.example.widget_test due to from pid 23709
08-03 23:28:44.360  1336  2481 W ActivityTaskManager: Force removing ActivityRecord{6b2b560 u0 com.example.widget_test/.MainActivity} t967 f}}: app died, no saved state
08-03 23:28:44.360  1336  1364 W UsageStatsService: Unexpected activity event reported! (com.example.widget_test/com.example.widget_test.MainActivity event : 23 instanceId : 265835875)
08-03 23:28:44.398  1336  2481 V ActivityManager: Got obituary of 23523:com.example.widget_test
08-03 23:28:51.876  1336  2784 I ActivityManager: Force stopping com.example.widget_test appid=10182 user=0: from pid 23723
08-03 23:28:52.351  1336  1365 I ActivityManager: Force stopping com.example.widget_test appid=10182 user=-1: installPackageLI
08-03 23:28:52.353  1336  1388 I PackageManager: Update package com.example.widget_test code path from /data/app/~~cGFQaOXPQnMlu9Tj6u8pjw==/com.example.widget_test-MaFpinyxo84WxwlvOUrolQ== to /data/app/~~TERL0__gyyNTvsyse5G9lg==/com.example.widget_test-nK619Y8s6G7naS7I5avWTQ==; Retain data and using new
08-03 23:28:52.354  1336  1388 I AppsFilter: interaction: PackageSetting{cf81874 com.indentix.homeworkplanner/10188} -> PackageSetting{55cd016 com.example.widget_test/10182} BLOCKED
08-03 23:28:52.354  1336  1388 I AppsFilter: interaction: PackageSetting{5bbe612 com.indentix.studentplanner/10192} -> PackageSetting{55cd016 com.example.widget_test/10182} BLOCKED
08-03 23:28:52.354  1336  1388 I AppsFilter: interaction: PackageSetting{cf81874 com.indentix.homeworkplanner/10188} -> PackageSetting{506a1e3 com.example.widget_test/10182} BLOCKED
08-03 23:28:52.354  1336  1388 I AppsFilter: interaction: PackageSetting{5bbe612 com.indentix.studentplanner/10192} -> PackageSetting{506a1e3 com.example.widget_test/10182} BLOCKED
08-03 23:28:52.389  1336  1388 I AppsFilter: interaction: PackageSetting{cf81874 com.indentix.homeworkplanner/10188} -> PackageSetting{506a1e3 com.example.widget_test/10182} BLOCKED
08-03 23:28:52.389  1336  1388 I AppsFilter: interaction: PackageSetting{5bbe612 com.indentix.studentplanner/10192} -> PackageSetting{506a1e3 com.example.widget_test/10182} BLOCKED
08-03 23:28:52.393  1336  1388 I ActivityManager: Force stopping com.example.widget_test appid=10182 user=0: pkg removed
08-03 23:28:52.447  1336  1336 I Telecom : CarModeTracker: Package com.example.widget_test is not tracked.: SSH.oR@AvA
08-03 23:28:52.608  1336  1366 I ActivityManager: Start proc 23743:com.example.widget_test/u0a182 for broadcast {com.example.widget_test/com.example.widget_test.WidgetProvider}
08-03 23:28:52.729  1336  2526 I ActivityTaskManager: START u0 {act=android.intent.action.MAIN cat=[android.intent.category.LAUNCHER] flg=0x30000000 cmp=com.example.widget_test/.MainActivity (has extras)} from uid 2000
08-03 23:28:52.765  1336  2481 D CoreBackPreview: Window{44dc0cc u0 Splash Screen com.example.widget_test}: Setting back callback OnBackInvokedCallbackInfo{mCallback=android.window.IOnBackInvokedCallback$Stub$Proxy@6d2e22a, mPriority=0}
08-03 23:28:52.815  1336  1385 E VerityUtils: Failed to measure fs-verity, errno 1: /data/app/~~TERL0__gyyNTvsyse5G9lg==/com.example.widget_test-nK619Y8s6G7naS7I5avWTQ==/base.apk
08-03 23:28:53.997  1336  1385 E VerityUtils: Failed to measure fs-verity, errno 1: /data/app/~~TERL0__gyyNTvsyse5G9lg==/com.example.widget_test-nK619Y8s6G7naS7I5avWTQ==/base.apk
08-03 23:28:54.541  1336  1503 D CoreBackPreview: Window{bca00cd u0 com.example.widget_test/com.example.widget_test.MainActivity}: Setting back callback OnBackInvokedCallbackInfo{mCallback=android.window.IOnBackInvokedCallback$Stub$Proxy@9ebbc93, mPriority=0}
08-03 23:28:56.513  1336  1503 D CoreBackPreview: Window{44dc0cc u0 Splash Screen com.example.widget_test EXITING}: Setting back callback null
08-03 23:30:31.194  1336  1352 I ActivityManager: Force stopping com.example.widget_test appid=10182 user=0: from pid 23852
08-03 23:30:31.195  1336  1352 I ActivityManager: Killing 23743:com.example.widget_test/u0a182 (adj 700): stop com.example.widget_test due to from pid 23852
08-03 23:30:31.200  1336  1352 W ActivityTaskManager: Force removing ActivityRecord{960c21e u0 com.example.widget_test/.MainActivity} t968 f}}: app died, no saved state
08-03 23:30:31.200  1336  1364 W UsageStatsService: Unexpected activity event reported! (com.example.widget_test/com.example.widget_test.MainActivity event : 23 instanceId : 226739801)
08-03 23:30:31.222  1336  2786 V ActivityManager: Got obituary of 23743:com.example.widget_test
08-03 23:30:39.254  1336  2784 I ActivityManager: Force stopping com.example.widget_test appid=10182 user=0: from pid 23866
08-03 23:30:39.687  1336  1365 I ActivityManager: Force stopping com.example.widget_test appid=10182 user=-1: installPackageLI
08-03 23:30:39.688  1336  1388 I PackageManager: Update package com.example.widget_test code path from /data/app/~~TERL0__gyyNTvsyse5G9lg==/com.example.widget_test-nK619Y8s6G7naS7I5avWTQ== to /data/app/~~3pMtd5HX_Yqe8avhQgQwYw==/com.example.widget_test-cVIb9oxNhwbqohZ-P58sPQ==; Retain data and using new
08-03 23:30:39.689  1336  1388 I AppsFilter: interaction: PackageSetting{cf81874 com.indentix.homeworkplanner/10188} -> PackageSetting{4f27b9d com.example.widget_test/10182} BLOCKED
08-03 23:30:39.689  1336  1388 I AppsFilter: interaction: PackageSetting{5bbe612 com.indentix.studentplanner/10192} -> PackageSetting{4f27b9d com.example.widget_test/10182} BLOCKED
08-03 23:30:39.689  1336  1388 I AppsFilter: interaction: PackageSetting{cf81874 com.indentix.homeworkplanner/10188} -> PackageSetting{506a1e3 com.example.widget_test/10182} BLOCKED
08-03 23:30:39.689  1336  1388 I AppsFilter: interaction: PackageSetting{5bbe612 com.indentix.studentplanner/10192} -> PackageSetting{506a1e3 com.example.widget_test/10182} BLOCKED
08-03 23:30:39.717  1336  1388 I AppsFilter: interaction: PackageSetting{cf81874 com.indentix.homeworkplanner/10188} -> PackageSetting{506a1e3 com.example.widget_test/10182} BLOCKED
08-03 23:30:39.717  1336  1388 I AppsFilter: interaction: PackageSetting{5bbe612 com.indentix.studentplanner/10192} -> PackageSetting{506a1e3 com.example.widget_test/10182} BLOCKED
08-03 23:30:39.718  1336  1388 I ActivityManager: Force stopping com.example.widget_test appid=10182 user=0: pkg removed
08-03 23:30:39.770  1336  1336 I Telecom : CarModeTracker: Package com.example.widget_test is not tracked.: SSH.oR@AvU
08-03 23:30:39.906  1336  1366 I ActivityManager: Start proc 23900:com.example.widget_test/u0a182 for broadcast {com.example.widget_test/com.example.widget_test.WidgetProvider}
08-03 23:30:40.108  1336  1385 E VerityUtils: Failed to measure fs-verity, errno 1: /data/app/~~3pMtd5HX_Yqe8avhQgQwYw==/com.example.widget_test-cVIb9oxNhwbqohZ-P58sPQ==/base.apk
08-03 23:30:40.248  1336  1920 I ActivityTaskManager: START u0 {act=android.intent.action.MAIN cat=[android.intent.category.LAUNCHER] flg=0x30000000 cmp=com.example.widget_test/.MainActivity (has extras)} from uid 2000
08-03 23:30:40.333  1336  1502 D CoreBackPreview: Window{d3cdf89 u0 Splash Screen com.example.widget_test}: Setting back callback OnBackInvokedCallbackInfo{mCallback=android.window.IOnBackInvokedCallback$Stub$Proxy@6fe2faf, mPriority=0}
08-03 23:30:41.296  1336  1385 E VerityUtils: Failed to measure fs-verity, errno 1: /data/app/~~3pMtd5HX_Yqe8avhQgQwYw==/com.example.widget_test-cVIb9oxNhwbqohZ-P58sPQ==/base.apk
08-03 23:30:41.836  1336  2048 D CoreBackPreview: Window{bd529e8 u0 com.example.widget_test/com.example.widget_test.MainActivity}: Setting back callback OnBackInvokedCallbackInfo{mCallback=android.window.IOnBackInvokedCallback$Stub$Proxy@e4fd6a6, mPriority=0}
08-03 23:30:43.647  1336  2249 D CoreBackPreview: Window{d3cdf89 u0 Splash Screen com.example.widget_test EXITING}: Setting back callback null
08-03 23:30:57.843  1336  2033 I ActivityTaskManager: START u0 {act=android.intent.action.MAIN cat=[android.intent.category.LAUNCHER] flg=0x10200000 cmp=com.example.widget_test/.MainActivity bnds=[57,1414][267,1686]} from uid 10152
08-03 23:30:57.844  1336  2033 I ActivityTaskManager: Launching r: ActivityRecord{735f8e1 u0 com.example.widget_test/.MainActivity} from background: ActivityRecord{63ed69a u0 com.google.android.apps.nexuslauncher/.NexusLauncherActivity} t946}. New task: false
08-03 23:30:57.969  1336  1354 W ziparchive: Unable to open '/data/app/~~3pMtd5HX_Yqe8avhQgQwYw==/com.example.widget_test-cVIb9oxNhwbqohZ-P58sPQ==/base.dm': No such file or directory
08-03 23:30:58.050  2054  2054 I GoogleInputMethodService: GoogleInputMethodService.onStartInput():1877 onStartInput(EditorInfo{inputType=0x0(NULL) imeOptions=0x0 privateImeOptions=null actionName=UNSPECIFIED actionLabel=null actionId=0 initialSelStart=-1 initialSelEnd=-1 initialCapsMode=0x0 hintText=null label=null packageName=com.example.widget_test fieldId=-1 fieldName=null extras=null}, false)
08-03 23:31:09.413  2054  2054 I GoogleInputMethodService: GoogleInputMethodService.onStartInput():1877 onStartInput(EditorInfo{inputType=0x8001(Normal) imeOptions=0x2000006 privateImeOptions=null actionName=DONE actionLabel=null actionId=0 initialSelStart=0 initialSelEnd=0 initialCapsMode=0x0 hintText=null label=null packageName=com.example.widget_test fieldId=1 fieldName=null extras=null}, false)
08-03 23:31:09.449  2054  2054 I GoogleInputMethodService: GoogleInputMethodService.onStartInputView():1995 onStartInputView(EditorInfo{inputType=0x8001(Normal) imeOptions=0x2000006 privateImeOptions=null actionName=DONE actionLabel=null actionId=0 initialSelStart=0 initialSelEnd=0 initialCapsMode=0x0 hintText=null label=null packageName=com.example.widget_test fieldId=1 fieldName=null extras=null}, false)
08-03 23:31:09.476  1336  2788 D ContentCapturePerUserService: Notified activity assist data for activity: Token{8c16d42 ActivityRecord{cb1d153 u0 com.example.widget_test/.MainActivity} t969}} without a session Id
08-03 23:31:09.585  2054  2054 I AndroidIME: AbstractIme.onActivate():86 LatinIme.onActivate() : EditorInfo = inputType=0x8001(Normal) imeOptions=0x2000006 privateImeOptions=null actionName=DONE actionLabel=null actionId=0 initialSelStart=0 initialSelEnd=0 initialCapsMode=0x0 hintText=null label=null packageName=com.example.widget_test fieldId=1 fieldName=null extras=null, IncognitoMode = false, DeviceLocked = false
08-03 23:31:09.622  1336  1503 D CoreBackPreview: Window{bd529e8 u0 com.example.widget_test/com.example.widget_test.MainActivity}: Setting back callback OnBackInvokedCallbackInfo{mCallback=android.window.IOnBackInvokedCallback$Stub$Proxy@d1cfee, mPriority=0}
08-03 23:31:09.980  1960 22542 W tul     : Infinite Data has no result for com.example.widget_test [CONTEXT service_id=177 ]
08-03 23:31:10.014  1960 19234 W tul     : Infinite Data has no result for com.example.widget_test [CONTEXT service_id=177 ]
08-03 23:31:13.712  1336  2786 D CoreBackPreview: Window{bd529e8 u0 com.example.widget_test/com.example.widget_test.MainActivity}: Setting back callback OnBackInvokedCallbackInfo{mCallback=android.window.IOnBackInvokedCallback$Stub$Proxy@55b95d1, mPriority=0}
08-03 23:35:58.293  1778  1778 D b/267448330: provider: ComponentInfo{com.example.widget_test/com.example.widget_test.WidgetProvider}, paddedSizes: [368.0x223.2381, 779.4286x122.666664], getMinMaxSizes: Rect(368, 122 - 779, 223)
08-03 23:36:02.959  1336  1503 I ActivityManager: Force stopping com.example.widget_test appid=10182 user=0: from pid 24500
08-03 23:36:02.961  1336  1503 I ActivityManager: Killing 23900:com.example.widget_test/u0a182 (adj 100): stop com.example.widget_test due to from pid 24500
08-03 23:36:02.962  1336  1503 W ActivityTaskManager: Force removing ActivityRecord{cb1d153 u0 com.example.widget_test/.MainActivity} t969 f}}: app died, no saved state
08-03 23:36:02.963  1336  1364 W UsageStatsService: Unexpected activity event reported! (com.example.widget_test/com.example.widget_test.MainActivity event : 23 instanceId : 146894146)
08-03 23:36:02.965  1336  1503 W InputManager-JNI: Input channel object 'bd529e8 com.example.widget_test/com.example.widget_test.MainActivity (client)' was disposed without first being removed with the input manager!
08-03 23:36:02.998  1637  1637 D CarrierSvcBindHelper: onHandleForceStop: [com.example.widget_test]
08-03 23:36:03.000  1336  2788 V ActivityManager: Got obituary of 23900:com.example.widget_test
08-03 23:36:11.015  1336  2788 I ActivityManager: Force stopping com.example.widget_test appid=10182 user=0: from pid 24514
08-03 23:36:11.017  1637  1637 D CarrierSvcBindHelper: onHandleForceStop: [com.example.widget_test]
08-03 23:36:11.520  1336  1365 I ActivityManager: Force stopping com.example.widget_test appid=10182 user=-1: installPackageLI
08-03 23:36:11.524  1336  1388 I PackageManager: Update package com.example.widget_test code path from /data/app/~~3pMtd5HX_Yqe8avhQgQwYw==/com.example.widget_test-cVIb9oxNhwbqohZ-P58sPQ== to /data/app/~~kqiXRMxnuLPGvqOKMFDb4Q==/com.example.widget_test-xgf__WmGv1p8ffUsP9Z_0Q==; Retain data and using new
08-03 23:36:11.526  1336  1388 I AppsFilter: interaction: PackageSetting{cf81874 com.indentix.homeworkplanner/10188} -> PackageSetting{8bd1ab com.example.widget_test/10182} BLOCKED
08-03 23:36:11.526  1336  1388 I AppsFilter: interaction: PackageSetting{5bbe612 com.indentix.studentplanner/10192} -> PackageSetting{8bd1ab com.example.widget_test/10182} BLOCKED
08-03 23:36:11.526  1336  1388 I AppsFilter: interaction: PackageSetting{cf81874 com.indentix.homeworkplanner/10188} -> PackageSetting{506a1e3 com.example.widget_test/10182} BLOCKED
08-03 23:36:11.526  1336  1388 I AppsFilter: interaction: PackageSetting{5bbe612 com.indentix.studentplanner/10192} -> PackageSetting{506a1e3 com.example.widget_test/10182} BLOCKED
08-03 23:36:11.564  1336  1388 I AppsFilter: interaction: PackageSetting{cf81874 com.indentix.homeworkplanner/10188} -> PackageSetting{506a1e3 com.example.widget_test/10182} BLOCKED
08-03 23:36:11.564  1336  1388 I AppsFilter: interaction: PackageSetting{5bbe612 com.indentix.studentplanner/10192} -> PackageSetting{506a1e3 com.example.widget_test/10182} BLOCKED
08-03 23:36:11.569  1336  1388 I ActivityManager: Force stopping com.example.widget_test appid=10182 user=0: pkg removed
08-03 23:36:11.633  1336  1336 I Telecom : CarModeTracker: Package com.example.widget_test is not tracked.: SSH.oR@Avo
08-03 23:36:11.634  1336  1486 I SdkSandboxManager: No SDKs used. Skipping SDK data reconcilation for CallingInfo{mUid=10182, mPackageName='com.example.widget_test'}
08-03 23:36:11.654 22556 22556 D MediaPlayerList: Name of package changed: com.example.widget_test
08-03 23:36:11.682  1336  1486 I SdkSandboxManager: No SDKs used. Skipping SDK data reconcilation for CallingInfo{mUid=10182, mPackageName='com.example.widget_test'}
08-03 23:36:11.690  1778  1778 I LauncherAppWidgetHostView: App widget created with id: 27
08-03 23:36:11.771  1336  1366 I ActivityManager: Start proc 24536:com.example.widget_test/u0a182 for broadcast {com.example.widget_test/com.example.widget_test.WidgetProvider}
08-03 23:36:11.790  1637  1637 D CarrierSvcBindHelper: onPackageUpdateFinished: com.example.widget_test
08-03 23:36:11.802  1336  2786 I ActivityTaskManager: START u0 {act=android.intent.action.MAIN cat=[android.intent.category.LAUNCHER] flg=0x30000000 cmp=com.example.widget_test/.MainActivity (has extras)} from uid 2000
08-03 23:36:11.832  1336  1975 D CoreBackPreview: Window{6e9bf9c u0 Splash Screen com.example.widget_test}: Setting back callback OnBackInvokedCallbackInfo{mCallback=android.window.IOnBackInvokedCallback$Stub$Proxy@fb7857a, mPriority=0}
08-03 23:36:11.853  1637  1637 D CarrierSvcBindHelper: onPackageModified: com.example.widget_test
08-03 23:36:11.971  1637  1637 D ImsResolver: maybeAddedImsService, packageName: com.example.widget_test
08-03 23:36:12.013  1336  1385 E VerityUtils: Failed to measure fs-verity, errno 1: /data/app/~~kqiXRMxnuLPGvqOKMFDb4Q==/com.example.widget_test-xgf__WmGv1p8ffUsP9Z_0Q==/base.apk
08-03 23:36:12.040  2109 24559 W SQLiteLog: (28) double-quoted string literal: "com.example.widget_test"
08-03 23:36:12.120  1960 24570 I ProximityAuth: [RecentAppsMediator] Package added: (user=UserHandle{0}) com.example.widget_test
08-03 23:36:12.163 24536 24536 D nativeloader: Configuring classloader-namespace for other apk /system_ext/framework/androidx.window.extensions.jar. target_sdk_version=35, uses_libraries=ALL, library_path=/data/app/~~kqiXRMxnuLPGvqOKMFDb4Q==/com.example.widget_test-xgf__WmGv1p8ffUsP9Z_0Q==/lib/arm64:/data/app/~~kqiXRMxnuLPGvqOKMFDb4Q==/com.example.widget_test-xgf__WmGv1p8ffUsP9Z_0Q==/base.apk!/lib/arm64-v8a, permitted_path=/data:/mnt/expand:/data/user/0/com.example.widget_test
08-03 23:36:12.166 24536 24536 D nativeloader: Configuring classloader-namespace for other apk /system_ext/framework/androidx.window.sidecar.jar. target_sdk_version=35, uses_libraries=ALL, library_path=/data/app/~~kqiXRMxnuLPGvqOKMFDb4Q==/com.example.widget_test-xgf__WmGv1p8ffUsP9Z_0Q==/lib/arm64:/data/app/~~kqiXRMxnuLPGvqOKMFDb4Q==/com.example.widget_test-xgf__WmGv1p8ffUsP9Z_0Q==/base.apk!/lib/arm64-v8a, permitted_path=/data:/mnt/expand:/data/user/0/com.example.widget_test
08-03 23:36:12.167 24536 24536 W ziparchive: Unable to open '/data/app/~~kqiXRMxnuLPGvqOKMFDb4Q==/com.example.widget_test-xgf__WmGv1p8ffUsP9Z_0Q==/base.dm': No such file or directory
08-03 23:36:12.167 24536 24536 W ziparchive: Unable to open '/data/app/~~kqiXRMxnuLPGvqOKMFDb4Q==/com.example.widget_test-xgf__WmGv1p8ffUsP9Z_0Q==/base.dm': No such file or directory
08-03 23:36:12.316 24536 24536 D nativeloader: Configuring classloader-namespace for other apk /data/app/~~kqiXRMxnuLPGvqOKMFDb4Q==/com.example.widget_test-xgf__WmGv1p8ffUsP9Z_0Q==/base.apk. target_sdk_version=35, uses_libraries=, library_path=/data/app/~~kqiXRMxnuLPGvqOKMFDb4Q==/com.example.widget_test-xgf__WmGv1p8ffUsP9Z_0Q==/lib/arm64:/data/app/~~kqiXRMxnuLPGvqOKMFDb4Q==/com.example.widget_test-xgf__WmGv1p8ffUsP9Z_0Q==/base.apk!/lib/arm64-v8a, permitted_path=/data:/mnt/expand:/data/user/0/com.example.widget_test
08-03 23:36:12.338 24536 24536 V GraphicsEnvironment: ANGLE Developer option for 'com.example.widget_test' set to: 'default'
08-03 23:36:12.339 24536 24536 V GraphicsEnvironment: ANGLE GameManagerService for com.example.widget_test: false
08-03 23:36:13.026 24536 24536 W ple.widget_test: type=1400 audit(0.0:210): avc: denied { read } for name="max_map_count" dev="proc" ino=144909 scontext=u:r:untrusted_app:s0:c182,c256,c512,c768 tcontext=u:object_r:proc_max_map_count:s0 tclass=file permissive=0 app=com.example.widget_test
08-03 23:36:13.151  1336  1385 E VerityUtils: Failed to measure fs-verity, errno 1: /data/app/~~kqiXRMxnuLPGvqOKMFDb4Q==/com.example.widget_test-xgf__WmGv1p8ffUsP9Z_0Q==/base.apk
08-03 23:36:14.282  1336  1352 D CoreBackPreview: Window{aa7381b u0 com.example.widget_test/com.example.widget_test.MainActivity}: Setting back callback OnBackInvokedCallbackInfo{mCallback=android.window.IOnBackInvokedCallback$Stub$Proxy@1485791, mPriority=0}
08-03 23:36:14.583  1778  1778 I LauncherAppWidgetHostView: App widget with id: 27 loaded
08-03 23:36:16.178  1336  1354 W ziparchive: Unable to open '/data/app/~~kqiXRMxnuLPGvqOKMFDb4Q==/com.example.widget_test-xgf__WmGv1p8ffUsP9Z_0Q==/base.dm': No such file or directory
08-03 23:36:16.181  1336  1354 I ActivityTaskManager: Displayed com.example.widget_test/.MainActivity: +4s375ms
08-03 23:36:16.181  1336  1354 I ActivityTaskManager: Fully drawn com.example.widget_test/.MainActivity: +4s375ms
08-03 23:36:16.182  1336  1358 W ziparchive: Unable to open '/data/app/~~kqiXRMxnuLPGvqOKMFDb4Q==/com.example.widget_test-xgf__WmGv1p8ffUsP9Z_0Q==/base.dm': No such file or directory
08-03 23:36:16.311  2054  2054 I GoogleInputMethodService: GoogleInputMethodService.onStartInput():1877 onStartInput(EditorInfo{inputType=0x0(NULL) imeOptions=0x0 privateImeOptions=null actionName=UNSPECIFIED actionLabel=null actionId=0 initialSelStart=-1 initialSelEnd=-1 initialCapsMode=0x0 hintText=null label=null packageName=com.example.widget_test fieldId=-1 fieldName=null extras=null}, false)
08-03 23:36:16.545  1336  1352 W InputManager-JNI: Input channel object '6e9bf9c Splash Screen com.example.widget_test (client)' was disposed without first being removed with the input manager!
08-03 23:36:16.547  1336  2788 D CoreBackPreview: Window{6e9bf9c u0 Splash Screen com.example.widget_test EXITING}: Setting back callback null
08-03 23:36:19.651  1336  1494 I InputDispatcher: Channel [Gesture Monitor] swipe-up (server) is stealing touch from [aa7381b com.example.widget_test/com.example.widget_test.MainActivity (server), [Gesture Monitor] edge-swipe (server)]
08-03 23:36:19.670 24536 24634 D ProfileInstaller: Installing profile for com.example.widget_test
08-04 00:00:00.093  1336  2524 W BroadcastQueue: Background execution not allowed: receiving Intent { act=android.intent.action.DATE_CHANGED flg=0x20200010 } to com.google.android.calendar/com.android.calendar.widget.CalendarAppWidgetProvider
08-04 01:35:24.685  1336  2786 I ActivityTaskManager: START u0 {act=android.intent.action.MAIN cat=[android.intent.category.LAUNCHER] flg=0x10200000 cmp=com.example.widget_test/.MainActivity bnds=[57,1414][267,1686]} from uid 10152
08-04 01:35:24.698  1336  2786 I ActivityTaskManager: Launching r: ActivityRecord{b813e9d u0 com.example.widget_test/.MainActivity} from background: ActivityRecord{63ed69a u0 com.google.android.apps.nexuslauncher/.NexusLauncherActivity} t946}. New task: false
08-04 01:35:24.803  1336  1354 W ziparchive: Unable to open '/data/app/~~kqiXRMxnuLPGvqOKMFDb4Q==/com.example.widget_test-xgf__WmGv1p8ffUsP9Z_0Q==/base.dm': No such file or directory
08-04 01:35:24.834  2054  2054 I GoogleInputMethodService: GoogleInputMethodService.onStartInput():1877 onStartInput(EditorInfo{inputType=0x0(NULL) imeOptions=0x0 privateImeOptions=null actionName=UNSPECIFIED actionLabel=null actionId=0 initialSelStart=-1 initialSelEnd=-1 initialCapsMode=0x0 hintText=null label=null packageName=com.example.widget_test fieldId=-1 fieldName=null extras=null}, false)
08-04 01:35:27.480  1336  2528 I InputDispatcher: Channel [Gesture Monitor] swipe-up (server) is stealing touch from [aa7381b com.example.widget_test/com.example.widget_test.MainActivity (server), [Gesture Monitor] edge-swipe (server)]
08-04 01:36:34.683  1336  2786 I ActivityTaskManager: START u0 {act=android.intent.action.MAIN cat=[android.intent.category.LAUNCHER] flg=0x10200000 cmp=com.example.widget_test/.MainActivity bnds=[57,1414][267,1686]} from uid 10152
08-04 01:36:34.684  1336  2786 I ActivityTaskManager: Launching r: ActivityRecord{bd356d0 u0 com.example.widget_test/.MainActivity} from background: ActivityRecord{63ed69a u0 com.google.android.apps.nexuslauncher/.NexusLauncherActivity} t946}. New task: false
08-04 01:36:34.771  1336  1354 W ziparchive: Unable to open '/data/app/~~kqiXRMxnuLPGvqOKMFDb4Q==/com.example.widget_test-xgf__WmGv1p8ffUsP9Z_0Q==/base.dm': No such file or directory
08-04 01:36:34.799  2054  2054 I GoogleInputMethodService: GoogleInputMethodService.onStartInput():1877 onStartInput(EditorInfo{inputType=0x0(NULL) imeOptions=0x0 privateImeOptions=null actionName=UNSPECIFIED actionLabel=null actionId=0 initialSelStart=-1 initialSelEnd=-1 initialCapsMode=0x0 hintText=null label=null packageName=com.example.widget_test fieldId=-1 fieldName=null extras=null}, false)
08-04 01:36:37.915  1336  2787 I InputDispatcher: Channel [Gesture Monitor] swipe-up (server) is stealing touch from [aa7381b com.example.widget_test/com.example.widget_test.MainActivity (server), [Gesture Monitor] edge-swipe (server)]
08-04 01:57:36.665  1778  1778 I LauncherAppWidgetHostView: App widget created with id: -1
08-04 01:57:36.699  1778  1778 I LauncherAppWidgetHostView: App widget created with id: -1
08-04 01:57:36.712  1778  1778 I LauncherAppWidgetHostView: App widget created with id: -1
08-04 01:57:39.712  1778  1778 I LauncherAppWidgetHostView: App widget created with id: -1
08-04 01:57:39.722  1778  1778 I LauncherAppWidgetHostView: App widget created with id: -1
08-04 01:57:39.776  1778  1778 I LauncherAppWidgetHostView: App widget created with id: -1
08-04 01:57:39.777  1778  1778 I LauncherAppWidgetHostView: App widget created with id: -1
08-04 01:57:39.809  1778  1778 I LauncherAppWidgetHostView: App widget created with id: -1
08-04 01:57:39.811  1778  1778 I LauncherAppWidgetHostView: App widget created with id: -1
08-04 01:57:48.509  1778  1778 D b/267448330: provider: ComponentInfo{com.google.android.calendar/com.android.calendar.widget.CalendarAppWidgetProvider}, paddedSizes: [176.0x342.85715, 381.7143x192.0], getMinMaxSizes: Rect(176, 192 - 381, 342)
08-04 01:57:48.529  1336  1920 I AppWidgetServiceImpl: Bound widget 28 to provider ProviderId{user:0, app:10126, cmp:ComponentInfo{com.google.android.calendar/com.android.calendar.widget.CalendarAppWidgetProvider}}
08-04 01:57:48.534  1336  1366 I ActivityManager: Start proc 25849:com.google.android.calendar/u0a126 for broadcast {com.google.android.calendar/com.android.calendar.widget.CalendarAppWidgetProvider}
08-04 01:57:48.547  1778  1778 I LauncherAppWidgetHostView: App widget created with id: 28
08-04 01:57:48.887  1778  1778 I LauncherAppWidgetHostView: App widget with id: 28 loaded
08-04 01:57:54.945  1778  1778 D b/267448330: provider: ComponentInfo{com.google.android.calendar/com.android.calendar.widget.CalendarAppWidgetProvider}, paddedSizes: [176.0x342.85715, 381.7143x192.0], getMinMaxSizes: Rect(176, 192 - 381, 342)
08-04 01:58:05.393  1778  1778 D b/267448330: provider: ComponentInfo{com.google.android.calendar/com.android.calendar.widget.CalendarAppWidgetProvider}, paddedSizes: [272.0x342.85715, 580.5714x192.0], getMinMaxSizes: Rect(272, 192 - 580, 342)
08-04 02:05:09.986  1778  2459 V ActivityThread: getPackageInfo() caused update to cached ApplicationInfo for package com.example.widget_test
08-04 02:05:13.483  1778  1778 I LauncherAppWidgetHostView: App widget created with id: 27
08-04 02:05:13.483  1778  1778 I LauncherAppWidgetHostView: App widget with id: 27 loaded
08-04 02:05:13.502  1778  1778 D b/267448330: provider: ComponentInfo{com.example.widget_test/com.example.widget_test.WidgetProvider}, paddedSizes: [368.0x223.2381, 779.4286x122.666664], getMinMaxSizes: Rect(368, 122 - 779, 223)
08-04 02:05:13.550  1778  1778 D b/267448330: provider: ComponentInfo{com.example.widget_test/com.example.widget_test.WidgetProvider}, paddedSizes: [368.0x223.2381, 779.4286x122.666664], getMinMaxSizes: Rect(368, 122 - 779, 223)
08-04 02:05:13.605  1778  1778 I LauncherAppWidgetHostView: App widget created with id: 28
08-04 02:05:13.605  1778  1778 I LauncherAppWidgetHostView: App widget with id: 28 loaded
08-04 02:05:14.260  1778  1778 I LauncherAppWidgetHostView: App widget created with id: 28
08-04 02:05:14.266  1778  1778 I LauncherAppWidgetHostView: App widget with id: 28 loaded
08-04 02:05:19.360  1778  1778 W ActivityThread: getPackageInfo() called with an older ApplicationInfo than the cached version for package com.example.widget_test
08-04 02:05:23.268  1778  1778 I LauncherAppWidgetHostView: App widget created with id: 27
08-04 02:05:23.268  1778  1778 I LauncherAppWidgetHostView: App widget with id: 27 loaded
08-04 02:05:23.269  1778  1778 V ActivityThread: getPackageInfo() caused update to cached ApplicationInfo for package com.example.widget_test
08-04 02:05:23.282  1778  1778 D b/267448330: provider: ComponentInfo{com.example.widget_test/com.example.widget_test.WidgetProvider}, paddedSizes: [368.0x223.2381, 779.4286x122.666664], getMinMaxSizes: Rect(368, 122 - 779, 223)
08-04 02:05:23.313  1778  1778 D b/267448330: provider: ComponentInfo{com.example.widget_test/com.example.widget_test.WidgetProvider}, paddedSizes: [368.0x223.2381, 779.4286x122.666664], getMinMaxSizes: Rect(368, 122 - 779, 223)
08-04 02:05:23.721  1778  1778 W ActivityThread: getPackageInfo() called with an older ApplicationInfo than the cached version for package com.example.widget_test
08-04 02:05:23.723  1778  1778 W ActivityThread: getPackageInfo() called with an older ApplicationInfo than the cached version for package com.example.widget_test
08-04 02:05:25.920  1778  1778 I LauncherAppWidgetHostView: App widget created with id: 27
08-04 02:05:25.920  1778  1778 I LauncherAppWidgetHostView: App widget with id: 27 loaded
08-04 02:05:25.920  1778  1778 V ActivityThread: getPackageInfo() caused update to cached ApplicationInfo for package com.example.widget_test
08-04 02:05:25.969  1778  1778 D b/267448330: provider: ComponentInfo{com.example.widget_test/com.example.widget_test.WidgetProvider}, paddedSizes: [368.0x223.2381, 779.4286x122.666664], getMinMaxSizes: Rect(368, 122 - 779, 223)
08-04 02:05:26.016  1778  1778 D b/267448330: provider: ComponentInfo{com.example.widget_test/com.example.widget_test.WidgetProvider}, paddedSizes: [368.0x223.2381, 779.4286x122.666664], getMinMaxSizes: Rect(368, 122 - 779, 223)
08-04 02:05:26.455  1778  1778 W ActivityThread: getPackageInfo() called with an older ApplicationInfo than the cached version for package com.example.widget_test
08-04 02:05:26.461  1778  1778 W ActivityThread: getPackageInfo() called with an older ApplicationInfo than the cached version for package com.example.widget_test
08-04 02:05:28.065  1778  1778 I LauncherAppWidgetHostView: App widget created with id: 27
08-04 02:05:28.072  1778  1778 I LauncherAppWidgetHostView: App widget with id: 27 loaded
08-04 02:05:28.072  1778  1778 V ActivityThread: getPackageInfo() caused update to cached ApplicationInfo for package com.example.widget_test
08-04 02:05:28.078  1778  1778 D b/267448330: provider: ComponentInfo{com.example.widget_test/com.example.widget_test.WidgetProvider}, paddedSizes: [368.0x223.2381, 779.4286x122.666664], getMinMaxSizes: Rect(368, 122 - 779, 223)
08-04 02:05:28.124  1778  1778 D b/267448330: provider: ComponentInfo{com.example.widget_test/com.example.widget_test.WidgetProvider}, paddedSizes: [368.0x223.2381, 779.4286x122.666664], getMinMaxSizes: Rect(368, 122 - 779, 223)
08-04 02:05:28.516  1778  1778 W ActivityThread: getPackageInfo() called with an older ApplicationInfo than the cached version for package com.example.widget_test
08-04 02:05:28.517  1778  1778 W ActivityThread: getPackageInfo() called with an older ApplicationInfo than the cached version for package com.example.widget_test
08-04 02:05:31.710  1778  1778 I LauncherAppWidgetHostView: App widget created with id: 27
08-04 02:05:31.710  1778  1778 I LauncherAppWidgetHostView: App widget with id: 27 loaded
08-04 02:05:31.710  1778  1778 V ActivityThread: getPackageInfo() caused update to cached ApplicationInfo for package com.example.widget_test
08-04 02:05:31.714  1778  1778 D b/267448330: provider: ComponentInfo{com.example.widget_test/com.example.widget_test.WidgetProvider}, paddedSizes: [368.0x223.2381, 779.4286x122.666664], getMinMaxSizes: Rect(368, 122 - 779, 223)
08-04 02:05:31.753  1778  1778 D b/267448330: provider: ComponentInfo{com.example.widget_test/com.example.widget_test.WidgetProvider}, paddedSizes: [368.0x223.2381, 779.4286x122.666664], getMinMaxSizes: Rect(368, 122 - 779, 223)
08-04 02:05:32.050  1778  1778 W ActivityThread: getPackageInfo() called with an older ApplicationInfo than the cached version for package com.example.widget_test
08-04 02:05:32.051  1778  1778 W ActivityThread: getPackageInfo() called with an older ApplicationInfo than the cached version for package com.example.widget_test
08-04 02:05:34.446  1778  1778 I LauncherAppWidgetHostView: App widget created with id: 27
08-04 02:05:34.447  1778  1778 I LauncherAppWidgetHostView: App widget with id: 27 loaded
08-04 02:05:34.447  1778  1778 V ActivityThread: getPackageInfo() caused update to cached ApplicationInfo for package com.example.widget_test
08-04 02:05:34.450  1778  1778 D b/267448330: provider: ComponentInfo{com.example.widget_test/com.example.widget_test.WidgetProvider}, paddedSizes: [368.0x223.2381, 779.4286x122.666664], getMinMaxSizes: Rect(368, 122 - 779, 223)
08-04 02:05:34.498  1778  1778 D b/267448330: provider: ComponentInfo{com.example.widget_test/com.example.widget_test.WidgetProvider}, paddedSizes: [368.0x223.2381, 779.4286x122.666664], getMinMaxSizes: Rect(368, 122 - 779, 223)
08-04 02:05:34.853  1778  1778 W ActivityThread: getPackageInfo() called with an older ApplicationInfo than the cached version for package com.example.widget_test
08-04 02:05:34.854  1778  1778 W ActivityThread: getPackageInfo() called with an older ApplicationInfo than the cached version for package com.example.widget_test
08-04 02:05:36.328  1778  1778 I LauncherAppWidgetHostView: App widget created with id: 27
08-04 02:05:36.329  1778  1778 I LauncherAppWidgetHostView: App widget with id: 27 loaded
08-04 02:05:36.329  1778  1778 V ActivityThread: getPackageInfo() caused update to cached ApplicationInfo for package com.example.widget_test
08-04 02:05:36.345  1778  1778 D b/267448330: provider: ComponentInfo{com.example.widget_test/com.example.widget_test.WidgetProvider}, paddedSizes: [368.0x223.2381, 779.4286x122.666664], getMinMaxSizes: Rect(368, 122 - 779, 223)
08-04 02:05:36.379  1778  1778 D b/267448330: provider: ComponentInfo{com.example.widget_test/com.example.widget_test.WidgetProvider}, paddedSizes: [368.0x223.2381, 779.4286x122.666664], getMinMaxSizes: Rect(368, 122 - 779, 223)
08-04 02:05:36.812  1778  1778 W ActivityThread: getPackageInfo() called with an older ApplicationInfo than the cached version for package com.example.widget_test
08-04 02:05:36.816  1778  1778 W ActivityThread: getPackageInfo() called with an older ApplicationInfo than the cached version for package com.example.widget_test
08-04 02:06:16.882  1778  1778 W ActivityThread: getPackageInfo() called with an older ApplicationInfo than the cached version for package com.example.widget_test
