08-04 14:03:28.765  9395  9395 D nativeloader: Configuring classloader-namespace for other apk /data/app/~~LfTWnyGs4ILg9v0yO2TPVQ==/com.example.widget_test-INk_S-P3q9N-c0ZcqoGrjA==/base.apk. target_sdk_version=35, uses_libraries=, library_path=/data/app/~~LfTWnyGs4ILg9v0yO2TPVQ==/com.example.widget_test-INk_S-P3q9N-c0ZcqoGrjA==/lib/arm64:/data/app/~~LfTWnyGs4ILg9v0yO2TPVQ==/com.example.widget_test-INk_S-P3q9N-c0ZcqoGrjA==/base.apk!/lib/arm64-v8a, permitted_path=/data:/mnt/expand:/data/user/0/com.example.widget_test
08-04 14:03:28.825  9395  9395 V GraphicsEnvironment: ANGLE Developer option for 'com.example.widget_test' set to: 'default'
08-04 14:03:28.832  9395  9395 V GraphicsEnvironment: ANGLE GameManagerService for com.example.widget_test: false
08-04 14:03:29.724  1336  1385 E VerityUtils: Failed to measure fs-verity, errno 1: /data/app/~~LfTWnyGs4ILg9v0yO2TPVQ==/com.example.widget_test-INk_S-P3q9N-c0ZcqoGrjA==/base.apk
08-04 14:03:29.961  9395  9395 W ple.widget_test: type=1400 audit(0.0:340): avc: denied { read } for name="max_map_count" dev="proc" ino=218699 scontext=u:r:untrusted_app:s0:c182,c256,c512,c768 tcontext=u:object_r:proc_max_map_count:s0 tclass=file permissive=0 app=com.example.widget_test
08-04 14:03:30.597  1336  2351 D CoreBackPreview: Window{9ad76b u0 com.example.widget_test/com.example.widget_test.MainActivity}: Setting back callback OnBackInvokedCallbackInfo{mCallback=android.window.IOnBackInvokedCallback$Stub$Proxy@aacf61, mPriority=0}
08-04 14:03:30.641  1778  1778 I LauncherAppWidgetHostView: App widget with id: 30 loaded
08-04 14:03:30.641  1778  1778 W AppWidgetHostView: Error inflating RemoteViews
08-04 14:03:30.641  1778  1778 W AppWidgetHostView: android.view.InflateException: Binary XML file line #10 in com.example.widget_test:layout/schedule_widget: Binary XML file line #10 in com.example.widget_test:layout/schedule_widget: Error inflating class android.widget.LinearLayout
08-04 14:03:30.641  1778  1778 W AppWidgetHostView: Caused by: android.view.InflateException: Binary XML file line #10 in com.example.widget_test:layout/schedule_widget: Error inflating class android.widget.LinearLayout
08-04 14:03:30.641  1778  1778 W AppWidgetHostView: Caused by: java.lang.reflect.InvocationTargetException
08-04 14:03:30.641  1778  1778 W AppWidgetHostView: 	at java.lang.reflect.Constructor.newInstance0(Native Method)
08-04 14:03:30.641  1778  1778 W AppWidgetHostView: 	at java.lang.reflect.Constructor.newInstance(Constructor.java:343)
08-04 14:03:30.641  1778  1778 W AppWidgetHostView: 	at android.view.LayoutInflater.createView(LayoutInflater.java:858)
08-04 14:03:30.641  1778  1778 W AppWidgetHostView: 	at android.view.LayoutInflater.createView(LayoutInflater.java:780)
08-04 14:03:30.641  1778  1778 W AppWidgetHostView: 	at com.android.internal.policy.PhoneLayoutInflater.onCreateView(PhoneLayoutInflater.java:58)
08-04 14:03:30.641  1778  1778 W AppWidgetHostView: 	at android.view.LayoutInflater.onCreateView(LayoutInflater.java:934)
08-04 14:03:30.641  1778  1778 W AppWidgetHostView: 	at android.view.LayoutInflater.onCreateView(LayoutInflater.java:954)
08-04 14:03:30.641  1778  1778 W AppWidgetHostView: 	at android.view.LayoutInflater.createViewFromTag(LayoutInflater.java:1008)
08-04 14:03:30.641  1778  1778 W AppWidgetHostView: 	at android.view.LayoutInflater.createViewFromTag(LayoutInflater.java:965)
08-04 14:03:30.641  1778  1778 W AppWidgetHostView: 	at android.view.LayoutInflater.inflate(LayoutInflater.java:663)
08-04 14:03:30.641  1778  1778 W AppWidgetHostView: 	at android.view.LayoutInflater.inflate(LayoutInflater.java:538)
08-04 14:03:30.641  1778  1778 W AppWidgetHostView: 	at android.widget.RemoteViews.inflateView(RemoteViews.java:5631)
08-04 14:03:30.641  1778  1778 W AppWidgetHostView: 	at android.widget.RemoteViews.-$$Nest$minflateView(Unknown Source:0)
08-04 14:03:30.641  1778  1778 W AppWidgetHostView: 	at android.widget.RemoteViews$AsyncApplyTask.doInBackground(RemoteViews.java:5757)
08-04 14:03:30.641  1778  1778 W AppWidgetHostView: 	at android.widget.RemoteViews$AsyncApplyTask.doInBackground(RemoteViews.java:5719)
08-04 14:03:30.641  1778  1778 W AppWidgetHostView: 	at android.os.AsyncTask$3.call(AsyncTask.java:394)
08-04 14:03:30.641  1778  1778 W AppWidgetHostView: 	at java.util.concurrent.FutureTask.run(FutureTask.java:264)
08-04 14:03:30.641  1778  1778 W AppWidgetHostView: 	at java.util.concurrent.ThreadPoolExecutor.runWorker(ThreadPoolExecutor.java:1137)
08-04 14:03:30.641  1778  1778 W AppWidgetHostView: 	at java.util.concurrent.ThreadPoolExecutor$Worker.run(ThreadPoolExecutor.java:637)
08-04 14:03:30.641  1778  1778 W AppWidgetHostView: 	at java.lang.Thread.run(Thread.java:1012)
08-04 14:03:30.641  1778  1778 W AppWidgetHostView: Caused by: java.lang.UnsupportedOperationException: Failed to resolve attribute at index 13: TypedValue{t=0x2/d=0x7f030113 a=-1}, theme={InheritanceMap=[id=0x103013fandroid:style/Theme.DeviceDefault.Light.DarkActionBar, id=0x1030238android:style/Theme.Material.Light.DarkActionBar, id=0x1030237android:style/Theme.Material.Light, id=0x103000candroid:style/Theme.Light, id=0x1030005android:style/Theme], Themes=[android:style/Theme.DeviceDefault.Light.DarkActionBar, forced]}
08-04 14:03:30.641  1778  1778 W AppWidgetHostView: 	at android.content.res.TypedArray.getDrawableForDensity(TypedArray.java:1007)
08-04 14:03:30.641  1778  1778 W AppWidgetHostView: 	at android.content.res.TypedArray.getDrawable(TypedArray.java:991)
08-04 14:03:30.641  1778  1778 W AppWidgetHostView: 	at android.view.View.<init>(View.java:5611)
08-04 14:03:30.641  1778  1778 W AppWidgetHostView: 	at android.view.ViewGroup.<init>(ViewGroup.java:703)
08-04 14:03:30.641  1778  1778 W AppWidgetHostView: 	at android.widget.LinearLayout.<init>(LinearLayout.java:254)
08-04 14:03:30.641  1778  1778 W AppWidgetHostView: 	at android.widget.LinearLayout.<init>(LinearLayout.java:250)
08-04 14:03:30.641  1778  1778 W AppWidgetHostView: 	at android.widget.LinearLayout.<init>(LinearLayout.java:246)
08-04 14:03:30.641  1778  1778 W AppWidgetHostView: 	... 20 more
08-04 14:03:31.406  1336  2351 I AppsFilter: interaction: PackageSetting{6d54d0c com.example.widget_test/10182} -> PackageSetting{c9bf020 com.android.chrome/10138} BLOCKED
08-04 14:03:31.406  1336  2351 I AppsFilter: interaction: PackageSetting{6d54d0c com.example.widget_test/10182} -> PackageSetting{c9bf020 com.android.chrome/10138} BLOCKED
08-04 14:03:31.406  1336  2351 I AppsFilter: interaction: PackageSetting{6d54d0c com.example.widget_test/10182} -> PackageSetting{c9bf020 com.android.chrome/10138} BLOCKED
08-04 14:03:31.406  1336  2351 I AppsFilter: interaction: PackageSetting{6d54d0c com.example.widget_test/10182} -> PackageSetting{c9bf020 com.android.chrome/10138} BLOCKED
08-04 14:03:31.406  1336  2351 I AppsFilter: interaction: PackageSetting{6d54d0c com.example.widget_test/10182} -> PackageSetting{8eeb8de com.google.android.apps.docs/10128} BLOCKED
08-04 14:03:31.406  1336  2351 I AppsFilter: interaction: PackageSetting{6d54d0c com.example.widget_test/10182} -> PackageSetting{8eeb8de com.google.android.apps.docs/10128} BLOCKED
08-04 14:03:31.406  1336  2351 I AppsFilter: interaction: PackageSetting{6d54d0c com.example.widget_test/10182} -> PackageSetting{a4f2dd9 com.google.android.apps.youtube.music/10127} BLOCKED
08-04 14:03:31.406  1336  2351 I AppsFilter: interaction: PackageSetting{6d54d0c com.example.widget_test/10182} -> PackageSetting{a4f2dd9 com.google.android.apps.youtube.music/10127} BLOCKED
08-04 14:03:31.406  1336  2351 I AppsFilter: interaction: PackageSetting{6d54d0c com.example.widget_test/10182} -> PackageSetting{a4f2dd9 com.google.android.apps.youtube.music/10127} BLOCKED
08-04 14:03:31.406  1336  2351 I AppsFilter: interaction: PackageSetting{6d54d0c com.example.widget_test/10182} -> PackageSetting{e5bcfbe com.google.android.calendar/10126} BLOCKED
08-04 14:03:31.406  1336  2351 I AppsFilter: interaction: PackageSetting{6d54d0c com.example.widget_test/10182} -> PackageSetting{e5bcfbe com.google.android.calendar/10126} BLOCKED
08-04 14:03:31.406  1336  2351 I AppsFilter: interaction: PackageSetting{6d54d0c com.example.widget_test/10182} -> PackageSetting{284d39e com.google.android.deskclock/10133} BLOCKED
08-04 14:03:31.406  1336  2351 I AppsFilter: interaction: PackageSetting{6d54d0c com.example.widget_test/10182} -> PackageSetting{284d39e com.google.android.deskclock/10133} BLOCKED
08-04 14:03:31.406  1336  2351 I AppsFilter: interaction: PackageSetting{6d54d0c com.example.widget_test/10182} -> PackageSetting{284d39e com.google.android.deskclock/10133} BLOCKED
08-04 14:03:31.406  1336  2351 I AppsFilter: interaction: PackageSetting{6d54d0c com.example.widget_test/10182} -> PackageSetting{284d39e com.google.android.deskclock/10133} BLOCKED
08-04 14:03:31.406  1336  2351 I AppsFilter: interaction: PackageSetting{6d54d0c com.example.widget_test/10182} -> PackageSetting{284d39e com.google.android.deskclock/10133} BLOCKED
08-04 14:03:31.406  1336  2351 I AppsFilter: interaction: PackageSetting{6d54d0c com.example.widget_test/10182} -> PackageSetting{53c6e7f com.google.android.gm/10137} BLOCKED
08-04 14:03:31.406  1336  2351 I AppsFilter: interaction: PackageSetting{6d54d0c com.example.widget_test/10182} -> PackageSetting{99fee4c com.google.android.googlequicksearchbox/10120} BLOCKED
08-04 14:03:31.406  1336  2351 I AppsFilter: interaction: PackageSetting{6d54d0c com.example.widget_test/10182} -> PackageSetting{99fee4c com.google.android.googlequicksearchbox/10120} BLOCKED
08-04 14:03:31.406  1336  2351 I AppsFilter: interaction: PackageSetting{6d54d0c com.example.widget_test/10182} -> PackageSetting{99fee4c com.google.android.googlequicksearchbox/10120} BLOCKED
08-04 14:03:31.406  1336  2351 I AppsFilter: interaction: PackageSetting{6d54d0c com.example.widget_test/10182} -> PackageSetting{e7bce95 com.google.android.settings.intelligence/10108} BLOCKED
08-04 14:03:31.406  1336  2351 I AppsFilter: interaction: PackageSetting{6d54d0c com.example.widget_test/10182} -> PackageSetting{fe68baa com.google.android.youtube/10144} BLOCKED
08-04 14:03:31.406  1336  2351 I AppsFilter: interaction: PackageSetting{6d54d0c com.example.widget_test/10182} -> PackageSetting{fe68baa com.google.android.youtube/10144} BLOCKED
08-04 14:03:32.294  1336  1354 W ziparchive: Unable to open '/data/app/~~LfTWnyGs4ILg9v0yO2TPVQ==/com.example.widget_test-INk_S-P3q9N-c0ZcqoGrjA==/base.dm': No such file or directory
08-04 14:03:32.299  1336  1354 I ActivityTaskManager: Displayed com.example.widget_test/.MainActivity: +3s847ms
08-04 14:03:32.300  1336  1354 I ActivityTaskManager: Fully drawn com.example.widget_test/.MainActivity: +3s847ms
08-04 14:03:32.300  1336  1358 W ziparchive: Unable to open '/data/app/~~LfTWnyGs4ILg9v0yO2TPVQ==/com.example.widget_test-INk_S-P3q9N-c0ZcqoGrjA==/base.dm': No such file or directory
08-04 14:03:32.397  2054  2054 I GoogleInputMethodService: GoogleInputMethodService.onStartInput():1877 onStartInput(EditorInfo{inputType=0x0(NULL) imeOptions=0x0 privateImeOptions=null actionName=UNSPECIFIED actionLabel=null actionId=0 initialSelStart=-1 initialSelEnd=-1 initialCapsMode=0x0 hintText=null label=null packageName=com.example.widget_test fieldId=-1 fieldName=null extras=null}, false)
08-04 14:03:32.651  1336  2785 W InputManager-JNI: Input channel object '990d1dc Splash Screen com.example.widget_test (client)' was disposed without first being removed with the input manager!
08-04 14:03:32.652  1336  1689 D CoreBackPreview: Window{990d1dc u0 Splash Screen com.example.widget_test EXITING}: Setting back callback null
08-04 14:03:36.172  9395  9499 D ProfileInstaller: Installing profile for com.example.widget_test
08-04 14:03:37.835  1336  1975 I InputDispatcher: Channel [Gesture Monitor] swipe-up (server) is stealing touch from [9ad76b com.example.widget_test/com.example.widget_test.MainActivity (server), [Gesture Monitor] edge-swipe (server)]
08-04 14:13:09.747  1778  1778 W AppWidgetHostView: Error inflating RemoteViews
08-04 14:13:09.747  1778  1778 W AppWidgetHostView: android.view.InflateException: Binary XML file line #10 in com.example.widget_test:layout/schedule_widget: Binary XML file line #10 in com.example.widget_test:layout/schedule_widget: Error inflating class android.widget.LinearLayout
08-04 14:13:09.747  1778  1778 W AppWidgetHostView: Caused by: android.view.InflateException: Binary XML file line #10 in com.example.widget_test:layout/schedule_widget: Error inflating class android.widget.LinearLayout
08-04 14:13:09.747  1778  1778 W AppWidgetHostView: Caused by: java.lang.reflect.InvocationTargetException
08-04 14:13:09.747  1778  1778 W AppWidgetHostView: 	at java.lang.reflect.Constructor.newInstance0(Native Method)
08-04 14:13:09.747  1778  1778 W AppWidgetHostView: 	at java.lang.reflect.Constructor.newInstance(Constructor.java:343)
08-04 14:13:09.747  1778  1778 W AppWidgetHostView: 	at android.view.LayoutInflater.createView(LayoutInflater.java:858)
08-04 14:13:09.747  1778  1778 W AppWidgetHostView: 	at android.view.LayoutInflater.createView(LayoutInflater.java:780)
08-04 14:13:09.747  1778  1778 W AppWidgetHostView: 	at com.android.internal.policy.PhoneLayoutInflater.onCreateView(PhoneLayoutInflater.java:58)
08-04 14:13:09.747  1778  1778 W AppWidgetHostView: 	at android.view.LayoutInflater.onCreateView(LayoutInflater.java:934)
08-04 14:13:09.747  1778  1778 W AppWidgetHostView: 	at android.view.LayoutInflater.onCreateView(LayoutInflater.java:954)
08-04 14:13:09.747  1778  1778 W AppWidgetHostView: 	at android.view.LayoutInflater.createViewFromTag(LayoutInflater.java:1008)
08-04 14:13:09.747  1778  1778 W AppWidgetHostView: 	at android.view.LayoutInflater.createViewFromTag(LayoutInflater.java:965)
08-04 14:13:09.747  1778  1778 W AppWidgetHostView: 	at android.view.LayoutInflater.inflate(LayoutInflater.java:663)
08-04 14:13:09.747  1778  1778 W AppWidgetHostView: 	at android.view.LayoutInflater.inflate(LayoutInflater.java:538)
08-04 14:13:09.747  1778  1778 W AppWidgetHostView: 	at android.widget.RemoteViews.inflateView(RemoteViews.java:5631)
08-04 14:13:09.747  1778  1778 W AppWidgetHostView: 	at android.widget.RemoteViews.-$$Nest$minflateView(Unknown Source:0)
08-04 14:13:09.747  1778  1778 W AppWidgetHostView: 	at android.widget.RemoteViews$AsyncApplyTask.doInBackground(RemoteViews.java:5757)
08-04 14:13:09.747  1778  1778 W AppWidgetHostView: 	at android.widget.RemoteViews$AsyncApplyTask.doInBackground(RemoteViews.java:5719)
08-04 14:13:09.747  1778  1778 W AppWidgetHostView: 	at android.os.AsyncTask$3.call(AsyncTask.java:394)
08-04 14:13:09.747  1778  1778 W AppWidgetHostView: 	at java.util.concurrent.FutureTask.run(FutureTask.java:264)
08-04 14:13:09.747  1778  1778 W AppWidgetHostView: 	at java.util.concurrent.ThreadPoolExecutor.runWorker(ThreadPoolExecutor.java:1137)
08-04 14:13:09.747  1778  1778 W AppWidgetHostView: 	at java.util.concurrent.ThreadPoolExecutor$Worker.run(ThreadPoolExecutor.java:637)
08-04 14:13:09.747  1778  1778 W AppWidgetHostView: 	at java.lang.Thread.run(Thread.java:1012)
08-04 14:13:09.747  1778  1778 W AppWidgetHostView: Caused by: java.lang.UnsupportedOperationException: Failed to resolve attribute at index 13: TypedValue{t=0x2/d=0x7f030113 a=-1}, theme={InheritanceMap=[id=0x103013fandroid:style/Theme.DeviceDefault.Light.DarkActionBar, id=0x1030238android:style/Theme.Material.Light.DarkActionBar, id=0x1030237android:style/Theme.Material.Light, id=0x103000candroid:style/Theme.Light, id=0x1030005android:style/Theme], Themes=[android:style/Theme.DeviceDefault.Light.DarkActionBar, forced]}
08-04 14:13:09.747  1778  1778 W AppWidgetHostView: 	at android.content.res.TypedArray.getDrawableForDensity(TypedArray.java:1007)
08-04 14:13:09.747  1778  1778 W AppWidgetHostView: 	at android.content.res.TypedArray.getDrawable(TypedArray.java:991)
08-04 14:13:09.747  1778  1778 W AppWidgetHostView: 	at android.view.View.<init>(View.java:5611)
08-04 14:13:09.747  1778  1778 W AppWidgetHostView: 	at android.view.ViewGroup.<init>(ViewGroup.java:703)
08-04 14:13:09.747  1778  1778 W AppWidgetHostView: 	at android.widget.LinearLayout.<init>(LinearLayout.java:254)
08-04 14:13:09.747  1778  1778 W AppWidgetHostView: 	at android.widget.LinearLayout.<init>(LinearLayout.java:250)
08-04 14:13:09.747  1778  1778 W AppWidgetHostView: 	at android.widget.LinearLayout.<init>(LinearLayout.java:246)
08-04 14:13:09.747  1778  1778 W AppWidgetHostView: 	... 20 more
08-04 14:13:10.656  1778  1778 W AppWidgetHostView: Error inflating RemoteViews
08-04 14:13:10.656  1778  1778 W AppWidgetHostView: android.view.InflateException: Binary XML file line #10 in com.example.widget_test:layout/schedule_widget: Binary XML file line #10 in com.example.widget_test:layout/schedule_widget: Error inflating class android.widget.LinearLayout
08-04 14:13:10.656  1778  1778 W AppWidgetHostView: Caused by: android.view.InflateException: Binary XML file line #10 in com.example.widget_test:layout/schedule_widget: Error inflating class android.widget.LinearLayout
08-04 14:13:10.656  1778  1778 W AppWidgetHostView: Caused by: java.lang.reflect.InvocationTargetException
08-04 14:13:10.656  1778  1778 W AppWidgetHostView: 	at java.lang.reflect.Constructor.newInstance0(Native Method)
08-04 14:13:10.656  1778  1778 W AppWidgetHostView: 	at java.lang.reflect.Constructor.newInstance(Constructor.java:343)
08-04 14:13:10.656  1778  1778 W AppWidgetHostView: 	at android.view.LayoutInflater.createView(LayoutInflater.java:858)
08-04 14:13:10.656  1778  1778 W AppWidgetHostView: 	at android.view.LayoutInflater.createView(LayoutInflater.java:780)
08-04 14:13:10.656  1778  1778 W AppWidgetHostView: 	at com.android.internal.policy.PhoneLayoutInflater.onCreateView(PhoneLayoutInflater.java:58)
08-04 14:13:10.656  1778  1778 W AppWidgetHostView: 	at android.view.LayoutInflater.onCreateView(LayoutInflater.java:934)
08-04 14:13:10.656  1778  1778 W AppWidgetHostView: 	at android.view.LayoutInflater.onCreateView(LayoutInflater.java:954)
08-04 14:13:10.656  1778  1778 W AppWidgetHostView: 	at android.view.LayoutInflater.createViewFromTag(LayoutInflater.java:1008)
08-04 14:13:10.656  1778  1778 W AppWidgetHostView: 	at android.view.LayoutInflater.createViewFromTag(LayoutInflater.java:965)
08-04 14:13:10.656  1778  1778 W AppWidgetHostView: 	at android.view.LayoutInflater.inflate(LayoutInflater.java:663)
08-04 14:13:10.656  1778  1778 W AppWidgetHostView: 	at android.view.LayoutInflater.inflate(LayoutInflater.java:538)
08-04 14:13:10.656  1778  1778 W AppWidgetHostView: 	at android.widget.RemoteViews.inflateView(RemoteViews.java:5631)
08-04 14:13:10.656  1778  1778 W AppWidgetHostView: 	at android.widget.RemoteViews.-$$Nest$minflateView(Unknown Source:0)
08-04 14:13:10.656  1778  1778 W AppWidgetHostView: 	at android.widget.RemoteViews$AsyncApplyTask.doInBackground(RemoteViews.java:5757)
08-04 14:13:10.656  1778  1778 W AppWidgetHostView: 	at android.widget.RemoteViews$AsyncApplyTask.doInBackground(RemoteViews.java:5719)
08-04 14:13:10.656  1778  1778 W AppWidgetHostView: 	at android.os.AsyncTask$3.call(AsyncTask.java:394)
08-04 14:13:10.656  1778  1778 W AppWidgetHostView: 	at java.util.concurrent.FutureTask.run(FutureTask.java:264)
08-04 14:13:10.656  1778  1778 W AppWidgetHostView: 	at java.util.concurrent.ThreadPoolExecutor.runWorker(ThreadPoolExecutor.java:1137)
08-04 14:13:10.656  1778  1778 W AppWidgetHostView: 	at java.util.concurrent.ThreadPoolExecutor$Worker.run(ThreadPoolExecutor.java:637)
08-04 14:13:10.656  1778  1778 W AppWidgetHostView: 	at java.lang.Thread.run(Thread.java:1012)
08-04 14:13:10.656  1778  1778 W AppWidgetHostView: Caused by: java.lang.UnsupportedOperationException: Failed to resolve attribute at index 13: TypedValue{t=0x2/d=0x7f030113 a=-1}, theme={InheritanceMap=[id=0x103013fandroid:style/Theme.DeviceDefault.Light.DarkActionBar, id=0x1030238android:style/Theme.Material.Light.DarkActionBar, id=0x1030237android:style/Theme.Material.Light, id=0x103000candroid:style/Theme.Light, id=0x1030005android:style/Theme], Themes=[android:style/Theme.DeviceDefault.Light.DarkActionBar, forced]}
08-04 14:13:10.656  1778  1778 W AppWidgetHostView: 	at android.content.res.TypedArray.getDrawableForDensity(TypedArray.java:1007)
08-04 14:13:10.656  1778  1778 W AppWidgetHostView: 	at android.content.res.TypedArray.getDrawable(TypedArray.java:991)
08-04 14:13:10.656  1778  1778 W AppWidgetHostView: 	at android.view.View.<init>(View.java:5611)
08-04 14:13:10.656  1778  1778 W AppWidgetHostView: 	at android.view.ViewGroup.<init>(ViewGroup.java:703)
08-04 14:13:10.656  1778  1778 W AppWidgetHostView: 	at android.widget.LinearLayout.<init>(LinearLayout.java:254)
08-04 14:13:10.656  1778  1778 W AppWidgetHostView: 	at android.widget.LinearLayout.<init>(LinearLayout.java:250)
08-04 14:13:10.656  1778  1778 W AppWidgetHostView: 	at android.widget.LinearLayout.<init>(LinearLayout.java:246)
08-04 14:13:10.656  1778  1778 W AppWidgetHostView: 	... 20 more
08-04 14:36:10.503  1336  2502 I ActivityManager: Force stopping com.example.widget_test appid=10182 user=0: from pid 9740
08-04 14:36:10.506  1336  2502 I ActivityManager: Killing 9395:com.example.widget_test/u0a182 (adj 700): stop com.example.widget_test due to from pid 9740
08-04 14:36:10.510  1336  2502 W ActivityTaskManager: Force removing ActivityRecord{ae888ae u0 com.example.widget_test/.MainActivity} t996 f}}: app died, no saved state
08-04 14:36:10.510  1336  1364 W UsageStatsService: Unexpected activity event reported! (com.example.widget_test/com.example.widget_test.MainActivity event : 23 instanceId : 158027049)
08-04 14:36:10.513  1336  2502 W InputManager-JNI: Input channel object '9ad76b com.example.widget_test/com.example.widget_test.MainActivity (client)' was disposed without first being removed with the input manager!
08-04 14:36:10.524  1637  1637 D CarrierSvcBindHelper: onHandleForceStop: [com.example.widget_test]
08-04 14:36:10.549  1336  1352 V ActivityManager: Got obituary of 9395:com.example.widget_test
08-04 14:36:20.786  1336  2502 I ActivityManager: Force stopping com.example.widget_test appid=10182 user=0: from pid 9754
08-04 14:36:20.790  1637  1637 D CarrierSvcBindHelper: onHandleForceStop: [com.example.widget_test]
08-04 14:36:21.188  1336  1365 I ActivityManager: Force stopping com.example.widget_test appid=10182 user=-1: installPackageLI
08-04 14:36:21.190  1336  1388 I PackageManager: Update package com.example.widget_test code path from /data/app/~~LfTWnyGs4ILg9v0yO2TPVQ==/com.example.widget_test-INk_S-P3q9N-c0ZcqoGrjA== to /data/app/~~EiDbID5PN9F-G8ZsLOZYMg==/com.example.widget_test-OTomGRhJRjimsT55UvMrcA==; Retain data and using new
08-04 14:36:21.190  1336  1388 I AppsFilter: interaction: PackageSetting{cf81874 com.indentix.homeworkplanner/10188} -> PackageSetting{eb576ed com.example.widget_test/10182} BLOCKED
08-04 14:36:21.191  1336  1388 I AppsFilter: interaction: PackageSetting{5bbe612 com.indentix.studentplanner/10192} -> PackageSetting{eb576ed com.example.widget_test/10182} BLOCKED
08-04 14:36:21.191  1336  1388 I AppsFilter: interaction: PackageSetting{cf81874 com.indentix.homeworkplanner/10188} -> PackageSetting{506a1e3 com.example.widget_test/10182} BLOCKED
08-04 14:36:21.191  1336  1388 I AppsFilter: interaction: PackageSetting{5bbe612 com.indentix.studentplanner/10192} -> PackageSetting{506a1e3 com.example.widget_test/10182} BLOCKED
08-04 14:36:21.238  1336  1388 I AppsFilter: interaction: PackageSetting{cf81874 com.indentix.homeworkplanner/10188} -> PackageSetting{506a1e3 com.example.widget_test/10182} BLOCKED
08-04 14:36:21.238  1336  1388 I AppsFilter: interaction: PackageSetting{5bbe612 com.indentix.studentplanner/10192} -> PackageSetting{506a1e3 com.example.widget_test/10182} BLOCKED
08-04 14:36:21.241  1336  1388 I ActivityManager: Force stopping com.example.widget_test appid=10182 user=0: pkg removed
08-04 14:36:21.302  1336  1486 I SdkSandboxManager: No SDKs used. Skipping SDK data reconcilation for CallingInfo{mUid=10182, mPackageName='com.example.widget_test'}
08-04 14:36:21.306 22556 22556 D MediaPlayerList: Name of package changed: com.example.widget_test
08-04 14:36:21.378  1336  1336 I Telecom : CarModeTracker: Package com.example.widget_test is not tracked.: SSH.oR@BMo
08-04 14:36:21.382  1778  1778 I LauncherAppWidgetHostView: App widget created with id: 30
08-04 14:36:21.385  1778  1778 W AppWidgetHostView: Error inflating AppWidget AppWidgetProviderInfo(UserHandle{0}/ComponentInfo{com.example.widget_test/com.example.widget_test.WidgetProvider})
08-04 14:36:21.385  1778  1778 W AppWidgetHostView: android.view.InflateException: Binary XML file line #10 in com.example.widget_test:layout/schedule_widget: Binary XML file line #10 in com.example.widget_test:layout/schedule_widget: Error inflating class android.widget.LinearLayout
08-04 14:36:21.385  1778  1778 W AppWidgetHostView: Caused by: android.view.InflateException: Binary XML file line #10 in com.example.widget_test:layout/schedule_widget: Error inflating class android.widget.LinearLayout
08-04 14:36:21.385  1778  1778 W AppWidgetHostView: Caused by: java.lang.reflect.InvocationTargetException
08-04 14:36:21.385  1778  1778 W AppWidgetHostView: 	at java.lang.reflect.Constructor.newInstance0(Native Method)
08-04 14:36:21.385  1778  1778 W AppWidgetHostView: 	at java.lang.reflect.Constructor.newInstance(Constructor.java:343)
08-04 14:36:21.385  1778  1778 W AppWidgetHostView: 	at android.view.LayoutInflater.createView(LayoutInflater.java:858)
08-04 14:36:21.385  1778  1778 W AppWidgetHostView: 	at android.view.LayoutInflater.createView(LayoutInflater.java:780)
08-04 14:36:21.385  1778  1778 W AppWidgetHostView: 	at com.android.internal.policy.PhoneLayoutInflater.onCreateView(PhoneLayoutInflater.java:58)
08-04 14:36:21.385  1778  1778 W AppWidgetHostView: 	at android.view.LayoutInflater.onCreateView(LayoutInflater.java:934)
08-04 14:36:21.385  1778  1778 W AppWidgetHostView: 	at android.view.LayoutInflater.onCreateView(LayoutInflater.java:954)
08-04 14:36:21.385  1778  1778 W AppWidgetHostView: 	at android.view.LayoutInflater.createViewFromTag(LayoutInflater.java:1008)
08-04 14:36:21.385  1778  1778 W AppWidgetHostView: 	at android.view.LayoutInflater.createViewFromTag(LayoutInflater.java:965)
08-04 14:36:21.385  1778  1778 W AppWidgetHostView: 	at android.view.LayoutInflater.inflate(LayoutInflater.java:663)
08-04 14:36:21.385  1778  1778 W AppWidgetHostView: 	at android.view.LayoutInflater.inflate(LayoutInflater.java:538)
08-04 14:36:21.385  1778  1778 W AppWidgetHostView: 	at android.appwidget.AppWidgetHostView.getDefaultView(AppWidgetHostView.java:802)
08-04 14:36:21.385  1778  1778 W AppWidgetHostView: 	at android.appwidget.AppWidgetHostView.applyRemoteViews(AppWidgetHostView.java:554)
08-04 14:36:21.385  1778  1778 W AppWidgetHostView: 	at android.appwidget.AppWidgetHostView.updateAppWidget(AppWidgetHostView.java:520)
08-04 14:36:21.385  1778  1778 W AppWidgetHostView: 	at com.android.launcher3.widget.LauncherAppWidgetHostView.updateAppWidget(Unknown Source:118)
08-04 14:36:21.385  1778  1778 W AppWidgetHostView: 	at android.appwidget.AppWidgetHostView.onUpdateProviderInfo(AppWidgetHostView.java:510)
08-04 14:36:21.385  1778  1778 W AppWidgetHostView: 	at android.appwidget.AppWidgetHost.onProviderChanged(AppWidgetHost.java:462)
08-04 14:36:21.385  1778  1778 W AppWidgetHostView: 	at com.android.launcher3.widget.LauncherAppWidgetHost.onProviderChanged(Unknown Source:6)
08-04 14:36:21.385  1778  1778 W AppWidgetHostView: 	at android.appwidget.AppWidgetHost$UpdateHandler.handleMessage(AppWidgetHost.java:155)
08-04 14:36:21.385  1778  1778 W AppWidgetHostView: 	at android.os.Handler.dispatchMessage(Handler.java:106)
08-04 14:36:21.385  1778  1778 W AppWidgetHostView: 	at android.os.Looper.loopOnce(Looper.java:201)
08-04 14:36:21.385  1778  1778 W AppWidgetHostView: 	at android.os.Looper.loop(Looper.java:288)
08-04 14:36:21.385  1778  1778 W AppWidgetHostView: 	at android.app.ActivityThread.main(ActivityThread.java:7924)
08-04 14:36:21.385  1778  1778 W AppWidgetHostView: 	at java.lang.reflect.Method.invoke(Native Method)
08-04 14:36:21.385  1778  1778 W AppWidgetHostView: 	at com.android.internal.os.RuntimeInit$MethodAndArgsCaller.run(RuntimeInit.java:548)
08-04 14:36:21.385  1778  1778 W AppWidgetHostView: 	at com.android.internal.os.ZygoteInit.main(ZygoteInit.java:936)
08-04 14:36:21.385  1778  1778 W AppWidgetHostView: Caused by: java.lang.UnsupportedOperationException: Failed to resolve attribute at index 13: TypedValue{t=0x2/d=0x7f030113 a=-1}, theme={InheritanceMap=[id=0x103013fandroid:style/Theme.DeviceDefault.Light.DarkActionBar, id=0x1030238android:style/Theme.Material.Light.DarkActionBar, id=0x1030237android:style/Theme.Material.Light, id=0x103000candroid:style/Theme.Light, id=0x1030005android:style/Theme], Themes=[android:style/Theme.DeviceDefault.Light.DarkActionBar, forced]}
08-04 14:36:21.385  1778  1778 W AppWidgetHostView: 	at android.content.res.TypedArray.getDrawableForDensity(TypedArray.java:1007)
08-04 14:36:21.385  1778  1778 W AppWidgetHostView: 	at android.content.res.TypedArray.getDrawable(TypedArray.java:991)
08-04 14:36:21.385  1778  1778 W AppWidgetHostView: 	at android.view.View.<init>(View.java:5611)
08-04 14:36:21.385  1778  1778 W AppWidgetHostView: 	at android.view.ViewGroup.<init>(ViewGroup.java:703)
08-04 14:36:21.385  1778  1778 W AppWidgetHostView: 	at android.widget.LinearLayout.<init>(LinearLayout.java:254)
08-04 14:36:21.385  1778  1778 W AppWidgetHostView: 	at android.widget.LinearLayout.<init>(LinearLayout.java:250)
08-04 14:36:21.385  1778  1778 W AppWidgetHostView: 	at android.widget.LinearLayout.<init>(LinearLayout.java:246)
08-04 14:36:21.385  1778  1778 W AppWidgetHostView: 	... 26 more
08-04 14:36:21.421  1336  1486 I SdkSandboxManager: No SDKs used. Skipping SDK data reconcilation for CallingInfo{mUid=10182, mPackageName='com.example.widget_test'}
08-04 14:36:21.443  1336  1366 I ActivityManager: Start proc 9767:com.example.widget_test/u0a182 for broadcast {com.example.widget_test/com.example.widget_test.WidgetProvider}
08-04 14:36:21.499  1336  1385 E VerityUtils: Failed to measure fs-verity, errno 1: /data/app/~~EiDbID5PN9F-G8ZsLOZYMg==/com.example.widget_test-OTomGRhJRjimsT55UvMrcA==/base.apk
08-04 14:36:21.541  1637  1637 D CarrierSvcBindHelper: onPackageUpdateFinished: com.example.widget_test
08-04 14:36:21.541  1637  1637 D CarrierSvcBindHelper: onPackageModified: com.example.widget_test
08-04 14:36:21.549  1637  1637 D ImsResolver: maybeAddedImsService, packageName: com.example.widget_test
08-04 14:36:21.590  2109  9806 W SQLiteLog: (28) double-quoted string literal: "com.example.widget_test"
08-04 14:36:21.670  1960  9818 I ProximityAuth: [RecentAppsMediator] Package added: (user=UserHandle{0}) com.example.widget_test
08-04 14:36:21.672  1336  2352 I ActivityTaskManager: START u0 {act=android.intent.action.MAIN cat=[android.intent.category.LAUNCHER] flg=0x30000000 cmp=com.example.widget_test/.MainActivity (has extras)} from uid 2000
08-04 14:36:21.783  1336  2351 D CoreBackPreview: Window{2594c3e u0 Splash Screen com.example.widget_test}: Setting back callback OnBackInvokedCallbackInfo{mCallback=android.window.IOnBackInvokedCallback$Stub$Proxy@d95a7ec, mPriority=0}
08-04 14:36:21.836  9767  9767 D nativeloader: Configuring classloader-namespace for other apk /system_ext/framework/androidx.window.extensions.jar. target_sdk_version=35, uses_libraries=ALL, library_path=/data/app/~~EiDbID5PN9F-G8ZsLOZYMg==/com.example.widget_test-OTomGRhJRjimsT55UvMrcA==/lib/arm64:/data/app/~~EiDbID5PN9F-G8ZsLOZYMg==/com.example.widget_test-OTomGRhJRjimsT55UvMrcA==/base.apk!/lib/arm64-v8a, permitted_path=/data:/mnt/expand:/data/user/0/com.example.widget_test
08-04 14:36:21.837  9767  9767 D nativeloader: Configuring classloader-namespace for other apk /system_ext/framework/androidx.window.sidecar.jar. target_sdk_version=35, uses_libraries=ALL, library_path=/data/app/~~EiDbID5PN9F-G8ZsLOZYMg==/com.example.widget_test-OTomGRhJRjimsT55UvMrcA==/lib/arm64:/data/app/~~EiDbID5PN9F-G8ZsLOZYMg==/com.example.widget_test-OTomGRhJRjimsT55UvMrcA==/base.apk!/lib/arm64-v8a, permitted_path=/data:/mnt/expand:/data/user/0/com.example.widget_test
08-04 14:36:21.840  9767  9767 W ziparchive: Unable to open '/data/app/~~EiDbID5PN9F-G8ZsLOZYMg==/com.example.widget_test-OTomGRhJRjimsT55UvMrcA==/base.dm': No such file or directory
08-04 14:36:21.840  9767  9767 W ziparchive: Unable to open '/data/app/~~EiDbID5PN9F-G8ZsLOZYMg==/com.example.widget_test-OTomGRhJRjimsT55UvMrcA==/base.dm': No such file or directory
08-04 14:36:22.001  9767  9767 D nativeloader: Configuring classloader-namespace for other apk /data/app/~~EiDbID5PN9F-G8ZsLOZYMg==/com.example.widget_test-OTomGRhJRjimsT55UvMrcA==/base.apk. target_sdk_version=35, uses_libraries=, library_path=/data/app/~~EiDbID5PN9F-G8ZsLOZYMg==/com.example.widget_test-OTomGRhJRjimsT55UvMrcA==/lib/arm64:/data/app/~~EiDbID5PN9F-G8ZsLOZYMg==/com.example.widget_test-OTomGRhJRjimsT55UvMrcA==/base.apk!/lib/arm64-v8a, permitted_path=/data:/mnt/expand:/data/user/0/com.example.widget_test
08-04 14:36:22.027  9767  9767 V GraphicsEnvironment: ANGLE Developer option for 'com.example.widget_test' set to: 'default'
08-04 14:36:22.031  9767  9767 V GraphicsEnvironment: ANGLE GameManagerService for com.example.widget_test: false
08-04 14:36:22.676  1336  1385 E VerityUtils: Failed to measure fs-verity, errno 1: /data/app/~~EiDbID5PN9F-G8ZsLOZYMg==/com.example.widget_test-OTomGRhJRjimsT55UvMrcA==/base.apk
08-04 14:36:22.869  9767  9767 W ple.widget_test: type=1400 audit(0.0:348): avc: denied { read } for name="max_map_count" dev="proc" ino=221377 scontext=u:r:untrusted_app:s0:c182,c256,c512,c768 tcontext=u:object_r:proc_max_map_count:s0 tclass=file permissive=0 app=com.example.widget_test
08-04 14:36:23.784  1336  2352 D CoreBackPreview: Window{bcf2cbe u0 com.example.widget_test/com.example.widget_test.MainActivity}: Setting back callback OnBackInvokedCallbackInfo{mCallback=android.window.IOnBackInvokedCallback$Stub$Proxy@8fbbc6c, mPriority=0}
08-04 14:36:23.840  1778  1778 I LauncherAppWidgetHostView: App widget with id: 30 loaded
08-04 14:36:23.842  1778  1778 W AppWidgetHostView: Error inflating RemoteViews
08-04 14:36:23.842  1778  1778 W AppWidgetHostView: android.view.InflateException: Binary XML file line #10 in com.example.widget_test:layout/schedule_widget: Binary XML file line #10 in com.example.widget_test:layout/schedule_widget: Error inflating class android.widget.LinearLayout
08-04 14:36:23.842  1778  1778 W AppWidgetHostView: Caused by: android.view.InflateException: Binary XML file line #10 in com.example.widget_test:layout/schedule_widget: Error inflating class android.widget.LinearLayout
08-04 14:36:23.842  1778  1778 W AppWidgetHostView: Caused by: java.lang.reflect.InvocationTargetException
08-04 14:36:23.842  1778  1778 W AppWidgetHostView: 	at java.lang.reflect.Constructor.newInstance0(Native Method)
08-04 14:36:23.842  1778  1778 W AppWidgetHostView: 	at java.lang.reflect.Constructor.newInstance(Constructor.java:343)
08-04 14:36:23.842  1778  1778 W AppWidgetHostView: 	at android.view.LayoutInflater.createView(LayoutInflater.java:858)
08-04 14:36:23.842  1778  1778 W AppWidgetHostView: 	at android.view.LayoutInflater.createView(LayoutInflater.java:780)
08-04 14:36:23.842  1778  1778 W AppWidgetHostView: 	at com.android.internal.policy.PhoneLayoutInflater.onCreateView(PhoneLayoutInflater.java:58)
08-04 14:36:23.842  1778  1778 W AppWidgetHostView: 	at android.view.LayoutInflater.onCreateView(LayoutInflater.java:934)
08-04 14:36:23.842  1778  1778 W AppWidgetHostView: 	at android.view.LayoutInflater.onCreateView(LayoutInflater.java:954)
08-04 14:36:23.842  1778  1778 W AppWidgetHostView: 	at android.view.LayoutInflater.createViewFromTag(LayoutInflater.java:1008)
08-04 14:36:23.842  1778  1778 W AppWidgetHostView: 	at android.view.LayoutInflater.createViewFromTag(LayoutInflater.java:965)
08-04 14:36:23.842  1778  1778 W AppWidgetHostView: 	at android.view.LayoutInflater.inflate(LayoutInflater.java:663)
08-04 14:36:23.842  1778  1778 W AppWidgetHostView: 	at android.view.LayoutInflater.inflate(LayoutInflater.java:538)
08-04 14:36:23.842  1778  1778 W AppWidgetHostView: 	at android.widget.RemoteViews.inflateView(RemoteViews.java:5631)
08-04 14:36:23.842  1778  1778 W AppWidgetHostView: 	at android.widget.RemoteViews.-$$Nest$minflateView(Unknown Source:0)
08-04 14:36:23.842  1778  1778 W AppWidgetHostView: 	at android.widget.RemoteViews$AsyncApplyTask.doInBackground(RemoteViews.java:5757)
08-04 14:36:23.842  1778  1778 W AppWidgetHostView: 	at android.widget.RemoteViews$AsyncApplyTask.doInBackground(RemoteViews.java:5719)
08-04 14:36:23.842  1778  1778 W AppWidgetHostView: 	at android.os.AsyncTask$3.call(AsyncTask.java:394)
08-04 14:36:23.842  1778  1778 W AppWidgetHostView: 	at java.util.concurrent.FutureTask.run(FutureTask.java:264)
08-04 14:36:23.842  1778  1778 W AppWidgetHostView: 	at java.util.concurrent.ThreadPoolExecutor.runWorker(ThreadPoolExecutor.java:1137)
08-04 14:36:23.842  1778  1778 W AppWidgetHostView: 	at java.util.concurrent.ThreadPoolExecutor$Worker.run(ThreadPoolExecutor.java:637)
08-04 14:36:23.842  1778  1778 W AppWidgetHostView: 	at java.lang.Thread.run(Thread.java:1012)
08-04 14:36:23.842  1778  1778 W AppWidgetHostView: Caused by: java.lang.UnsupportedOperationException: Failed to resolve attribute at index 13: TypedValue{t=0x2/d=0x7f030113 a=-1}, theme={InheritanceMap=[id=0x103013fandroid:style/Theme.DeviceDefault.Light.DarkActionBar, id=0x1030238android:style/Theme.Material.Light.DarkActionBar, id=0x1030237android:style/Theme.Material.Light, id=0x103000candroid:style/Theme.Light, id=0x1030005android:style/Theme], Themes=[android:style/Theme.DeviceDefault.Light.DarkActionBar, forced]}
08-04 14:36:23.842  1778  1778 W AppWidgetHostView: 	at android.content.res.TypedArray.getDrawableForDensity(TypedArray.java:1007)
08-04 14:36:23.842  1778  1778 W AppWidgetHostView: 	at android.content.res.TypedArray.getDrawable(TypedArray.java:991)
08-04 14:36:23.842  1778  1778 W AppWidgetHostView: 	at android.view.View.<init>(View.java:5611)
08-04 14:36:23.842  1778  1778 W AppWidgetHostView: 	at android.view.ViewGroup.<init>(ViewGroup.java:703)
08-04 14:36:23.842  1778  1778 W AppWidgetHostView: 	at android.widget.LinearLayout.<init>(LinearLayout.java:254)
08-04 14:36:23.842  1778  1778 W AppWidgetHostView: 	at android.widget.LinearLayout.<init>(LinearLayout.java:250)
08-04 14:36:23.842  1778  1778 W AppWidgetHostView: 	at android.widget.LinearLayout.<init>(LinearLayout.java:246)
08-04 14:36:23.842  1778  1778 W AppWidgetHostView: 	... 20 more
08-04 14:36:24.420  1336  2352 I AppsFilter: interaction: PackageSetting{eb41570 com.example.widget_test/10182} -> PackageSetting{c9bf020 com.android.chrome/10138} BLOCKED
08-04 14:36:24.420  1336  2352 I AppsFilter: interaction: PackageSetting{eb41570 com.example.widget_test/10182} -> PackageSetting{c9bf020 com.android.chrome/10138} BLOCKED
08-04 14:36:24.420  1336  2352 I AppsFilter: interaction: PackageSetting{eb41570 com.example.widget_test/10182} -> PackageSetting{c9bf020 com.android.chrome/10138} BLOCKED
08-04 14:36:24.421  1336  2352 I AppsFilter: interaction: PackageSetting{eb41570 com.example.widget_test/10182} -> PackageSetting{c9bf020 com.android.chrome/10138} BLOCKED
08-04 14:36:24.421  1336  2352 I AppsFilter: interaction: PackageSetting{eb41570 com.example.widget_test/10182} -> PackageSetting{8eeb8de com.google.android.apps.docs/10128} BLOCKED
08-04 14:36:24.422  1336  2352 I AppsFilter: interaction: PackageSetting{eb41570 com.example.widget_test/10182} -> PackageSetting{8eeb8de com.google.android.apps.docs/10128} BLOCKED
08-04 14:36:24.422  1336  2352 I AppsFilter: interaction: PackageSetting{eb41570 com.example.widget_test/10182} -> PackageSetting{a4f2dd9 com.google.android.apps.youtube.music/10127} BLOCKED
08-04 14:36:24.422  1336  2352 I AppsFilter: interaction: PackageSetting{eb41570 com.example.widget_test/10182} -> PackageSetting{a4f2dd9 com.google.android.apps.youtube.music/10127} BLOCKED
08-04 14:36:24.422  1336  2352 I AppsFilter: interaction: PackageSetting{eb41570 com.example.widget_test/10182} -> PackageSetting{a4f2dd9 com.google.android.apps.youtube.music/10127} BLOCKED
08-04 14:36:24.423  1336  2352 I AppsFilter: interaction: PackageSetting{eb41570 com.example.widget_test/10182} -> PackageSetting{e5bcfbe com.google.android.calendar/10126} BLOCKED
08-04 14:36:24.423  1336  2352 I AppsFilter: interaction: PackageSetting{eb41570 com.example.widget_test/10182} -> PackageSetting{e5bcfbe com.google.android.calendar/10126} BLOCKED
08-04 14:36:24.424  1336  2352 I AppsFilter: interaction: PackageSetting{eb41570 com.example.widget_test/10182} -> PackageSetting{284d39e com.google.android.deskclock/10133} BLOCKED
08-04 14:36:24.424  1336  2352 I AppsFilter: interaction: PackageSetting{eb41570 com.example.widget_test/10182} -> PackageSetting{284d39e com.google.android.deskclock/10133} BLOCKED
08-04 14:36:24.424  1336  2352 I AppsFilter: interaction: PackageSetting{eb41570 com.example.widget_test/10182} -> PackageSetting{284d39e com.google.android.deskclock/10133} BLOCKED
08-04 14:36:24.424  1336  2352 I AppsFilter: interaction: PackageSetting{eb41570 com.example.widget_test/10182} -> PackageSetting{284d39e com.google.android.deskclock/10133} BLOCKED
08-04 14:36:24.424  1336  2352 I AppsFilter: interaction: PackageSetting{eb41570 com.example.widget_test/10182} -> PackageSetting{284d39e com.google.android.deskclock/10133} BLOCKED
08-04 14:36:24.424  1336  2352 I AppsFilter: interaction: PackageSetting{eb41570 com.example.widget_test/10182} -> PackageSetting{53c6e7f com.google.android.gm/10137} BLOCKED
08-04 14:36:24.424  1336  2352 I AppsFilter: interaction: PackageSetting{eb41570 com.example.widget_test/10182} -> PackageSetting{99fee4c com.google.android.googlequicksearchbox/10120} BLOCKED
08-04 14:36:24.424  1336  2352 I AppsFilter: interaction: PackageSetting{eb41570 com.example.widget_test/10182} -> PackageSetting{99fee4c com.google.android.googlequicksearchbox/10120} BLOCKED
08-04 14:36:24.424  1336  2352 I AppsFilter: interaction: PackageSetting{eb41570 com.example.widget_test/10182} -> PackageSetting{99fee4c com.google.android.googlequicksearchbox/10120} BLOCKED
08-04 14:36:24.425  1336  2352 I AppsFilter: interaction: PackageSetting{eb41570 com.example.widget_test/10182} -> PackageSetting{e7bce95 com.google.android.settings.intelligence/10108} BLOCKED
08-04 14:36:24.425  1336  2352 I AppsFilter: interaction: PackageSetting{eb41570 com.example.widget_test/10182} -> PackageSetting{fe68baa com.google.android.youtube/10144} BLOCKED
08-04 14:36:24.425  1336  2352 I AppsFilter: interaction: PackageSetting{eb41570 com.example.widget_test/10182} -> PackageSetting{fe68baa com.google.android.youtube/10144} BLOCKED
08-04 14:36:25.150  1336  1354 W ziparchive: Unable to open '/data/app/~~EiDbID5PN9F-G8ZsLOZYMg==/com.example.widget_test-OTomGRhJRjimsT55UvMrcA==/base.dm': No such file or directory
08-04 14:36:25.152  1336  1354 I ActivityTaskManager: Displayed com.example.widget_test/.MainActivity: +3s487ms
08-04 14:36:25.152  1336  1354 I ActivityTaskManager: Fully drawn com.example.widget_test/.MainActivity: +3s487ms
08-04 14:36:25.153  1336  1358 W ziparchive: Unable to open '/data/app/~~EiDbID5PN9F-G8ZsLOZYMg==/com.example.widget_test-OTomGRhJRjimsT55UvMrcA==/base.dm': No such file or directory
08-04 14:36:25.218  2054  2054 I GoogleInputMethodService: GoogleInputMethodService.onStartInput():1877 onStartInput(EditorInfo{inputType=0x0(NULL) imeOptions=0x0 privateImeOptions=null actionName=UNSPECIFIED actionLabel=null actionId=0 initialSelStart=-1 initialSelEnd=-1 initialCapsMode=0x0 hintText=null label=null packageName=com.example.widget_test fieldId=-1 fieldName=null extras=null}, false)
08-04 14:36:25.523  1336  1920 W InputManager-JNI: Input channel object '2594c3e Splash Screen com.example.widget_test (client)' was disposed without first being removed with the input manager!
08-04 14:36:25.526  1336  1494 D CoreBackPreview: Window{2594c3e u0 Splash Screen com.example.widget_test EXITING}: Setting back callback null
08-04 14:36:28.234  1336  1494 I InputDispatcher: Channel [Gesture Monitor] swipe-up (server) is stealing touch from [bcf2cbe com.example.widget_test/com.example.widget_test.MainActivity (server), [Gesture Monitor] edge-swipe (server)]
08-04 14:36:29.670  9767  9884 D ProfileInstaller: Installing profile for com.example.widget_test
08-04 14:40:20.007  1336  2130 E ClipboardService: Denying clipboard access to com.example.widget_test, application is not in focus nor is it a system service for user 0
08-04 14:47:40.893  1336  1410 D ActivityManager: freezing 9767 com.example.widget_test
08-04 15:58:20.073  1336  2524 I ActivityManager: Force stopping com.example.widget_test appid=10182 user=0: from pid 10900
08-04 15:58:20.082  1336  2524 I ActivityManager: Killing 9767:com.example.widget_test/u0a182 (adj 910): stop com.example.widget_test due to from pid 10900
08-04 15:58:20.092  1336  2524 W ActivityTaskManager: Force removing ActivityRecord{3c35d43 u0 com.example.widget_test/.MainActivity} t997 f}}: app died, no saved state
08-04 15:58:20.093  1336  1364 W UsageStatsService: Unexpected activity event reported! (com.example.widget_test/com.example.widget_test.MainActivity event : 23 instanceId : 244511474)
08-04 15:58:20.099  1336  2524 W InputManager-JNI: Input channel object 'bcf2cbe com.example.widget_test/com.example.widget_test.MainActivity (client)' was disposed without first being removed with the input manager!
08-04 15:58:20.138  1637  1637 D CarrierSvcBindHelper: onHandleForceStop: [com.example.widget_test]
08-04 15:58:20.147  1336  2352 V ActivityManager: Got obituary of 9767:com.example.widget_test
08-04 16:01:14.217  1336  2786 I ActivityManager: Force stopping com.example.widget_test appid=10182 user=0: from pid 10943
08-04 16:01:14.219  1637  1637 D CarrierSvcBindHelper: onHandleForceStop: [com.example.widget_test]
08-04 16:01:14.809  1336  1365 I ActivityManager: Force stopping com.example.widget_test appid=10182 user=-1: installPackageLI
08-04 16:01:14.812  1336  1388 I PackageManager: Update package com.example.widget_test code path from /data/app/~~EiDbID5PN9F-G8ZsLOZYMg==/com.example.widget_test-OTomGRhJRjimsT55UvMrcA== to /data/app/~~ZpBOVV9QjqfsmTFDplt1GQ==/com.example.widget_test-Lo3E_Ze7eQTKQcWlNx_WFA==; Retain data and using new
08-04 16:01:14.813  1336  1388 I AppsFilter: interaction: PackageSetting{cf81874 com.indentix.homeworkplanner/10188} -> PackageSetting{89f0cd3 com.example.widget_test/10182} BLOCKED
08-04 16:01:14.813  1336  1388 I AppsFilter: interaction: PackageSetting{5bbe612 com.indentix.studentplanner/10192} -> PackageSetting{89f0cd3 com.example.widget_test/10182} BLOCKED
08-04 16:01:14.813  1336  1388 I AppsFilter: interaction: PackageSetting{cf81874 com.indentix.homeworkplanner/10188} -> PackageSetting{506a1e3 com.example.widget_test/10182} BLOCKED
08-04 16:01:14.814  1336  1388 I AppsFilter: interaction: PackageSetting{5bbe612 com.indentix.studentplanner/10192} -> PackageSetting{506a1e3 com.example.widget_test/10182} BLOCKED
08-04 16:01:14.849  1336  1388 I AppsFilter: interaction: PackageSetting{cf81874 com.indentix.homeworkplanner/10188} -> PackageSetting{506a1e3 com.example.widget_test/10182} BLOCKED
08-04 16:01:14.849  1336  1388 I AppsFilter: interaction: PackageSetting{5bbe612 com.indentix.studentplanner/10192} -> PackageSetting{506a1e3 com.example.widget_test/10182} BLOCKED
08-04 16:01:14.862  1336  1388 I ActivityManager: Force stopping com.example.widget_test appid=10182 user=0: pkg removed
08-04 16:01:14.978  1336  1336 I Telecom : CarModeTracker: Package com.example.widget_test is not tracked.: SSH.oR@BNE
08-04 16:01:14.998  1336  1486 I SdkSandboxManager: No SDKs used. Skipping SDK data reconcilation for CallingInfo{mUid=10182, mPackageName='com.example.widget_test'}
08-04 16:01:15.004 22556 22556 D MediaPlayerList: Name of package changed: com.example.widget_test
08-04 16:01:15.007  1778  1778 I LauncherAppWidgetHostView: App widget created with id: 30
08-04 16:01:15.130  1336  1366 I ActivityManager: Start proc 10964:com.example.widget_test/u0a182 for broadcast {com.example.widget_test/com.example.widget_test.WidgetProvider}
08-04 16:01:15.135  1336  1486 I SdkSandboxManager: No SDKs used. Skipping SDK data reconcilation for CallingInfo{mUid=10182, mPackageName='com.example.widget_test'}
08-04 16:01:15.463  1637  1637 D CarrierSvcBindHelper: onPackageUpdateFinished: com.example.widget_test
08-04 16:01:15.466  1637  1637 D CarrierSvcBindHelper: onPackageModified: com.example.widget_test
08-04 16:01:15.500  1960 10951 I ProximityAuth: [RecentAppsMediator] Package added: (user=UserHandle{0}) com.example.widget_test
08-04 16:01:15.552 10964 10964 D nativeloader: Configuring classloader-namespace for other apk /system_ext/framework/androidx.window.extensions.jar. target_sdk_version=35, uses_libraries=ALL, library_path=/data/app/~~ZpBOVV9QjqfsmTFDplt1GQ==/com.example.widget_test-Lo3E_Ze7eQTKQcWlNx_WFA==/lib/arm64:/data/app/~~ZpBOVV9QjqfsmTFDplt1GQ==/com.example.widget_test-Lo3E_Ze7eQTKQcWlNx_WFA==/base.apk!/lib/arm64-v8a, permitted_path=/data:/mnt/expand:/data/user/0/com.example.widget_test
08-04 16:01:15.553 10964 10964 D nativeloader: Configuring classloader-namespace for other apk /system_ext/framework/androidx.window.sidecar.jar. target_sdk_version=35, uses_libraries=ALL, library_path=/data/app/~~ZpBOVV9QjqfsmTFDplt1GQ==/com.example.widget_test-Lo3E_Ze7eQTKQcWlNx_WFA==/lib/arm64:/data/app/~~ZpBOVV9QjqfsmTFDplt1GQ==/com.example.widget_test-Lo3E_Ze7eQTKQcWlNx_WFA==/base.apk!/lib/arm64-v8a, permitted_path=/data:/mnt/expand:/data/user/0/com.example.widget_test
