08-04 13:35:13.810  1336  1351 I ActivityManager: Force stopping com.example.widget_test appid=10182 user=0: from pid 7832
08-04 13:35:13.812  1336  1351 I ActivityManager: Killing 7719:com.example.widget_test/u0a182 (adj 700): stop com.example.widget_test due to from pid 7832
08-04 13:35:13.816  1336  1351 W ActivityTaskManager: Force removing ActivityRecord{266bd5f u0 com.example.widget_test/.MainActivity} t985 f}}: app died, no saved state
08-04 13:35:13.816  1336  1364 W UsageStatsService: Unexpected activity event reported! (com.example.widget_test/com.example.widget_test.MainActivity event : 23 instanceId : 176001534)
08-04 13:35:13.817  1336  1351 W InputManager-JNI: Input channel object '1e4cf8e com.example.widget_test/com.example.widget_test.MainActivity (client)' was disposed without first being removed with the input manager!
08-04 13:35:13.827  1637  1637 D CarrierSvcBindHelper: onHandleForceStop: [com.example.widget_test]
08-04 13:35:13.848  1336  1352 V ActivityManager: Got obituary of 7719:com.example.widget_test
08-04 13:35:32.609  1336  1351 I ActivityManager: Force stopping com.example.widget_test appid=10182 user=0: from pid 7846
08-04 13:35:32.612  1637  1637 D CarrierSvcBindHelper: onHandleForceStop: [com.example.widget_test]
08-04 13:35:32.995  1336  1365 I ActivityManager: Force stopping com.example.widget_test appid=10182 user=-1: installPackageLI
08-04 13:35:32.996  1336  1388 I PackageManager: Update package com.example.widget_test code path from /data/app/~~0FkMlU7ij_zlrxDjgju0eA==/com.example.widget_test-gQK93l-XRtztws55X-U24g== to /data/app/~~CCfHdpLtvj-STuVDXgGT8w==/com.example.widget_test-4uZ8bMFreKPjQrVJW0THng==; Retain data and using new
08-04 13:35:32.997  1336  1388 I AppsFilter: interaction: PackageSetting{cf81874 com.indentix.homeworkplanner/10188} -> PackageSetting{47310c com.example.widget_test/10182} BLOCKED
08-04 13:35:32.997  1336  1388 I AppsFilter: interaction: PackageSetting{5bbe612 com.indentix.studentplanner/10192} -> PackageSetting{47310c com.example.widget_test/10182} BLOCKED
08-04 13:35:32.997  1336  1388 I AppsFilter: interaction: PackageSetting{cf81874 com.indentix.homeworkplanner/10188} -> PackageSetting{506a1e3 com.example.widget_test/10182} BLOCKED
08-04 13:35:32.998  1336  1388 I AppsFilter: interaction: PackageSetting{5bbe612 com.indentix.studentplanner/10192} -> PackageSetting{506a1e3 com.example.widget_test/10182} BLOCKED
08-04 13:35:33.026  1336  1388 I AppsFilter: interaction: PackageSetting{cf81874 com.indentix.homeworkplanner/10188} -> PackageSetting{506a1e3 com.example.widget_test/10182} BLOCKED
08-04 13:35:33.026  1336  1388 I AppsFilter: interaction: PackageSetting{5bbe612 com.indentix.studentplanner/10192} -> PackageSetting{506a1e3 com.example.widget_test/10182} BLOCKED
08-04 13:35:33.028  1336  1388 I ActivityManager: Force stopping com.example.widget_test appid=10182 user=0: pkg removed
08-04 13:35:33.085  1336  1336 I Telecom : CarModeTracker: Package com.example.widget_test is not tracked.: SSH.oR@BJM
08-04 13:35:33.102  1336  1486 I SdkSandboxManager: No SDKs used. Skipping SDK data reconcilation for CallingInfo{mUid=10182, mPackageName='com.example.widget_test'}
08-04 13:35:33.115 22556 22556 D MediaPlayerList: Name of package changed: com.example.widget_test
08-04 13:35:33.118  1778  1778 I LauncherAppWidgetHostView: App widget created with id: 29
08-04 13:35:33.150  1336  1366 I ActivityManager: Start proc 7859:com.example.widget_test/u0a182 for broadcast {com.example.widget_test/com.example.widget_test.WidgetProvider}
08-04 13:35:33.168  1336  1385 E VerityUtils: Failed to measure fs-verity, errno 1: /data/app/~~CCfHdpLtvj-STuVDXgGT8w==/com.example.widget_test-4uZ8bMFreKPjQrVJW0THng==/base.apk
08-04 13:35:33.173  1336  1486 I SdkSandboxManager: No SDKs used. Skipping SDK data reconcilation for CallingInfo{mUid=10182, mPackageName='com.example.widget_test'}
08-04 13:35:33.257  1637  1637 D CarrierSvcBindHelper: onPackageUpdateFinished: com.example.widget_test
08-04 13:35:33.257  1637  1637 D CarrierSvcBindHelper: onPackageModified: com.example.widget_test
08-04 13:35:33.258  1637  1637 D ImsResolver: maybeAddedImsService, packageName: com.example.widget_test
08-04 13:35:33.289  2109  7856 W SQLiteLog: (28) double-quoted string literal: "com.example.widget_test"
08-04 13:35:33.315  1960  7885 I ProximityAuth: [RecentAppsMediator] Package added: (user=UserHandle{0}) com.example.widget_test
08-04 13:35:33.373  7859  7859 D nativeloader: Configuring classloader-namespace for other apk /system_ext/framework/androidx.window.extensions.jar. target_sdk_version=35, uses_libraries=ALL, library_path=/data/app/~~CCfHdpLtvj-STuVDXgGT8w==/com.example.widget_test-4uZ8bMFreKPjQrVJW0THng==/lib/arm64:/data/app/~~CCfHdpLtvj-STuVDXgGT8w==/com.example.widget_test-4uZ8bMFreKPjQrVJW0THng==/base.apk!/lib/arm64-v8a, permitted_path=/data:/mnt/expand:/data/user/0/com.example.widget_test
08-04 13:35:33.374  7859  7859 D nativeloader: Configuring classloader-namespace for other apk /system_ext/framework/androidx.window.sidecar.jar. target_sdk_version=35, uses_libraries=ALL, library_path=/data/app/~~CCfHdpLtvj-STuVDXgGT8w==/com.example.widget_test-4uZ8bMFreKPjQrVJW0THng==/lib/arm64:/data/app/~~CCfHdpLtvj-STuVDXgGT8w==/com.example.widget_test-4uZ8bMFreKPjQrVJW0THng==/base.apk!/lib/arm64-v8a, permitted_path=/data:/mnt/expand:/data/user/0/com.example.widget_test
08-04 13:35:33.374  7859  7859 W ziparchive: Unable to open '/data/app/~~CCfHdpLtvj-STuVDXgGT8w==/com.example.widget_test-4uZ8bMFreKPjQrVJW0THng==/base.dm': No such file or directory
08-04 13:35:33.374  7859  7859 W ziparchive: Unable to open '/data/app/~~CCfHdpLtvj-STuVDXgGT8w==/com.example.widget_test-4uZ8bMFreKPjQrVJW0THng==/base.dm': No such file or directory
08-04 13:35:33.410  1336  2457 I ActivityTaskManager: START u0 {act=android.intent.action.MAIN cat=[android.intent.category.LAUNCHER] flg=0x30000000 cmp=com.example.widget_test/.MainActivity (has extras)} from uid 2000
08-04 13:35:33.492  1336  2526 D CoreBackPreview: Window{c21a1c9 u0 Splash Screen com.example.widget_test}: Setting back callback OnBackInvokedCallbackInfo{mCallback=android.window.IOnBackInvokedCallback$Stub$Proxy@997abda, mPriority=0}
08-04 13:35:33.574  7859  7859 D nativeloader: Configuring classloader-namespace for other apk /data/app/~~CCfHdpLtvj-STuVDXgGT8w==/com.example.widget_test-4uZ8bMFreKPjQrVJW0THng==/base.apk. target_sdk_version=35, uses_libraries=, library_path=/data/app/~~CCfHdpLtvj-STuVDXgGT8w==/com.example.widget_test-4uZ8bMFreKPjQrVJW0THng==/lib/arm64:/data/app/~~CCfHdpLtvj-STuVDXgGT8w==/com.example.widget_test-4uZ8bMFreKPjQrVJW0THng==/base.apk!/lib/arm64-v8a, permitted_path=/data:/mnt/expand:/data/user/0/com.example.widget_test
08-04 13:35:33.657  7859  7859 V GraphicsEnvironment: ANGLE Developer option for 'com.example.widget_test' set to: 'default'
08-04 13:35:33.658  7859  7859 V GraphicsEnvironment: ANGLE GameManagerService for com.example.widget_test: false
08-04 13:35:33.819  1778  1778 I LauncherAppWidgetHostView: App widget with id: 29 loaded
08-04 13:35:34.291  1336  1385 E VerityUtils: Failed to measure fs-verity, errno 1: /data/app/~~CCfHdpLtvj-STuVDXgGT8w==/com.example.widget_test-4uZ8bMFreKPjQrVJW0THng==/base.apk
08-04 13:35:34.613  7859  7859 W ple.widget_test: type=1400 audit(0.0:260): avc: denied { read } for name="max_map_count" dev="proc" ino=210458 scontext=u:r:untrusted_app:s0:c182,c256,c512,c768 tcontext=u:object_r:proc_max_map_count:s0 tclass=file permissive=0 app=com.example.widget_test
08-04 13:35:35.072  1336  1503 D CoreBackPreview: Window{7892e6e u0 com.example.widget_test/com.example.widget_test.MainActivity}: Setting back callback OnBackInvokedCallbackInfo{mCallback=android.window.IOnBackInvokedCallback$Stub$Proxy@eaa4d9c, mPriority=0}
08-04 13:35:35.754  1336  1503 I AppsFilter: interaction: PackageSetting{e58b434 com.example.widget_test/10182} -> PackageSetting{c9bf020 com.android.chrome/10138} BLOCKED
08-04 13:35:35.754  1336  1503 I AppsFilter: interaction: PackageSetting{e58b434 com.example.widget_test/10182} -> PackageSetting{c9bf020 com.android.chrome/10138} BLOCKED
08-04 13:35:35.754  1336  1503 I AppsFilter: interaction: PackageSetting{e58b434 com.example.widget_test/10182} -> PackageSetting{c9bf020 com.android.chrome/10138} BLOCKED
08-04 13:35:35.754  1336  1503 I AppsFilter: interaction: PackageSetting{e58b434 com.example.widget_test/10182} -> PackageSetting{c9bf020 com.android.chrome/10138} BLOCKED
08-04 13:35:35.754  1336  1503 I AppsFilter: interaction: PackageSetting{e58b434 com.example.widget_test/10182} -> PackageSetting{8eeb8de com.google.android.apps.docs/10128} BLOCKED
08-04 13:35:35.754  1336  1503 I AppsFilter: interaction: PackageSetting{e58b434 com.example.widget_test/10182} -> PackageSetting{8eeb8de com.google.android.apps.docs/10128} BLOCKED
08-04 13:35:35.755  1336  1503 I AppsFilter: interaction: PackageSetting{e58b434 com.example.widget_test/10182} -> PackageSetting{a4f2dd9 com.google.android.apps.youtube.music/10127} BLOCKED
08-04 13:35:35.755  1336  1503 I AppsFilter: interaction: PackageSetting{e58b434 com.example.widget_test/10182} -> PackageSetting{a4f2dd9 com.google.android.apps.youtube.music/10127} BLOCKED
08-04 13:35:35.755  1336  1503 I AppsFilter: interaction: PackageSetting{e58b434 com.example.widget_test/10182} -> PackageSetting{a4f2dd9 com.google.android.apps.youtube.music/10127} BLOCKED
08-04 13:35:35.755  1336  1503 I AppsFilter: interaction: PackageSetting{e58b434 com.example.widget_test/10182} -> PackageSetting{e5bcfbe com.google.android.calendar/10126} BLOCKED
08-04 13:35:35.755  1336  1503 I AppsFilter: interaction: PackageSetting{e58b434 com.example.widget_test/10182} -> PackageSetting{e5bcfbe com.google.android.calendar/10126} BLOCKED
08-04 13:35:35.755  1336  1503 I AppsFilter: interaction: PackageSetting{e58b434 com.example.widget_test/10182} -> PackageSetting{284d39e com.google.android.deskclock/10133} BLOCKED
08-04 13:35:35.755  1336  1503 I AppsFilter: interaction: PackageSetting{e58b434 com.example.widget_test/10182} -> PackageSetting{284d39e com.google.android.deskclock/10133} BLOCKED
08-04 13:35:35.755  1336  1503 I AppsFilter: interaction: PackageSetting{e58b434 com.example.widget_test/10182} -> PackageSetting{284d39e com.google.android.deskclock/10133} BLOCKED
08-04 13:35:35.755  1336  1503 I AppsFilter: interaction: PackageSetting{e58b434 com.example.widget_test/10182} -> PackageSetting{284d39e com.google.android.deskclock/10133} BLOCKED
08-04 13:35:35.755  1336  1503 I AppsFilter: interaction: PackageSetting{e58b434 com.example.widget_test/10182} -> PackageSetting{284d39e com.google.android.deskclock/10133} BLOCKED
08-04 13:35:35.755  1336  1503 I AppsFilter: interaction: PackageSetting{e58b434 com.example.widget_test/10182} -> PackageSetting{53c6e7f com.google.android.gm/10137} BLOCKED
08-04 13:35:35.755  1336  1503 I AppsFilter: interaction: PackageSetting{e58b434 com.example.widget_test/10182} -> PackageSetting{99fee4c com.google.android.googlequicksearchbox/10120} BLOCKED
08-04 13:35:35.755  1336  1503 I AppsFilter: interaction: PackageSetting{e58b434 com.example.widget_test/10182} -> PackageSetting{99fee4c com.google.android.googlequicksearchbox/10120} BLOCKED
08-04 13:35:35.755  1336  1503 I AppsFilter: interaction: PackageSetting{e58b434 com.example.widget_test/10182} -> PackageSetting{99fee4c com.google.android.googlequicksearchbox/10120} BLOCKED
08-04 13:35:35.755  1336  1503 I AppsFilter: interaction: PackageSetting{e58b434 com.example.widget_test/10182} -> PackageSetting{e7bce95 com.google.android.settings.intelligence/10108} BLOCKED
08-04 13:35:35.755  1336  1503 I AppsFilter: interaction: PackageSetting{e58b434 com.example.widget_test/10182} -> PackageSetting{fe68baa com.google.android.youtube/10144} BLOCKED
08-04 13:35:35.755  1336  1503 I AppsFilter: interaction: PackageSetting{e58b434 com.example.widget_test/10182} -> PackageSetting{fe68baa com.google.android.youtube/10144} BLOCKED
08-04 13:35:36.648  1336  1354 W ziparchive: Unable to open '/data/app/~~CCfHdpLtvj-STuVDXgGT8w==/com.example.widget_test-4uZ8bMFreKPjQrVJW0THng==/base.dm': No such file or directory
08-04 13:35:36.649  1336  1354 I ActivityTaskManager: Displayed com.example.widget_test/.MainActivity: +3s237ms
08-04 13:35:36.649  1336  1354 I ActivityTaskManager: Fully drawn com.example.widget_test/.MainActivity: +3s237ms
08-04 13:35:36.650  1336  1358 W ziparchive: Unable to open '/data/app/~~CCfHdpLtvj-STuVDXgGT8w==/com.example.widget_test-4uZ8bMFreKPjQrVJW0THng==/base.dm': No such file or directory
08-04 13:35:36.710  2054  2054 I GoogleInputMethodService: GoogleInputMethodService.onStartInput():1877 onStartInput(EditorInfo{inputType=0x0(NULL) imeOptions=0x0 privateImeOptions=null actionName=UNSPECIFIED actionLabel=null actionId=0 initialSelStart=-1 initialSelEnd=-1 initialCapsMode=0x0 hintText=null label=null packageName=com.example.widget_test fieldId=-1 fieldName=null extras=null}, false)
08-04 13:35:37.017  1336  2526 W InputManager-JNI: Input channel object 'c21a1c9 Splash Screen com.example.widget_test (client)' was disposed without first being removed with the input manager!
08-04 13:35:37.019  1336  2528 D CoreBackPreview: Window{c21a1c9 u0 Splash Screen com.example.widget_test EXITING}: Setting back callback null
08-04 13:35:41.012  7859  7959 D ProfileInstaller: Installing profile for com.example.widget_test
08-04 13:35:45.582  1336  1351 I InputDispatcher: Channel [Gesture Monitor] swipe-up (server) is stealing touch from [7892e6e com.example.widget_test/com.example.widget_test.MainActivity (server), [Gesture Monitor] edge-swipe (server)]
08-04 13:42:31.807  1336  2526 I ActivityManager: Force stopping com.example.widget_test appid=10182 user=0: from pid 7986
08-04 13:42:31.808  1336  2526 I ActivityManager: Killing 7859:com.example.widget_test/u0a182 (adj 700): stop com.example.widget_test due to from pid 7986
08-04 13:42:31.812  1336  2526 W ActivityTaskManager: Force removing ActivityRecord{f47c4f7 u0 com.example.widget_test/.MainActivity} t986 f}}: app died, no saved state
08-04 13:42:31.812  1336  1364 W UsageStatsService: Unexpected activity event reported! (com.example.widget_test/com.example.widget_test.MainActivity event : 23 instanceId : 236329206)
08-04 13:42:31.812  1336  2526 W InputManager-JNI: Input channel object '7892e6e com.example.widget_test/com.example.widget_test.MainActivity (client)' was disposed without first being removed with the input manager!
08-04 13:42:31.823  1637  1637 D CarrierSvcBindHelper: onHandleForceStop: [com.example.widget_test]
08-04 13:42:31.849  1336  2526 V ActivityManager: Got obituary of 7859:com.example.widget_test
08-04 13:42:38.919  1336  1503 I ActivityManager: Force stopping com.example.widget_test appid=10182 user=0: from pid 8000
08-04 13:42:38.922  1637  1637 D CarrierSvcBindHelper: onHandleForceStop: [com.example.widget_test]
08-04 13:42:39.306  1336  1365 I ActivityManager: Force stopping com.example.widget_test appid=10182 user=-1: installPackageLI
08-04 13:42:39.307  1336  1388 I PackageManager: Update package com.example.widget_test code path from /data/app/~~CCfHdpLtvj-STuVDXgGT8w==/com.example.widget_test-4uZ8bMFreKPjQrVJW0THng== to /data/app/~~4EeLK0hqrkwhLaDohhvDSQ==/com.example.widget_test-_AafjJxCi_uzUs8WxWHauQ==; Retain data and using new
08-04 13:42:39.308  1336  1388 I AppsFilter: interaction: PackageSetting{cf81874 com.indentix.homeworkplanner/10188} -> PackageSetting{c909449 com.example.widget_test/10182} BLOCKED
08-04 13:42:39.308  1336  1388 I AppsFilter: interaction: PackageSetting{5bbe612 com.indentix.studentplanner/10192} -> PackageSetting{c909449 com.example.widget_test/10182} BLOCKED
08-04 13:42:39.308  1336  1388 I AppsFilter: interaction: PackageSetting{cf81874 com.indentix.homeworkplanner/10188} -> PackageSetting{506a1e3 com.example.widget_test/10182} BLOCKED
08-04 13:42:39.309  1336  1388 I AppsFilter: interaction: PackageSetting{5bbe612 com.indentix.studentplanner/10192} -> PackageSetting{506a1e3 com.example.widget_test/10182} BLOCKED
08-04 13:42:39.333  1336  1388 I AppsFilter: interaction: PackageSetting{cf81874 com.indentix.homeworkplanner/10188} -> PackageSetting{506a1e3 com.example.widget_test/10182} BLOCKED
08-04 13:42:39.333  1336  1388 I AppsFilter: interaction: PackageSetting{5bbe612 com.indentix.studentplanner/10192} -> PackageSetting{506a1e3 com.example.widget_test/10182} BLOCKED
08-04 13:42:39.340  1336  1388 I ActivityManager: Force stopping com.example.widget_test appid=10182 user=0: pkg removed
08-04 13:42:39.381  1336  1336 I Telecom : CarModeTracker: Package com.example.widget_test is not tracked.: SSH.oR@BJg
08-04 13:42:39.420  1336  1486 I SdkSandboxManager: No SDKs used. Skipping SDK data reconcilation for CallingInfo{mUid=10182, mPackageName='com.example.widget_test'}
08-04 13:42:39.434 22556 22556 D MediaPlayerList: Name of package changed: com.example.widget_test
08-04 13:42:39.437  1778  1778 I LauncherAppWidgetHostView: App widget created with id: 29
08-04 13:42:39.440  1778  1778 W AppWidgetHostView: Error inflating AppWidget AppWidgetProviderInfo(UserHandle{0}/ComponentInfo{com.example.widget_test/com.example.widget_test.WidgetProvider})
08-04 13:42:39.440  1778  1778 W AppWidgetHostView: android.view.InflateException: Binary XML file line #28 in com.example.widget_test:layout/schedule_widget: Binary XML file line #28 in com.example.widget_test:layout/schedule_widget: Error inflating class com.google.android.material.textview.MaterialTextView
08-04 13:42:39.440  1778  1778 W AppWidgetHostView: Caused by: android.view.InflateException: Binary XML file line #28 in com.example.widget_test:layout/schedule_widget: Error inflating class com.google.android.material.textview.MaterialTextView
08-04 13:42:39.440  1778  1778 W AppWidgetHostView: Caused by: java.lang.ClassNotFoundException: com.google.android.material.textview.MaterialTextView
08-04 13:42:39.440  1778  1778 W AppWidgetHostView: 	at java.lang.Class.classForName(Native Method)
08-04 13:42:39.440  1778  1778 W AppWidgetHostView: 	at java.lang.Class.forName(Class.java:454)
08-04 13:42:39.440  1778  1778 W AppWidgetHostView: 	at android.view.LayoutInflater.createView(LayoutInflater.java:819)
08-04 13:42:39.440  1778  1778 W AppWidgetHostView: 	at android.view.LayoutInflater.createViewFromTag(LayoutInflater.java:1010)
08-04 13:42:39.440  1778  1778 W AppWidgetHostView: 	at android.view.LayoutInflater.createViewFromTag(LayoutInflater.java:965)
08-04 13:42:39.440  1778  1778 W AppWidgetHostView: 	at android.view.LayoutInflater.rInflate(LayoutInflater.java:1127)
08-04 13:42:39.440  1778  1778 W AppWidgetHostView: 	at android.view.LayoutInflater.rInflateChildren(LayoutInflater.java:1088)
08-04 13:42:39.440  1778  1778 W AppWidgetHostView: 	at android.view.LayoutInflater.inflate(LayoutInflater.java:686)
08-04 13:42:39.440  1778  1778 W AppWidgetHostView: 	at android.view.LayoutInflater.inflate(LayoutInflater.java:538)
08-04 13:42:39.440  1778  1778 W AppWidgetHostView: 	at android.appwidget.AppWidgetHostView.getDefaultView(AppWidgetHostView.java:802)
08-04 13:42:39.440  1778  1778 W AppWidgetHostView: 	at android.appwidget.AppWidgetHostView.applyRemoteViews(AppWidgetHostView.java:554)
08-04 13:42:39.440  1778  1778 W AppWidgetHostView: 	at android.appwidget.AppWidgetHostView.updateAppWidget(AppWidgetHostView.java:520)
08-04 13:42:39.440  1778  1778 W AppWidgetHostView: 	at com.android.launcher3.widget.LauncherAppWidgetHostView.updateAppWidget(Unknown Source:118)
08-04 13:42:39.440  1778  1778 W AppWidgetHostView: 	at android.appwidget.AppWidgetHostView.onUpdateProviderInfo(AppWidgetHostView.java:510)
08-04 13:42:39.440  1778  1778 W AppWidgetHostView: 	at android.appwidget.AppWidgetHost.onProviderChanged(AppWidgetHost.java:462)
08-04 13:42:39.440  1778  1778 W AppWidgetHostView: 	at com.android.launcher3.widget.LauncherAppWidgetHost.onProviderChanged(Unknown Source:6)
08-04 13:42:39.440  1778  1778 W AppWidgetHostView: 	at android.appwidget.AppWidgetHost$UpdateHandler.handleMessage(AppWidgetHost.java:155)
08-04 13:42:39.440  1778  1778 W AppWidgetHostView: 	at android.os.Handler.dispatchMessage(Handler.java:106)
08-04 13:42:39.440  1778  1778 W AppWidgetHostView: 	at android.os.Looper.loopOnce(Looper.java:201)
08-04 13:42:39.440  1778  1778 W AppWidgetHostView: 	at android.os.Looper.loop(Looper.java:288)
08-04 13:42:39.440  1778  1778 W AppWidgetHostView: 	at android.app.ActivityThread.main(ActivityThread.java:7924)
08-04 13:42:39.440  1778  1778 W AppWidgetHostView: 	at java.lang.reflect.Method.invoke(Native Method)
08-04 13:42:39.440  1778  1778 W AppWidgetHostView: 	at com.android.internal.os.RuntimeInit$MethodAndArgsCaller.run(RuntimeInit.java:548)
08-04 13:42:39.440  1778  1778 W AppWidgetHostView: 	at com.android.internal.os.ZygoteInit.main(ZygoteInit.java:936)
08-04 13:42:39.440  1778  1778 W AppWidgetHostView: Caused by: java.lang.ClassNotFoundException: com.google.android.material.textview.MaterialTextView
08-04 13:42:39.440  1778  1778 W AppWidgetHostView: 	... 24 more
08-04 13:42:39.467  1336  1366 I ActivityManager: Start proc 8015:com.example.widget_test/u0a182 for broadcast {com.example.widget_test/com.example.widget_test.WidgetProvider}
08-04 13:42:39.492  1336  1385 E VerityUtils: Failed to measure fs-verity, errno 1: /data/app/~~4EeLK0hqrkwhLaDohhvDSQ==/com.example.widget_test-_AafjJxCi_uzUs8WxWHauQ==/base.apk
08-04 13:42:39.494  1637  1637 D CarrierSvcBindHelper: onPackageUpdateFinished: com.example.widget_test
08-04 13:42:39.494  1637  1637 D CarrierSvcBindHelper: onPackageModified: com.example.widget_test
08-04 13:42:39.520  1336  1486 I SdkSandboxManager: No SDKs used. Skipping SDK data reconcilation for CallingInfo{mUid=10182, mPackageName='com.example.widget_test'}
08-04 13:42:39.553  1637  1637 D ImsResolver: maybeAddedImsService, packageName: com.example.widget_test
08-04 13:42:39.574  2109  8013 W SQLiteLog: (28) double-quoted string literal: "com.example.widget_test"
08-04 13:42:39.592  1960  8040 I ProximityAuth: [RecentAppsMediator] Package added: (user=UserHandle{0}) com.example.widget_test
08-04 13:42:39.705  8015  8015 D nativeloader: Configuring classloader-namespace for other apk /system_ext/framework/androidx.window.extensions.jar. target_sdk_version=35, uses_libraries=ALL, library_path=/data/app/~~4EeLK0hqrkwhLaDohhvDSQ==/com.example.widget_test-_AafjJxCi_uzUs8WxWHauQ==/lib/arm64:/data/app/~~4EeLK0hqrkwhLaDohhvDSQ==/com.example.widget_test-_AafjJxCi_uzUs8WxWHauQ==/base.apk!/lib/arm64-v8a, permitted_path=/data:/mnt/expand:/data/user/0/com.example.widget_test
08-04 13:42:39.707  8015  8015 D nativeloader: Configuring classloader-namespace for other apk /system_ext/framework/androidx.window.sidecar.jar. target_sdk_version=35, uses_libraries=ALL, library_path=/data/app/~~4EeLK0hqrkwhLaDohhvDSQ==/com.example.widget_test-_AafjJxCi_uzUs8WxWHauQ==/lib/arm64:/data/app/~~4EeLK0hqrkwhLaDohhvDSQ==/com.example.widget_test-_AafjJxCi_uzUs8WxWHauQ==/base.apk!/lib/arm64-v8a, permitted_path=/data:/mnt/expand:/data/user/0/com.example.widget_test
08-04 13:42:39.707  8015  8015 W ziparchive: Unable to open '/data/app/~~4EeLK0hqrkwhLaDohhvDSQ==/com.example.widget_test-_AafjJxCi_uzUs8WxWHauQ==/base.dm': No such file or directory
08-04 13:42:39.707  8015  8015 W ziparchive: Unable to open '/data/app/~~4EeLK0hqrkwhLaDohhvDSQ==/com.example.widget_test-_AafjJxCi_uzUs8WxWHauQ==/base.dm': No such file or directory
08-04 13:42:39.761  1336  2527 I ActivityTaskManager: START u0 {act=android.intent.action.MAIN cat=[android.intent.category.LAUNCHER] flg=0x30000000 cmp=com.example.widget_test/.MainActivity (has extras)} from uid 2000
08-04 13:42:39.831  1336  2527 D CoreBackPreview: Window{ee0ddaa u0 Splash Screen com.example.widget_test}: Setting back callback OnBackInvokedCallbackInfo{mCallback=android.window.IOnBackInvokedCallback$Stub$Proxy@acbb911, mPriority=0}
08-04 13:42:39.898  8015  8015 D nativeloader: Configuring classloader-namespace for other apk /data/app/~~4EeLK0hqrkwhLaDohhvDSQ==/com.example.widget_test-_AafjJxCi_uzUs8WxWHauQ==/base.apk. target_sdk_version=35, uses_libraries=, library_path=/data/app/~~4EeLK0hqrkwhLaDohhvDSQ==/com.example.widget_test-_AafjJxCi_uzUs8WxWHauQ==/lib/arm64:/data/app/~~4EeLK0hqrkwhLaDohhvDSQ==/com.example.widget_test-_AafjJxCi_uzUs8WxWHauQ==/base.apk!/lib/arm64-v8a, permitted_path=/data:/mnt/expand:/data/user/0/com.example.widget_test
08-04 13:42:39.926  8015  8015 V GraphicsEnvironment: ANGLE Developer option for 'com.example.widget_test' set to: 'default'
08-04 13:42:39.927  8015  8015 V GraphicsEnvironment: ANGLE GameManagerService for com.example.widget_test: false
08-04 13:42:40.104  1778  1778 I LauncherAppWidgetHostView: App widget with id: 29 loaded
08-04 13:42:40.106  1778  1778 W AppWidgetHostView: Error inflating RemoteViews
08-04 13:42:40.106  1778  1778 W AppWidgetHostView: android.view.InflateException: Binary XML file line #28 in com.example.widget_test:layout/schedule_widget: Binary XML file line #28 in com.example.widget_test:layout/schedule_widget: Error inflating class com.google.android.material.textview.MaterialTextView
08-04 13:42:40.106  1778  1778 W AppWidgetHostView: Caused by: android.view.InflateException: Binary XML file line #28 in com.example.widget_test:layout/schedule_widget: Error inflating class com.google.android.material.textview.MaterialTextView
08-04 13:42:40.106  1778  1778 W AppWidgetHostView: Caused by: java.lang.ClassNotFoundException: com.google.android.material.textview.MaterialTextView
08-04 13:42:40.106  1778  1778 W AppWidgetHostView: 	at java.lang.Class.classForName(Native Method)
08-04 13:42:40.106  1778  1778 W AppWidgetHostView: 	at java.lang.Class.forName(Class.java:454)
08-04 13:42:40.106  1778  1778 W AppWidgetHostView: 	at android.view.LayoutInflater.createView(LayoutInflater.java:819)
08-04 13:42:40.106  1778  1778 W AppWidgetHostView: 	at android.view.LayoutInflater.createViewFromTag(LayoutInflater.java:1010)
08-04 13:42:40.106  1778  1778 W AppWidgetHostView: 	at android.view.LayoutInflater.createViewFromTag(LayoutInflater.java:965)
08-04 13:42:40.106  1778  1778 W AppWidgetHostView: 	at android.view.LayoutInflater.rInflate(LayoutInflater.java:1127)
08-04 13:42:40.106  1778  1778 W AppWidgetHostView: 	at android.view.LayoutInflater.rInflateChildren(LayoutInflater.java:1088)
08-04 13:42:40.106  1778  1778 W AppWidgetHostView: 	at android.view.LayoutInflater.inflate(LayoutInflater.java:686)
08-04 13:42:40.106  1778  1778 W AppWidgetHostView: 	at android.view.LayoutInflater.inflate(LayoutInflater.java:538)
08-04 13:42:40.106  1778  1778 W AppWidgetHostView: 	at android.widget.RemoteViews.inflateView(RemoteViews.java:5631)
08-04 13:42:40.106  1778  1778 W AppWidgetHostView: 	at android.widget.RemoteViews.-$$Nest$minflateView(Unknown Source:0)
08-04 13:42:40.106  1778  1778 W AppWidgetHostView: 	at android.widget.RemoteViews$AsyncApplyTask.doInBackground(RemoteViews.java:5757)
08-04 13:42:40.106  1778  1778 W AppWidgetHostView: 	at android.widget.RemoteViews$AsyncApplyTask.doInBackground(RemoteViews.java:5719)
08-04 13:42:40.106  1778  1778 W AppWidgetHostView: 	at android.os.AsyncTask$3.call(AsyncTask.java:394)
08-04 13:42:40.106  1778  1778 W AppWidgetHostView: 	at java.util.concurrent.FutureTask.run(FutureTask.java:264)
08-04 13:42:40.106  1778  1778 W AppWidgetHostView: 	at java.util.concurrent.ThreadPoolExecutor.runWorker(ThreadPoolExecutor.java:1137)
08-04 13:42:40.106  1778  1778 W AppWidgetHostView: 	at java.util.concurrent.ThreadPoolExecutor$Worker.run(ThreadPoolExecutor.java:637)
08-04 13:42:40.106  1778  1778 W AppWidgetHostView: 	at java.lang.Thread.run(Thread.java:1012)
08-04 13:42:40.106  1778  1778 W AppWidgetHostView: Caused by: java.lang.ClassNotFoundException: com.google.android.material.textview.MaterialTextView
08-04 13:42:40.106  1778  1778 W AppWidgetHostView: 	... 18 more
08-04 13:42:40.727  1336  1385 E VerityUtils: Failed to measure fs-verity, errno 1: /data/app/~~4EeLK0hqrkwhLaDohhvDSQ==/com.example.widget_test-_AafjJxCi_uzUs8WxWHauQ==/base.apk
08-04 13:42:40.725  8015  8015 W ple.widget_test: type=1400 audit(0.0:268): avc: denied { read } for name="max_map_count" dev="proc" ino=210458 scontext=u:r:untrusted_app:s0:c182,c256,c512,c768 tcontext=u:object_r:proc_max_map_count:s0 tclass=file permissive=0 app=com.example.widget_test
08-04 13:42:41.134  1336  2787 D CoreBackPreview: Window{e94fdb9 u0 com.example.widget_test/com.example.widget_test.MainActivity}: Setting back callback OnBackInvokedCallbackInfo{mCallback=android.window.IOnBackInvokedCallback$Stub$Proxy@ab715f, mPriority=0}
08-04 13:42:41.770  1336  2787 I AppsFilter: interaction: PackageSetting{b7a0044 com.example.widget_test/10182} -> PackageSetting{c9bf020 com.android.chrome/10138} BLOCKED
08-04 13:42:41.770  1336  2787 I AppsFilter: interaction: PackageSetting{b7a0044 com.example.widget_test/10182} -> PackageSetting{c9bf020 com.android.chrome/10138} BLOCKED
08-04 13:42:41.770  1336  2787 I AppsFilter: interaction: PackageSetting{b7a0044 com.example.widget_test/10182} -> PackageSetting{c9bf020 com.android.chrome/10138} BLOCKED
08-04 13:42:41.770  1336  2787 I AppsFilter: interaction: PackageSetting{b7a0044 com.example.widget_test/10182} -> PackageSetting{c9bf020 com.android.chrome/10138} BLOCKED
08-04 13:42:41.770  1336  2787 I AppsFilter: interaction: PackageSetting{b7a0044 com.example.widget_test/10182} -> PackageSetting{8eeb8de com.google.android.apps.docs/10128} BLOCKED
08-04 13:42:41.770  1336  2787 I AppsFilter: interaction: PackageSetting{b7a0044 com.example.widget_test/10182} -> PackageSetting{8eeb8de com.google.android.apps.docs/10128} BLOCKED
08-04 13:42:41.770  1336  2787 I AppsFilter: interaction: PackageSetting{b7a0044 com.example.widget_test/10182} -> PackageSetting{a4f2dd9 com.google.android.apps.youtube.music/10127} BLOCKED
08-04 13:42:41.770  1336  2787 I AppsFilter: interaction: PackageSetting{b7a0044 com.example.widget_test/10182} -> PackageSetting{a4f2dd9 com.google.android.apps.youtube.music/10127} BLOCKED
08-04 13:42:41.770  1336  2787 I AppsFilter: interaction: PackageSetting{b7a0044 com.example.widget_test/10182} -> PackageSetting{a4f2dd9 com.google.android.apps.youtube.music/10127} BLOCKED
08-04 13:42:41.770  1336  2787 I AppsFilter: interaction: PackageSetting{b7a0044 com.example.widget_test/10182} -> PackageSetting{e5bcfbe com.google.android.calendar/10126} BLOCKED
08-04 13:42:41.770  1336  2787 I AppsFilter: interaction: PackageSetting{b7a0044 com.example.widget_test/10182} -> PackageSetting{e5bcfbe com.google.android.calendar/10126} BLOCKED
08-04 13:42:41.770  1336  2787 I AppsFilter: interaction: PackageSetting{b7a0044 com.example.widget_test/10182} -> PackageSetting{284d39e com.google.android.deskclock/10133} BLOCKED
08-04 13:42:41.770  1336  2787 I AppsFilter: interaction: PackageSetting{b7a0044 com.example.widget_test/10182} -> PackageSetting{284d39e com.google.android.deskclock/10133} BLOCKED
08-04 13:42:41.770  1336  2787 I AppsFilter: interaction: PackageSetting{b7a0044 com.example.widget_test/10182} -> PackageSetting{284d39e com.google.android.deskclock/10133} BLOCKED
08-04 13:42:41.770  1336  2787 I AppsFilter: interaction: PackageSetting{b7a0044 com.example.widget_test/10182} -> PackageSetting{284d39e com.google.android.deskclock/10133} BLOCKED
08-04 13:42:41.770  1336  2787 I AppsFilter: interaction: PackageSetting{b7a0044 com.example.widget_test/10182} -> PackageSetting{284d39e com.google.android.deskclock/10133} BLOCKED
08-04 13:42:41.770  1336  2787 I AppsFilter: interaction: PackageSetting{b7a0044 com.example.widget_test/10182} -> PackageSetting{53c6e7f com.google.android.gm/10137} BLOCKED
08-04 13:42:41.770  1336  2787 I AppsFilter: interaction: PackageSetting{b7a0044 com.example.widget_test/10182} -> PackageSetting{99fee4c com.google.android.googlequicksearchbox/10120} BLOCKED
08-04 13:42:41.770  1336  2787 I AppsFilter: interaction: PackageSetting{b7a0044 com.example.widget_test/10182} -> PackageSetting{99fee4c com.google.android.googlequicksearchbox/10120} BLOCKED
08-04 13:42:41.770  1336  2787 I AppsFilter: interaction: PackageSetting{b7a0044 com.example.widget_test/10182} -> PackageSetting{99fee4c com.google.android.googlequicksearchbox/10120} BLOCKED
08-04 13:42:41.770  1336  2787 I AppsFilter: interaction: PackageSetting{b7a0044 com.example.widget_test/10182} -> PackageSetting{e7bce95 com.google.android.settings.intelligence/10108} BLOCKED
08-04 13:42:41.770  1336  2787 I AppsFilter: interaction: PackageSetting{b7a0044 com.example.widget_test/10182} -> PackageSetting{fe68baa com.google.android.youtube/10144} BLOCKED
08-04 13:42:41.770  1336  2787 I AppsFilter: interaction: PackageSetting{b7a0044 com.example.widget_test/10182} -> PackageSetting{fe68baa com.google.android.youtube/10144} BLOCKED
08-04 13:42:46.780  8015  8110 D ProfileInstaller: Installing profile for com.example.widget_test
08-04 13:42:47.847  1336  1354 W ziparchive: Unable to open '/data/app/~~4EeLK0hqrkwhLaDohhvDSQ==/com.example.widget_test-_AafjJxCi_uzUs8WxWHauQ==/base.dm': No such file or directory
08-04 13:42:47.848  1336  1354 I ActivityTaskManager: Displayed com.example.widget_test/.MainActivity: +8s86ms
08-04 13:42:47.849  1336  1354 I ActivityTaskManager: Fully drawn com.example.widget_test/.MainActivity: +8s86ms
08-04 13:42:47.849  1336  1358 W ziparchive: Unable to open '/data/app/~~4EeLK0hqrkwhLaDohhvDSQ==/com.example.widget_test-_AafjJxCi_uzUs8WxWHauQ==/base.dm': No such file or directory
08-04 13:42:47.957  2054  2054 I GoogleInputMethodService: GoogleInputMethodService.onStartInput():1877 onStartInput(EditorInfo{inputType=0x0(NULL) imeOptions=0x0 privateImeOptions=null actionName=UNSPECIFIED actionLabel=null actionId=0 initialSelStart=-1 initialSelEnd=-1 initialCapsMode=0x0 hintText=null label=null packageName=com.example.widget_test fieldId=-1 fieldName=null extras=null}, false)
08-04 13:42:48.215  1336  2033 W InputManager-JNI: Input channel object 'ee0ddaa Splash Screen com.example.widget_test (client)' was disposed without first being removed with the input manager!
08-04 13:42:48.216  1336  2787 D CoreBackPreview: Window{ee0ddaa u0 Splash Screen com.example.widget_test EXITING}: Setting back callback null
08-04 13:42:51.839  1336  2351 I InputDispatcher: Channel [Gesture Monitor] swipe-up (server) is stealing touch from [e94fdb9 com.example.widget_test/com.example.widget_test.MainActivity (server), [Gesture Monitor] edge-swipe (server)]
08-04 13:44:56.001  1336  2787 I ActivityManager: Force stopping com.example.widget_test appid=10182 user=0: from pid 8150
08-04 13:44:56.002  1336  2787 I ActivityManager: Killing 8015:com.example.widget_test/u0a182 (adj 700): stop com.example.widget_test due to from pid 8150
08-04 13:44:56.009  1336  2787 W ActivityTaskManager: Force removing ActivityRecord{589704c u0 com.example.widget_test/.MainActivity} t987 f}}: app died, no saved state
08-04 13:44:56.009  1336  1364 W UsageStatsService: Unexpected activity event reported! (com.example.widget_test/com.example.widget_test.MainActivity event : 23 instanceId : 78821503)
08-04 13:44:56.011  1336  2787 W InputManager-JNI: Input channel object 'e94fdb9 com.example.widget_test/com.example.widget_test.MainActivity (client)' was disposed without first being removed with the input manager!
08-04 13:44:56.015  1637  1637 D CarrierSvcBindHelper: onHandleForceStop: [com.example.widget_test]
08-04 13:44:56.039  1336  2526 V ActivityManager: Got obituary of 8015:com.example.widget_test
08-04 13:49:13.645  1336  2528 I ActivityManager: Force stopping com.example.widget_test appid=10182 user=0: from pid 8190
08-04 13:49:13.649  1637  1637 D CarrierSvcBindHelper: onHandleForceStop: [com.example.widget_test]
08-04 13:49:14.054  1336  1365 I ActivityManager: Force stopping com.example.widget_test appid=10182 user=-1: installPackageLI
08-04 13:49:14.056  1336  1388 I PackageManager: Update package com.example.widget_test code path from /data/app/~~4EeLK0hqrkwhLaDohhvDSQ==/com.example.widget_test-_AafjJxCi_uzUs8WxWHauQ== to /data/app/~~DQHSxo0DLj83OChgMnZOCw==/com.example.widget_test-x0d-I8LJdvZTrDYa4TiXWw==; Retain data and using new
08-04 13:49:14.056  1336  1388 I AppsFilter: interaction: PackageSetting{cf81874 com.indentix.homeworkplanner/10188} -> PackageSetting{842771d com.example.widget_test/10182} BLOCKED
08-04 13:49:14.056  1336  1388 I AppsFilter: interaction: PackageSetting{5bbe612 com.indentix.studentplanner/10192} -> PackageSetting{842771d com.example.widget_test/10182} BLOCKED
08-04 13:49:14.056  1336  1388 I AppsFilter: interaction: PackageSetting{cf81874 com.indentix.homeworkplanner/10188} -> PackageSetting{506a1e3 com.example.widget_test/10182} BLOCKED
08-04 13:49:14.057  1336  1388 I AppsFilter: interaction: PackageSetting{5bbe612 com.indentix.studentplanner/10192} -> PackageSetting{506a1e3 com.example.widget_test/10182} BLOCKED
08-04 13:49:14.085  1336  1388 I AppsFilter: interaction: PackageSetting{cf81874 com.indentix.homeworkplanner/10188} -> PackageSetting{506a1e3 com.example.widget_test/10182} BLOCKED
08-04 13:49:14.085  1336  1388 I AppsFilter: interaction: PackageSetting{5bbe612 com.indentix.studentplanner/10192} -> PackageSetting{506a1e3 com.example.widget_test/10182} BLOCKED
08-04 13:49:14.088  1336  1388 I ActivityManager: Force stopping com.example.widget_test appid=10182 user=0: pkg removed
08-04 13:49:14.131  1336  1336 I Telecom : CarModeTracker: Package com.example.widget_test is not tracked.: SSH.oR@BJ0
08-04 13:49:14.167  1336  1486 I SdkSandboxManager: No SDKs used. Skipping SDK data reconcilation for CallingInfo{mUid=10182, mPackageName='com.example.widget_test'}
08-04 13:49:14.182 22556 22556 D MediaPlayerList: Name of package changed: com.example.widget_test
08-04 13:49:14.186  1778  1778 I LauncherAppWidgetHostView: App widget created with id: 29
08-04 13:49:14.188  1778  1778 W AppWidgetHostView: Error inflating AppWidget AppWidgetProviderInfo(UserHandle{0}/ComponentInfo{com.example.widget_test/com.example.widget_test.WidgetProvider})
08-04 13:49:14.188  1778  1778 W AppWidgetHostView: android.view.InflateException: Binary XML file line #25 in com.example.widget_test:layout/schedule_widget: Binary XML file line #25 in com.example.widget_test:layout/schedule_widget: Error inflating class com.google.android.material.textview.MaterialTextView
08-04 13:49:14.188  1778  1778 W AppWidgetHostView: Caused by: android.view.InflateException: Binary XML file line #25 in com.example.widget_test:layout/schedule_widget: Error inflating class com.google.android.material.textview.MaterialTextView
08-04 13:49:14.188  1778  1778 W AppWidgetHostView: Caused by: java.lang.ClassNotFoundException: com.google.android.material.textview.MaterialTextView
08-04 13:49:14.188  1778  1778 W AppWidgetHostView: 	at java.lang.Class.classForName(Native Method)
08-04 13:49:14.188  1778  1778 W AppWidgetHostView: 	at java.lang.Class.forName(Class.java:454)
08-04 13:49:14.188  1778  1778 W AppWidgetHostView: 	at android.view.LayoutInflater.createView(LayoutInflater.java:819)
08-04 13:49:14.188  1778  1778 W AppWidgetHostView: 	at android.view.LayoutInflater.createViewFromTag(LayoutInflater.java:1010)
08-04 13:49:14.188  1778  1778 W AppWidgetHostView: 	at android.view.LayoutInflater.createViewFromTag(LayoutInflater.java:965)
08-04 13:49:14.188  1778  1778 W AppWidgetHostView: 	at android.view.LayoutInflater.rInflate(LayoutInflater.java:1127)
08-04 13:49:14.188  1778  1778 W AppWidgetHostView: 	at android.view.LayoutInflater.rInflateChildren(LayoutInflater.java:1088)
08-04 13:49:14.188  1778  1778 W AppWidgetHostView: 	at android.view.LayoutInflater.inflate(LayoutInflater.java:686)
08-04 13:49:14.188  1778  1778 W AppWidgetHostView: 	at android.view.LayoutInflater.inflate(LayoutInflater.java:538)
08-04 13:49:14.188  1778  1778 W AppWidgetHostView: 	at android.appwidget.AppWidgetHostView.getDefaultView(AppWidgetHostView.java:802)
08-04 13:49:14.188  1778  1778 W AppWidgetHostView: 	at android.appwidget.AppWidgetHostView.applyRemoteViews(AppWidgetHostView.java:554)
08-04 13:49:14.188  1778  1778 W AppWidgetHostView: 	at android.appwidget.AppWidgetHostView.updateAppWidget(AppWidgetHostView.java:520)
08-04 13:49:14.188  1778  1778 W AppWidgetHostView: 	at com.android.launcher3.widget.LauncherAppWidgetHostView.updateAppWidget(Unknown Source:118)
08-04 13:49:14.188  1778  1778 W AppWidgetHostView: 	at android.appwidget.AppWidgetHostView.onUpdateProviderInfo(AppWidgetHostView.java:510)
08-04 13:49:14.188  1778  1778 W AppWidgetHostView: 	at android.appwidget.AppWidgetHost.onProviderChanged(AppWidgetHost.java:462)
08-04 13:49:14.188  1778  1778 W AppWidgetHostView: 	at com.android.launcher3.widget.LauncherAppWidgetHost.onProviderChanged(Unknown Source:6)
08-04 13:49:14.188  1778  1778 W AppWidgetHostView: 	at android.appwidget.AppWidgetHost$UpdateHandler.handleMessage(AppWidgetHost.java:155)
08-04 13:49:14.188  1778  1778 W AppWidgetHostView: 	at android.os.Handler.dispatchMessage(Handler.java:106)
08-04 13:49:14.188  1778  1778 W AppWidgetHostView: 	at android.os.Looper.loopOnce(Looper.java:201)
08-04 13:49:14.188  1778  1778 W AppWidgetHostView: 	at android.os.Looper.loop(Looper.java:288)
08-04 13:49:14.188  1778  1778 W AppWidgetHostView: 	at android.app.ActivityThread.main(ActivityThread.java:7924)
08-04 13:49:14.188  1778  1778 W AppWidgetHostView: 	at java.lang.reflect.Method.invoke(Native Method)
08-04 13:49:14.188  1778  1778 W AppWidgetHostView: 	at com.android.internal.os.RuntimeInit$MethodAndArgsCaller.run(RuntimeInit.java:548)
08-04 13:49:14.188  1778  1778 W AppWidgetHostView: 	at com.android.internal.os.ZygoteInit.main(ZygoteInit.java:936)
08-04 13:49:14.188  1778  1778 W AppWidgetHostView: Caused by: java.lang.ClassNotFoundException: com.google.android.material.textview.MaterialTextView
08-04 13:49:14.188  1778  1778 W AppWidgetHostView: 	... 24 more
08-04 13:49:14.227  1336  1366 I ActivityManager: Start proc 8204:com.example.widget_test/u0a182 for broadcast {com.example.widget_test/com.example.widget_test.WidgetProvider}
08-04 13:49:14.279  1336  1385 E VerityUtils: Failed to measure fs-verity, errno 1: /data/app/~~DQHSxo0DLj83OChgMnZOCw==/com.example.widget_test-x0d-I8LJdvZTrDYa4TiXWw==/base.apk
08-04 13:49:14.289  1336  1486 I SdkSandboxManager: No SDKs used. Skipping SDK data reconcilation for CallingInfo{mUid=10182, mPackageName='com.example.widget_test'}
08-04 13:49:14.388  2109  8226 W SQLiteLog: (28) double-quoted string literal: "com.example.widget_test"
08-04 13:49:14.403  1637  1637 D CarrierSvcBindHelper: onPackageUpdateFinished: com.example.widget_test
08-04 13:49:14.403  1637  1637 D CarrierSvcBindHelper: onPackageModified: com.example.widget_test
08-04 13:49:14.409  1637  1637 D ImsResolver: maybeAddedImsService, packageName: com.example.widget_test
08-04 13:49:14.491  8204  8204 D nativeloader: Configuring classloader-namespace for other apk /system_ext/framework/androidx.window.extensions.jar. target_sdk_version=35, uses_libraries=ALL, library_path=/data/app/~~DQHSxo0DLj83OChgMnZOCw==/com.example.widget_test-x0d-I8LJdvZTrDYa4TiXWw==/lib/arm64:/data/app/~~DQHSxo0DLj83OChgMnZOCw==/com.example.widget_test-x0d-I8LJdvZTrDYa4TiXWw==/base.apk!/lib/arm64-v8a, permitted_path=/data:/mnt/expand:/data/user/0/com.example.widget_test
08-04 13:49:14.495  8204  8204 D nativeloader: Configuring classloader-namespace for other apk /system_ext/framework/androidx.window.sidecar.jar. target_sdk_version=35, uses_libraries=ALL, library_path=/data/app/~~DQHSxo0DLj83OChgMnZOCw==/com.example.widget_test-x0d-I8LJdvZTrDYa4TiXWw==/lib/arm64:/data/app/~~DQHSxo0DLj83OChgMnZOCw==/com.example.widget_test-x0d-I8LJdvZTrDYa4TiXWw==/base.apk!/lib/arm64-v8a, permitted_path=/data:/mnt/expand:/data/user/0/com.example.widget_test
08-04 13:49:14.495  8204  8204 W ziparchive: Unable to open '/data/app/~~DQHSxo0DLj83OChgMnZOCw==/com.example.widget_test-x0d-I8LJdvZTrDYa4TiXWw==/base.dm': No such file or directory
08-04 13:49:14.495  8204  8204 W ziparchive: Unable to open '/data/app/~~DQHSxo0DLj83OChgMnZOCw==/com.example.widget_test-x0d-I8LJdvZTrDYa4TiXWw==/base.dm': No such file or directory
08-04 13:49:14.540  1960  8215 I ProximityAuth: [RecentAppsMediator] Package added: (user=UserHandle{0}) com.example.widget_test
08-04 13:49:14.555  1336  2787 I ActivityTaskManager: START u0 {act=android.intent.action.MAIN cat=[android.intent.category.LAUNCHER] flg=0x30000000 cmp=com.example.widget_test/.MainActivity (has extras)} from uid 2000
08-04 13:49:14.651  1336  1689 D CoreBackPreview: Window{287d0d4 u0 Splash Screen com.example.widget_test}: Setting back callback OnBackInvokedCallbackInfo{mCallback=android.window.IOnBackInvokedCallback$Stub$Proxy@c16f979, mPriority=0}
08-04 13:49:14.733  8204  8204 D nativeloader: Configuring classloader-namespace for other apk /data/app/~~DQHSxo0DLj83OChgMnZOCw==/com.example.widget_test-x0d-I8LJdvZTrDYa4TiXWw==/base.apk. target_sdk_version=35, uses_libraries=, library_path=/data/app/~~DQHSxo0DLj83OChgMnZOCw==/com.example.widget_test-x0d-I8LJdvZTrDYa4TiXWw==/lib/arm64:/data/app/~~DQHSxo0DLj83OChgMnZOCw==/com.example.widget_test-x0d-I8LJdvZTrDYa4TiXWw==/base.apk!/lib/arm64-v8a, permitted_path=/data:/mnt/expand:/data/user/0/com.example.widget_test
08-04 13:49:14.753  8204  8204 V GraphicsEnvironment: ANGLE Developer option for 'com.example.widget_test' set to: 'default'
08-04 13:49:14.754  8204  8204 V GraphicsEnvironment: ANGLE GameManagerService for com.example.widget_test: false
08-04 13:49:14.952  1778  1778 I LauncherAppWidgetHostView: App widget with id: 29 loaded
08-04 13:49:14.953  1778  1778 W AppWidgetHostView: Error inflating RemoteViews
08-04 13:49:14.953  1778  1778 W AppWidgetHostView: android.view.InflateException: Binary XML file line #25 in com.example.widget_test:layout/schedule_widget: Binary XML file line #25 in com.example.widget_test:layout/schedule_widget: Error inflating class com.google.android.material.textview.MaterialTextView
08-04 13:49:14.953  1778  1778 W AppWidgetHostView: Caused by: android.view.InflateException: Binary XML file line #25 in com.example.widget_test:layout/schedule_widget: Error inflating class com.google.android.material.textview.MaterialTextView
08-04 13:49:14.953  1778  1778 W AppWidgetHostView: Caused by: java.lang.ClassNotFoundException: com.google.android.material.textview.MaterialTextView
08-04 13:49:14.953  1778  1778 W AppWidgetHostView: 	at java.lang.Class.classForName(Native Method)
08-04 13:49:14.953  1778  1778 W AppWidgetHostView: 	at java.lang.Class.forName(Class.java:454)
08-04 13:49:14.953  1778  1778 W AppWidgetHostView: 	at android.view.LayoutInflater.createView(LayoutInflater.java:819)
08-04 13:49:14.953  1778  1778 W AppWidgetHostView: 	at android.view.LayoutInflater.createViewFromTag(LayoutInflater.java:1010)
08-04 13:49:14.953  1778  1778 W AppWidgetHostView: 	at android.view.LayoutInflater.createViewFromTag(LayoutInflater.java:965)
08-04 13:49:14.953  1778  1778 W AppWidgetHostView: 	at android.view.LayoutInflater.rInflate(LayoutInflater.java:1127)
08-04 13:49:14.953  1778  1778 W AppWidgetHostView: 	at android.view.LayoutInflater.rInflateChildren(LayoutInflater.java:1088)
08-04 13:49:14.953  1778  1778 W AppWidgetHostView: 	at android.view.LayoutInflater.inflate(LayoutInflater.java:686)
08-04 13:49:14.953  1778  1778 W AppWidgetHostView: 	at android.view.LayoutInflater.inflate(LayoutInflater.java:538)
08-04 13:49:14.953  1778  1778 W AppWidgetHostView: 	at android.widget.RemoteViews.inflateView(RemoteViews.java:5631)
08-04 13:49:14.953  1778  1778 W AppWidgetHostView: 	at android.widget.RemoteViews.-$$Nest$minflateView(Unknown Source:0)
08-04 13:49:14.953  1778  1778 W AppWidgetHostView: 	at android.widget.RemoteViews$AsyncApplyTask.doInBackground(RemoteViews.java:5757)
08-04 13:49:14.953  1778  1778 W AppWidgetHostView: 	at android.widget.RemoteViews$AsyncApplyTask.doInBackground(RemoteViews.java:5719)
08-04 13:49:14.953  1778  1778 W AppWidgetHostView: 	at android.os.AsyncTask$3.call(AsyncTask.java:394)
08-04 13:49:14.953  1778  1778 W AppWidgetHostView: 	at java.util.concurrent.FutureTask.run(FutureTask.java:264)
08-04 13:49:14.953  1778  1778 W AppWidgetHostView: 	at java.util.concurrent.ThreadPoolExecutor.runWorker(ThreadPoolExecutor.java:1137)
08-04 13:49:14.953  1778  1778 W AppWidgetHostView: 	at java.util.concurrent.ThreadPoolExecutor$Worker.run(ThreadPoolExecutor.java:637)
08-04 13:49:14.953  1778  1778 W AppWidgetHostView: 	at java.lang.Thread.run(Thread.java:1012)
08-04 13:49:14.953  1778  1778 W AppWidgetHostView: Caused by: java.lang.ClassNotFoundException: com.google.android.material.textview.MaterialTextView
08-04 13:49:14.953  1778  1778 W AppWidgetHostView: 	... 18 more
08-04 13:49:15.855  1336  1385 E VerityUtils: Failed to measure fs-verity, errno 1: /data/app/~~DQHSxo0DLj83OChgMnZOCw==/com.example.widget_test-x0d-I8LJdvZTrDYa4TiXWw==/base.apk
08-04 13:49:15.885  8204  8204 W ple.widget_test: type=1400 audit(0.0:276): avc: denied { read } for name="max_map_count" dev="proc" ino=210458 scontext=u:r:untrusted_app:s0:c182,c256,c512,c768 tcontext=u:object_r:proc_max_map_count:s0 tclass=file permissive=0 app=com.example.widget_test
08-04 13:49:16.492  1336  1351 D CoreBackPreview: Window{7449e24 u0 com.example.widget_test/com.example.widget_test.MainActivity}: Setting back callback OnBackInvokedCallbackInfo{mCallback=android.window.IOnBackInvokedCallback$Stub$Proxy@ea9b42, mPriority=0}
08-04 13:49:17.182  1336  1351 I AppsFilter: interaction: PackageSetting{6d16dcb com.example.widget_test/10182} -> PackageSetting{c9bf020 com.android.chrome/10138} BLOCKED
08-04 13:49:17.182  1336  1351 I AppsFilter: interaction: PackageSetting{6d16dcb com.example.widget_test/10182} -> PackageSetting{c9bf020 com.android.chrome/10138} BLOCKED
