08-03 20:48:30.796  1336  2792 I ActivityManager: Force stopping com.example.widget_test appid=10182 user=0: from pid 20728
08-03 20:48:31.191  1336  1365 I ActivityManager: Force stopping com.example.widget_test appid=10182 user=-1: installPackageLI
08-03 20:48:31.192  1336  1388 I PackageManager: Update package com.example.widget_test code path from /data/app/~~jjo7J4Pn9lzAucM8AS_7uA==/com.example.widget_test-701eL72CPOoMnFo0lZwDpA== to /data/app/~~k_CjQKLMR7sWaYg4EOWaGQ==/com.example.widget_test-oLsaH0K_3YqBnuHd-_T8aw==; Retain data and using new
08-03 20:48:31.193  1336  1388 I AppsFilter: interaction: PackageSetting{cf81874 com.indentix.homeworkplanner/10188} -> PackageSetting{7a628a3 com.example.widget_test/10182} BLOCKED
08-03 20:48:31.193  1336  1388 I AppsFilter: interaction: PackageSetting{5bbe612 com.indentix.studentplanner/10192} -> PackageSetting{7a628a3 com.example.widget_test/10182} BLOCKED
08-03 20:48:31.193  1336  1388 I AppsFilter: interaction: PackageSetting{cf81874 com.indentix.homeworkplanner/10188} -> PackageSetting{506a1e3 com.example.widget_test/10182} BLOCKED
08-03 20:48:31.193  1336  1388 I AppsFilter: interaction: PackageSetting{5bbe612 com.indentix.studentplanner/10192} -> PackageSetting{506a1e3 com.example.widget_test/10182} BLOCKED
08-03 20:48:31.221  1336  1388 I AppsFilter: interaction: PackageSetting{cf81874 com.indentix.homeworkplanner/10188} -> PackageSetting{506a1e3 com.example.widget_test/10182} BLOCKED
08-03 20:48:31.221  1336  1388 I AppsFilter: interaction: PackageSetting{5bbe612 com.indentix.studentplanner/10192} -> PackageSetting{506a1e3 com.example.widget_test/10182} BLOCKED
08-03 20:48:31.223  1336  1388 I ActivityManager: Force stopping com.example.widget_test appid=10182 user=0: pkg removed
08-03 20:48:31.265  1336  1336 I Telecom : CarModeTracker: Package com.example.widget_test is not tracked.: SSH.oR@AnY
08-03 20:48:31.426  1336  1385 E VerityUtils: Failed to measure fs-verity, errno 1: /data/app/~~k_CjQKLMR7sWaYg4EOWaGQ==/com.example.widget_test-oLsaH0K_3YqBnuHd-_T8aw==/base.apk
08-03 20:48:31.455  1336  1366 I ActivityManager: Start proc 20752:com.example.widget_test/u0a182 for broadcast {com.example.widget_test/com.example.widget_test.WidgetProvider}
08-03 20:48:31.481  1336  2048 I ActivityTaskManager: START u0 {act=android.intent.action.MAIN cat=[android.intent.category.LAUNCHER] flg=0x30000000 cmp=com.example.widget_test/.MainActivity (has extras)} from uid 2000
08-03 20:48:31.530  1336  2481 D CoreBackPreview: Window{8dd0f80 u0 Splash Screen com.example.widget_test}: Setting back callback OnBackInvokedCallbackInfo{mCallback=android.window.IOnBackInvokedCallback$Stub$Proxy@6334875, mPriority=0}
08-03 20:48:32.544  1336  1385 E VerityUtils: Failed to measure fs-verity, errno 1: /data/app/~~k_CjQKLMR7sWaYg4EOWaGQ==/com.example.widget_test-oLsaH0K_3YqBnuHd-_T8aw==/base.apk
08-03 20:48:32.999  1336  2787 D CoreBackPreview: Window{85d0e90 u0 com.example.widget_test/com.example.widget_test.MainActivity}: Setting back callback OnBackInvokedCallbackInfo{mCallback=android.window.IOnBackInvokedCallback$Stub$Proxy@3e9af8e, mPriority=0}
08-03 20:48:34.665  1336  1493 D CoreBackPreview: Window{8dd0f80 u0 Splash Screen com.example.widget_test EXITING}: Setting back callback null
08-03 20:52:38.443  1336  1493 I ActivityManager: Force stopping com.example.widget_test appid=10182 user=0: from pid 20885
08-03 20:52:38.445  1336  1493 I ActivityManager: Killing 20752:com.example.widget_test/u0a182 (adj 0): stop com.example.widget_test due to from pid 20885
08-03 20:52:38.451  1336  1493 W ActivityTaskManager: Force removing ActivityRecord{3993cb2 u0 com.example.widget_test/.MainActivity} t959 f}}: app died, no saved state
08-03 20:52:38.532  1336  1689 V ActivityManager: Got obituary of 20752:com.example.widget_test
08-03 20:52:46.334  1336  1689 I ActivityManager: Force stopping com.example.widget_test appid=10182 user=0: from pid 20907
08-03 20:52:46.909  1336  1365 I ActivityManager: Force stopping com.example.widget_test appid=10182 user=-1: installPackageLI
08-03 20:52:46.911  1336  1388 I PackageManager: Update package com.example.widget_test code path from /data/app/~~k_CjQKLMR7sWaYg4EOWaGQ==/com.example.widget_test-oLsaH0K_3YqBnuHd-_T8aw== to /data/app/~~bmXqj4u0NlkH-W270fiyyg==/com.example.widget_test-GbJi-9K61kxa6m3puNfRnA==; Retain data and using new
08-03 20:52:46.911  1336  1388 I AppsFilter: interaction: PackageSetting{cf81874 com.indentix.homeworkplanner/10188} -> PackageSetting{80c055b com.example.widget_test/10182} BLOCKED
08-03 20:52:46.912  1336  1388 I AppsFilter: interaction: PackageSetting{5bbe612 com.indentix.studentplanner/10192} -> PackageSetting{80c055b com.example.widget_test/10182} BLOCKED
08-03 20:52:46.912  1336  1388 I AppsFilter: interaction: PackageSetting{cf81874 com.indentix.homeworkplanner/10188} -> PackageSetting{506a1e3 com.example.widget_test/10182} BLOCKED
08-03 20:52:46.913  1336  1388 I AppsFilter: interaction: PackageSetting{5bbe612 com.indentix.studentplanner/10192} -> PackageSetting{506a1e3 com.example.widget_test/10182} BLOCKED
08-03 20:52:46.944  1336  1388 I AppsFilter: interaction: PackageSetting{cf81874 com.indentix.homeworkplanner/10188} -> PackageSetting{506a1e3 com.example.widget_test/10182} BLOCKED
08-03 20:52:46.945  1336  1388 I AppsFilter: interaction: PackageSetting{5bbe612 com.indentix.studentplanner/10192} -> PackageSetting{506a1e3 com.example.widget_test/10182} BLOCKED
08-03 20:52:46.946  1336  1388 I ActivityManager: Force stopping com.example.widget_test appid=10182 user=0: pkg removed
08-03 20:52:47.030  1336  1336 I Telecom : CarModeTracker: Package com.example.widget_test is not tracked.: SSH.oR@Ans
08-03 20:52:47.123  1336  1366 I ActivityManager: Start proc 20916:com.example.widget_test/u0a182 for broadcast {com.example.widget_test/com.example.widget_test.WidgetProvider}
08-03 20:52:47.239  1336  1385 E VerityUtils: Failed to measure fs-verity, errno 1: /data/app/~~bmXqj4u0NlkH-W270fiyyg==/com.example.widget_test-GbJi-9K61kxa6m3puNfRnA==/base.apk
08-03 20:52:47.350  1336  1493 I ActivityTaskManager: START u0 {act=android.intent.action.MAIN cat=[android.intent.category.LAUNCHER] flg=0x30000000 cmp=com.example.widget_test/.MainActivity (has extras)} from uid 2000
08-03 20:52:47.569  1336  1493 D CoreBackPreview: Window{fc281a3 u0 Splash Screen com.example.widget_test}: Setting back callback OnBackInvokedCallbackInfo{mCallback=android.window.IOnBackInvokedCallback$Stub$Proxy@f54841e, mPriority=0}
08-03 20:52:48.465  1336  1385 E VerityUtils: Failed to measure fs-verity, errno 1: /data/app/~~bmXqj4u0NlkH-W270fiyyg==/com.example.widget_test-GbJi-9K61kxa6m3puNfRnA==/base.apk
08-03 20:52:48.919  1336  2784 D CoreBackPreview: Window{312e2b8 u0 com.example.widget_test/com.example.widget_test.MainActivity}: Setting back callback OnBackInvokedCallbackInfo{mCallback=android.window.IOnBackInvokedCallback$Stub$Proxy@b6dc3f6, mPriority=0}
08-03 20:52:49.561  1336  2524 I AppsFilter: interaction: PackageSetting{86f66da com.example.widget_test/10182} -> PackageSetting{269d11e com.android.chrome/10138} BLOCKED
08-03 20:52:49.561  1336  2524 I AppsFilter: interaction: PackageSetting{86f66da com.example.widget_test/10182} -> PackageSetting{269d11e com.android.chrome/10138} BLOCKED
08-03 20:52:49.561  1336  2524 I AppsFilter: interaction: PackageSetting{86f66da com.example.widget_test/10182} -> PackageSetting{269d11e com.android.chrome/10138} BLOCKED
08-03 20:52:49.561  1336  2524 I AppsFilter: interaction: PackageSetting{86f66da com.example.widget_test/10182} -> PackageSetting{269d11e com.android.chrome/10138} BLOCKED
08-03 20:52:49.561  1336  2524 I AppsFilter: interaction: PackageSetting{86f66da com.example.widget_test/10182} -> PackageSetting{b06568b com.google.android.apps.docs/10128} BLOCKED
08-03 20:52:49.561  1336  2524 I AppsFilter: interaction: PackageSetting{86f66da com.example.widget_test/10182} -> PackageSetting{b06568b com.google.android.apps.docs/10128} BLOCKED
08-03 20:52:49.561  1336  2524 I AppsFilter: interaction: PackageSetting{86f66da com.example.widget_test/10182} -> PackageSetting{ff95dff com.google.android.apps.youtube.music/10127} BLOCKED
08-03 20:52:49.561  1336  2524 I AppsFilter: interaction: PackageSetting{86f66da com.example.widget_test/10182} -> PackageSetting{ff95dff com.google.android.apps.youtube.music/10127} BLOCKED
08-03 20:52:49.561  1336  2524 I AppsFilter: interaction: PackageSetting{86f66da com.example.widget_test/10182} -> PackageSetting{ff95dff com.google.android.apps.youtube.music/10127} BLOCKED
08-03 20:52:49.561  1336  2524 I AppsFilter: interaction: PackageSetting{86f66da com.example.widget_test/10182} -> PackageSetting{7d5ee97 com.google.android.calendar/10126} BLOCKED
08-03 20:52:49.561  1336  2524 I AppsFilter: interaction: PackageSetting{86f66da com.example.widget_test/10182} -> PackageSetting{7d5ee97 com.google.android.calendar/10126} BLOCKED
08-03 20:52:49.561  1336  2524 I AppsFilter: interaction: PackageSetting{86f66da com.example.widget_test/10182} -> PackageSetting{a0ae7cc com.google.android.deskclock/10133} BLOCKED
08-03 20:52:49.561  1336  2524 I AppsFilter: interaction: PackageSetting{86f66da com.example.widget_test/10182} -> PackageSetting{a0ae7cc com.google.android.deskclock/10133} BLOCKED
08-03 20:52:49.561  1336  2524 I AppsFilter: interaction: PackageSetting{86f66da com.example.widget_test/10182} -> PackageSetting{a0ae7cc com.google.android.deskclock/10133} BLOCKED
08-03 20:52:49.561  1336  2524 I AppsFilter: interaction: PackageSetting{86f66da com.example.widget_test/10182} -> PackageSetting{a0ae7cc com.google.android.deskclock/10133} BLOCKED
08-03 20:52:49.561  1336  2524 I AppsFilter: interaction: PackageSetting{86f66da com.example.widget_test/10182} -> PackageSetting{a0ae7cc com.google.android.deskclock/10133} BLOCKED
08-03 20:52:49.561  1336  2524 I AppsFilter: interaction: PackageSetting{86f66da com.example.widget_test/10182} -> PackageSetting{d0d0a15 com.google.android.gm/10137} BLOCKED
08-03 20:52:49.561  1336  2524 I AppsFilter: interaction: PackageSetting{86f66da com.example.widget_test/10182} -> PackageSetting{8dde12a com.google.android.googlequicksearchbox/10120} BLOCKED
08-03 20:52:49.561  1336  2524 I AppsFilter: interaction: PackageSetting{86f66da com.example.widget_test/10182} -> PackageSetting{8dde12a com.google.android.googlequicksearchbox/10120} BLOCKED
08-03 20:52:49.561  1336  2524 I AppsFilter: interaction: PackageSetting{86f66da com.example.widget_test/10182} -> PackageSetting{8dde12a com.google.android.googlequicksearchbox/10120} BLOCKED
08-03 20:52:49.561  1336  2524 I AppsFilter: interaction: PackageSetting{86f66da com.example.widget_test/10182} -> PackageSetting{18fdb1b com.google.android.settings.intelligence/10108} BLOCKED
08-03 20:52:49.561  1336  2524 I AppsFilter: interaction: PackageSetting{86f66da com.example.widget_test/10182} -> PackageSetting{e4b4b8 com.google.android.youtube/10144} BLOCKED
08-03 20:52:49.561  1336  2524 I AppsFilter: interaction: PackageSetting{86f66da com.example.widget_test/10182} -> PackageSetting{e4b4b8 com.google.android.youtube/10144} BLOCKED
08-03 20:52:50.646  1336  2524 D CoreBackPreview: Window{fc281a3 u0 Splash Screen com.example.widget_test EXITING}: Setting back callback null
08-03 20:53:04.329  1336  2527 I ActivityTaskManager: START u0 {act=android.intent.action.MAIN cat=[android.intent.category.LAUNCHER] flg=0x10200000 cmp=com.example.widget_test/.MainActivity bnds=[57,1414][267,1686]} from uid 10152
08-03 20:53:04.334  1336  2527 I ActivityTaskManager: Launching r: ActivityRecord{f891689 u0 com.example.widget_test/.MainActivity} from background: ActivityRecord{63ed69a u0 com.google.android.apps.nexuslauncher/.NexusLauncherActivity} t946}. New task: false
08-03 20:53:04.336  1336  2527 I AppsFilter: interaction: PackageSetting{86f66da com.example.widget_test/10182} -> PackageSetting{94d6fb com.google.android.apps.nexuslauncher/10152} BLOCKED
08-03 20:55:37.053  1336  2527 I AppWidgetServiceImpl: Bound widget 27 to provider ProviderId{user:0, app:10182, cmp:ComponentInfo{com.example.widget_test/com.example.widget_test.WidgetProvider}}
08-03 20:55:46.233  1336  2792 I ActivityTaskManager: START u0 {act=android.intent.action.MAIN cat=[android.intent.category.LAUNCHER] flg=0x10200000 cmp=com.example.widget_test/.MainActivity bnds=[57,1414][267,1686]} from uid 10152
08-03 20:55:46.234  1336  2792 I ActivityTaskManager: Launching r: ActivityRecord{adfc8e9 u0 com.example.widget_test/.MainActivity} from background: ActivityRecord{63ed69a u0 com.google.android.apps.nexuslauncher/.NexusLauncherActivity} t946}. New task: false
08-03 20:55:46.238  1336  2792 I AppsFilter: interaction: PackageSetting{86f66da com.example.widget_test/10182} -> PackageSetting{94d6fb com.google.android.apps.nexuslauncher/10152} BLOCKED
08-03 21:02:35.160  1336  2352 I ActivityManager: Force stopping com.example.widget_test appid=10182 user=0: from pid 21190
08-03 21:02:35.161  1336  2352 I ActivityManager: Killing 20916:com.example.widget_test/u0a182 (adj 700): stop com.example.widget_test due to from pid 21190
08-03 21:02:35.163  1336  2352 W ActivityTaskManager: Force removing ActivityRecord{e0c4f17 u0 com.example.widget_test/.MainActivity} t960 f}}: app died, no saved state
08-03 21:02:35.163  1336  1364 W UsageStatsService: Unexpected activity event reported! (com.example.widget_test/com.example.widget_test.MainActivity event : 23 instanceId : 227276694)
08-03 21:02:35.201  1336  2352 V ActivityManager: Got obituary of 20916:com.example.widget_test
08-03 21:02:42.913  1336  2352 I ActivityManager: Force stopping com.example.widget_test appid=10182 user=0: from pid 21205
08-03 21:02:43.311  1336  1365 I ActivityManager: Force stopping com.example.widget_test appid=10182 user=-1: installPackageLI
08-03 21:02:43.313  1336  1388 I PackageManager: Update package com.example.widget_test code path from /data/app/~~bmXqj4u0NlkH-W270fiyyg==/com.example.widget_test-GbJi-9K61kxa6m3puNfRnA== to /data/app/~~ImGi8pnKInfkvTYUG7pMqg==/com.example.widget_test-n3xtLz1__s-Mq-gyNTSMOw==; Retain data and using new
08-03 21:02:43.313  1336  1388 I AppsFilter: interaction: PackageSetting{cf81874 com.indentix.homeworkplanner/10188} -> PackageSetting{b5041ff com.example.widget_test/10182} BLOCKED
08-03 21:02:43.313  1336  1388 I AppsFilter: interaction: PackageSetting{5bbe612 com.indentix.studentplanner/10192} -> PackageSetting{b5041ff com.example.widget_test/10182} BLOCKED
08-03 21:02:43.314  1336  1388 I AppsFilter: interaction: PackageSetting{cf81874 com.indentix.homeworkplanner/10188} -> PackageSetting{506a1e3 com.example.widget_test/10182} BLOCKED
08-03 21:02:43.314  1336  1388 I AppsFilter: interaction: PackageSetting{5bbe612 com.indentix.studentplanner/10192} -> PackageSetting{506a1e3 com.example.widget_test/10182} BLOCKED
08-03 21:02:43.340  1336  1388 I AppsFilter: interaction: PackageSetting{cf81874 com.indentix.homeworkplanner/10188} -> PackageSetting{506a1e3 com.example.widget_test/10182} BLOCKED
08-03 21:02:43.340  1336  1388 I AppsFilter: interaction: PackageSetting{5bbe612 com.indentix.studentplanner/10192} -> PackageSetting{506a1e3 com.example.widget_test/10182} BLOCKED
08-03 21:02:43.342  1336  1388 I ActivityManager: Force stopping com.example.widget_test appid=10182 user=0: pkg removed
08-03 21:02:43.385  1336  1336 I Telecom : CarModeTracker: Package com.example.widget_test is not tracked.: SSH.oR@AoA
08-03 21:02:43.541  1336  1366 I ActivityManager: Start proc 21221:com.example.widget_test/u0a182 for broadcast {com.example.widget_test/com.example.widget_test.WidgetProvider}
08-03 21:02:43.637  1336  1385 E VerityUtils: Failed to measure fs-verity, errno 1: /data/app/~~ImGi8pnKInfkvTYUG7pMqg==/com.example.widget_test-n3xtLz1__s-Mq-gyNTSMOw==/base.apk
08-03 21:02:43.648  1336  2352 I ActivityTaskManager: START u0 {act=android.intent.action.MAIN cat=[android.intent.category.LAUNCHER] flg=0x30000000 cmp=com.example.widget_test/.MainActivity (has extras)} from uid 2000
08-03 21:02:43.673  1336  2784 D CoreBackPreview: Window{ff58088 u0 Splash Screen com.example.widget_test}: Setting back callback OnBackInvokedCallbackInfo{mCallback=android.window.IOnBackInvokedCallback$Stub$Proxy@4ef9e46, mPriority=0}
08-03 21:02:44.680  1336  1385 E VerityUtils: Failed to measure fs-verity, errno 1: /data/app/~~ImGi8pnKInfkvTYUG7pMqg==/com.example.widget_test-n3xtLz1__s-Mq-gyNTSMOw==/base.apk
08-03 21:02:45.050  1336  1920 D CoreBackPreview: Window{bddecd1 u0 com.example.widget_test/com.example.widget_test.MainActivity}: Setting back callback OnBackInvokedCallbackInfo{mCallback=android.window.IOnBackInvokedCallback$Stub$Proxy@99f237, mPriority=0}
08-03 21:02:47.046  1336  1920 D CoreBackPreview: Window{ff58088 u0 Splash Screen com.example.widget_test EXITING}: Setting back callback null
08-03 21:02:55.429  1336  2528 I ActivityTaskManager: START u0 {act=android.intent.action.MAIN cat=[android.intent.category.LAUNCHER] flg=0x10200000 cmp=com.example.widget_test/.MainActivity bnds=[57,1414][267,1686]} from uid 10152
08-03 21:02:55.430  1336  2528 I ActivityTaskManager: Launching r: ActivityRecord{230e10b u0 com.example.widget_test/.MainActivity} from background: ActivityRecord{63ed69a u0 com.google.android.apps.nexuslauncher/.NexusLauncherActivity} t946}. New task: false
08-03 21:03:07.518  1336  2352 I ActivityTaskManager: START u0 {act=android.intent.action.MAIN cat=[android.intent.category.LAUNCHER] flg=0x10200000 cmp=com.example.widget_test/.MainActivity bnds=[57,1414][267,1686]} from uid 10152
08-03 21:03:07.519  1336  2352 I ActivityTaskManager: Launching r: ActivityRecord{3aa87f2 u0 com.example.widget_test/.MainActivity} from background: ActivityRecord{63ed69a u0 com.google.android.apps.nexuslauncher/.NexusLauncherActivity} t946}. New task: false
08-03 21:03:38.421  1336  2787 I ActivityManager: Force stopping com.example.widget_test appid=10182 user=0: from pid 21340
08-03 21:03:38.422  1336  2787 I ActivityManager: Killing 21221:com.example.widget_test/u0a182 (adj 700): stop com.example.widget_test due to from pid 21340
08-03 21:03:38.428  1336  2787 W ActivityTaskManager: Force removing ActivityRecord{7ab47a u0 com.example.widget_test/.MainActivity} t961 f}}: app died, no saved state
08-03 21:03:38.428  1336  1364 W UsageStatsService: Unexpected activity event reported! (com.example.widget_test/com.example.widget_test.MainActivity event : 23 instanceId : 146200741)
08-03 21:03:38.455  1336  1920 V ActivityManager: Got obituary of 21221:com.example.widget_test
08-03 21:03:46.022  1336  2787 I ActivityManager: Force stopping com.example.widget_test appid=10182 user=0: from pid 21354
08-03 21:03:46.427  1336  1365 I ActivityManager: Force stopping com.example.widget_test appid=10182 user=-1: installPackageLI
08-03 21:03:46.429  1336  1388 I PackageManager: Update package com.example.widget_test code path from /data/app/~~ImGi8pnKInfkvTYUG7pMqg==/com.example.widget_test-n3xtLz1__s-Mq-gyNTSMOw== to /data/app/~~hLi9k4IpNH6GXoM8LQz4hg==/com.example.widget_test-EBrVLw2P_qSoeHIzP2SK0Q==; Retain data and using new
08-03 21:03:46.429  1336  1388 I AppsFilter: interaction: PackageSetting{cf81874 com.indentix.homeworkplanner/10188} -> PackageSetting{9afc5 com.example.widget_test/10182} BLOCKED
08-03 21:03:46.430  1336  1388 I AppsFilter: interaction: PackageSetting{5bbe612 com.indentix.studentplanner/10192} -> PackageSetting{9afc5 com.example.widget_test/10182} BLOCKED
08-03 21:03:46.430  1336  1388 I AppsFilter: interaction: PackageSetting{cf81874 com.indentix.homeworkplanner/10188} -> PackageSetting{506a1e3 com.example.widget_test/10182} BLOCKED
08-03 21:03:46.430  1336  1388 I AppsFilter: interaction: PackageSetting{5bbe612 com.indentix.studentplanner/10192} -> PackageSetting{506a1e3 com.example.widget_test/10182} BLOCKED
08-03 21:03:46.457  1336  1388 I AppsFilter: interaction: PackageSetting{cf81874 com.indentix.homeworkplanner/10188} -> PackageSetting{506a1e3 com.example.widget_test/10182} BLOCKED
08-03 21:03:46.458  1336  1388 I AppsFilter: interaction: PackageSetting{5bbe612 com.indentix.studentplanner/10192} -> PackageSetting{506a1e3 com.example.widget_test/10182} BLOCKED
08-03 21:03:46.463  1336  1388 I ActivityManager: Force stopping com.example.widget_test appid=10182 user=0: pkg removed
08-03 21:03:46.506  1336  1336 I Telecom : CarModeTracker: Package com.example.widget_test is not tracked.: SSH.oR@AoU
08-03 21:03:46.590  1336  1366 I ActivityManager: Start proc 21366:com.example.widget_test/u0a182 for broadcast {com.example.widget_test/com.example.widget_test.WidgetProvider}
08-03 21:03:46.609  1336  1385 E VerityUtils: Failed to measure fs-verity, errno 1: /data/app/~~hLi9k4IpNH6GXoM8LQz4hg==/com.example.widget_test-EBrVLw2P_qSoeHIzP2SK0Q==/base.apk
08-03 21:03:46.833  1336  1689 I ActivityTaskManager: START u0 {act=android.intent.action.MAIN cat=[android.intent.category.LAUNCHER] flg=0x30000000 cmp=com.example.widget_test/.MainActivity (has extras)} from uid 2000
08-03 21:03:46.911  1336  2787 D CoreBackPreview: Window{3c4fb0a u0 Splash Screen com.example.widget_test}: Setting back callback OnBackInvokedCallbackInfo{mCallback=android.window.IOnBackInvokedCallback$Stub$Proxy@d3fbdd6, mPriority=0}
08-03 21:03:47.825  1336  1385 E VerityUtils: Failed to measure fs-verity, errno 1: /data/app/~~hLi9k4IpNH6GXoM8LQz4hg==/com.example.widget_test-EBrVLw2P_qSoeHIzP2SK0Q==/base.apk
08-03 21:03:48.238  1336  2527 D CoreBackPreview: Window{dd563c8 u0 com.example.widget_test/com.example.widget_test.MainActivity}: Setting back callback OnBackInvokedCallbackInfo{mCallback=android.window.IOnBackInvokedCallback$Stub$Proxy@2f85386, mPriority=0}
08-03 21:03:48.886  1336  2527 I AppsFilter: interaction: PackageSetting{3125e0c com.example.widget_test/10182} -> PackageSetting{269d11e com.android.chrome/10138} BLOCKED
08-03 21:03:48.886  1336  2527 I AppsFilter: interaction: PackageSetting{3125e0c com.example.widget_test/10182} -> PackageSetting{269d11e com.android.chrome/10138} BLOCKED
08-03 21:03:48.886  1336  2527 I AppsFilter: interaction: PackageSetting{3125e0c com.example.widget_test/10182} -> PackageSetting{269d11e com.android.chrome/10138} BLOCKED
08-03 21:03:48.886  1336  2527 I AppsFilter: interaction: PackageSetting{3125e0c com.example.widget_test/10182} -> PackageSetting{269d11e com.android.chrome/10138} BLOCKED
08-03 21:03:48.886  1336  2527 I AppsFilter: interaction: PackageSetting{3125e0c com.example.widget_test/10182} -> PackageSetting{b06568b com.google.android.apps.docs/10128} BLOCKED
08-03 21:03:48.886  1336  2527 I AppsFilter: interaction: PackageSetting{3125e0c com.example.widget_test/10182} -> PackageSetting{b06568b com.google.android.apps.docs/10128} BLOCKED
08-03 21:03:48.886  1336  2527 I AppsFilter: interaction: PackageSetting{3125e0c com.example.widget_test/10182} -> PackageSetting{ff95dff com.google.android.apps.youtube.music/10127} BLOCKED
08-03 21:03:48.886  1336  2527 I AppsFilter: interaction: PackageSetting{3125e0c com.example.widget_test/10182} -> PackageSetting{ff95dff com.google.android.apps.youtube.music/10127} BLOCKED
08-03 21:03:48.886  1336  2527 I AppsFilter: interaction: PackageSetting{3125e0c com.example.widget_test/10182} -> PackageSetting{ff95dff com.google.android.apps.youtube.music/10127} BLOCKED
08-03 21:03:48.886  1336  2527 I AppsFilter: interaction: PackageSetting{3125e0c com.example.widget_test/10182} -> PackageSetting{7d5ee97 com.google.android.calendar/10126} BLOCKED
08-03 21:03:48.886  1336  2527 I AppsFilter: interaction: PackageSetting{3125e0c com.example.widget_test/10182} -> PackageSetting{7d5ee97 com.google.android.calendar/10126} BLOCKED
08-03 21:03:48.886  1336  2527 I AppsFilter: interaction: PackageSetting{3125e0c com.example.widget_test/10182} -> PackageSetting{a0ae7cc com.google.android.deskclock/10133} BLOCKED
08-03 21:03:48.886  1336  2527 I AppsFilter: interaction: PackageSetting{3125e0c com.example.widget_test/10182} -> PackageSetting{a0ae7cc com.google.android.deskclock/10133} BLOCKED
08-03 21:03:48.886  1336  2527 I AppsFilter: interaction: PackageSetting{3125e0c com.example.widget_test/10182} -> PackageSetting{a0ae7cc com.google.android.deskclock/10133} BLOCKED
08-03 21:03:48.886  1336  2527 I AppsFilter: interaction: PackageSetting{3125e0c com.example.widget_test/10182} -> PackageSetting{a0ae7cc com.google.android.deskclock/10133} BLOCKED
08-03 21:03:48.886  1336  2527 I AppsFilter: interaction: PackageSetting{3125e0c com.example.widget_test/10182} -> PackageSetting{a0ae7cc com.google.android.deskclock/10133} BLOCKED
08-03 21:03:48.886  1336  2527 I AppsFilter: interaction: PackageSetting{3125e0c com.example.widget_test/10182} -> PackageSetting{d0d0a15 com.google.android.gm/10137} BLOCKED
08-03 21:03:48.886  1336  2527 I AppsFilter: interaction: PackageSetting{3125e0c com.example.widget_test/10182} -> PackageSetting{8dde12a com.google.android.googlequicksearchbox/10120} BLOCKED
08-03 21:03:48.886  1336  2527 I AppsFilter: interaction: PackageSetting{3125e0c com.example.widget_test/10182} -> PackageSetting{8dde12a com.google.android.googlequicksearchbox/10120} BLOCKED
08-03 21:03:48.886  1336  2527 I AppsFilter: interaction: PackageSetting{3125e0c com.example.widget_test/10182} -> PackageSetting{8dde12a com.google.android.googlequicksearchbox/10120} BLOCKED
08-03 21:03:48.886  1336  2527 I AppsFilter: interaction: PackageSetting{3125e0c com.example.widget_test/10182} -> PackageSetting{18fdb1b com.google.android.settings.intelligence/10108} BLOCKED
08-03 21:03:48.886  1336  2527 I AppsFilter: interaction: PackageSetting{3125e0c com.example.widget_test/10182} -> PackageSetting{e4b4b8 com.google.android.youtube/10144} BLOCKED
08-03 21:03:48.886  1336  2527 I AppsFilter: interaction: PackageSetting{3125e0c com.example.widget_test/10182} -> PackageSetting{e4b4b8 com.google.android.youtube/10144} BLOCKED
08-03 21:03:49.946  1336  2784 D CoreBackPreview: Window{3c4fb0a u0 Splash Screen com.example.widget_test EXITING}: Setting back callback null
08-03 21:03:56.372  1336  1689 I ActivityTaskManager: START u0 {act=android.intent.action.MAIN cat=[android.intent.category.LAUNCHER] flg=0x10200000 cmp=com.example.widget_test/.MainActivity bnds=[57,1414][267,1686]} from uid 10152
08-03 21:03:56.374  1336  1689 I ActivityTaskManager: Launching r: ActivityRecord{bdf70a0 u0 com.example.widget_test/.MainActivity} from background: ActivityRecord{63ed69a u0 com.google.android.apps.nexuslauncher/.NexusLauncherActivity} t946}. New task: false
08-03 21:03:56.378  1336  1689 I AppsFilter: interaction: PackageSetting{3125e0c com.example.widget_test/10182} -> PackageSetting{94d6fb com.google.android.apps.nexuslauncher/10152} BLOCKED
08-03 21:04:05.479  1336  2528 I ActivityTaskManager: START u0 {act=android.intent.action.MAIN cat=[android.intent.category.LAUNCHER] flg=0x10200000 cmp=com.example.widget_test/.MainActivity bnds=[57,1414][267,1686]} from uid 10152
08-03 21:04:05.479  1336  2528 I ActivityTaskManager: Launching r: ActivityRecord{f8b82de u0 com.example.widget_test/.MainActivity} from background: ActivityRecord{63ed69a u0 com.google.android.apps.nexuslauncher/.NexusLauncherActivity} t946}. New task: false
08-03 21:04:05.480  1336  2528 I AppsFilter: interaction: PackageSetting{3125e0c com.example.widget_test/10182} -> PackageSetting{94d6fb com.google.android.apps.nexuslauncher/10152} BLOCKED
08-03 21:04:13.194  1336  1503 I ActivityTaskManager: START u0 {act=android.intent.action.MAIN cat=[android.intent.category.LAUNCHER] flg=0x10200000 cmp=com.example.widget_test/.MainActivity bnds=[57,1414][267,1686]} from uid 10152
08-03 21:04:13.194  1336  1503 I ActivityTaskManager: Launching r: ActivityRecord{95bc095 u0 com.example.widget_test/.MainActivity} from background: ActivityRecord{63ed69a u0 com.google.android.apps.nexuslauncher/.NexusLauncherActivity} t946}. New task: false
08-03 21:04:13.195  1336  1503 I AppsFilter: interaction: PackageSetting{3125e0c com.example.widget_test/10182} -> PackageSetting{94d6fb com.google.android.apps.nexuslauncher/10152} BLOCKED
08-03 21:04:17.096  1336  2526 I ActivityTaskManager: START u0 {act=android.intent.action.MAIN cat=[android.intent.category.LAUNCHER] flg=0x10200000 cmp=com.example.widget_test/.MainActivity bnds=[57,1414][267,1686]} from uid 10152
08-03 21:04:17.098  1336  2526 I ActivityTaskManager: Launching r: ActivityRecord{794fc6a u0 com.example.widget_test/.MainActivity} from background: ActivityRecord{63ed69a u0 com.google.android.apps.nexuslauncher/.NexusLauncherActivity} t946}. New task: false
08-03 21:04:17.099  1336  2526 I AppsFilter: interaction: PackageSetting{3125e0c com.example.widget_test/10182} -> PackageSetting{94d6fb com.google.android.apps.nexuslauncher/10152} BLOCKED
08-03 21:05:31.014  1336  2787 I ActivityTaskManager: START u0 {act=android.intent.action.MAIN cat=[android.intent.category.LAUNCHER] flg=0x10200000 cmp=com.example.widget_test/.MainActivity bnds=[57,1414][267,1686]} from uid 10152
08-03 21:05:31.015  1336  2787 I ActivityTaskManager: Launching r: ActivityRecord{d325165 u0 com.example.widget_test/.MainActivity} from background: ActivityRecord{63ed69a u0 com.google.android.apps.nexuslauncher/.NexusLauncherActivity} t946}. New task: false
08-03 21:05:31.018  1336  2787 I AppsFilter: interaction: PackageSetting{3125e0c com.example.widget_test/10182} -> PackageSetting{94d6fb com.google.android.apps.nexuslauncher/10152} BLOCKED
08-03 21:05:40.461  1336  2524 I ActivityManager: Force stopping com.example.widget_test appid=10182 user=0: from pid 21518
08-03 21:05:40.463  1336  2524 I ActivityManager: Killing 21366:com.example.widget_test/u0a182 (adj 0): stop com.example.widget_test due to from pid 21518
08-03 21:05:40.467  1336  2524 W ActivityTaskManager: Force removing ActivityRecord{4241c5f u0 com.example.widget_test/.MainActivity} t962 f}}: app died, no saved state
08-03 21:05:40.506  1336  2526 V ActivityManager: Got obituary of 21366:com.example.widget_test
08-03 21:05:51.929  1336  1502 I ActivityManager: Force stopping com.example.widget_test appid=10182 user=0: from pid 21536
08-03 21:05:52.341  1336  1365 I ActivityManager: Force stopping com.example.widget_test appid=10182 user=-1: installPackageLI
08-03 21:05:52.343  1336  1388 I PackageManager: Update package com.example.widget_test code path from /data/app/~~hLi9k4IpNH6GXoM8LQz4hg==/com.example.widget_test-EBrVLw2P_qSoeHIzP2SK0Q== to /data/app/~~oQeb76IkMSeULx8NDkdAIw==/com.example.widget_test-C3zSfc-h21BXnNzqlhBs3w==; Retain data and using new
08-03 21:05:52.343  1336  1388 I AppsFilter: interaction: PackageSetting{cf81874 com.indentix.homeworkplanner/10188} -> PackageSetting{8708849 com.example.widget_test/10182} BLOCKED
08-03 21:05:52.344  1336  1388 I AppsFilter: interaction: PackageSetting{5bbe612 com.indentix.studentplanner/10192} -> PackageSetting{8708849 com.example.widget_test/10182} BLOCKED
08-03 21:05:52.344  1336  1388 I AppsFilter: interaction: PackageSetting{cf81874 com.indentix.homeworkplanner/10188} -> PackageSetting{506a1e3 com.example.widget_test/10182} BLOCKED
08-03 21:05:52.344  1336  1388 I AppsFilter: interaction: PackageSetting{5bbe612 com.indentix.studentplanner/10192} -> PackageSetting{506a1e3 com.example.widget_test/10182} BLOCKED
08-03 21:05:52.373  1336  1388 I AppsFilter: interaction: PackageSetting{cf81874 com.indentix.homeworkplanner/10188} -> PackageSetting{506a1e3 com.example.widget_test/10182} BLOCKED
08-03 21:05:52.373  1336  1388 I AppsFilter: interaction: PackageSetting{5bbe612 com.indentix.studentplanner/10192} -> PackageSetting{506a1e3 com.example.widget_test/10182} BLOCKED
08-03 21:05:52.375  1336  1388 I ActivityManager: Force stopping com.example.widget_test appid=10182 user=0: pkg removed
08-03 21:05:52.416  1336  1336 I Telecom : CarModeTracker: Package com.example.widget_test is not tracked.: SSH.oR@Aoo
08-03 21:05:52.524  1336  1385 E VerityUtils: Failed to measure fs-verity, errno 1: /data/app/~~oQeb76IkMSeULx8NDkdAIw==/com.example.widget_test-C3zSfc-h21BXnNzqlhBs3w==/base.apk
08-03 21:05:52.575  1336  1366 I ActivityManager: Start proc 21555:com.example.widget_test/u0a182 for broadcast {com.example.widget_test/com.example.widget_test.WidgetProvider}
08-03 21:05:52.667  1336  2787 I ActivityTaskManager: START u0 {act=android.intent.action.MAIN cat=[android.intent.category.LAUNCHER] flg=0x30000000 cmp=com.example.widget_test/.MainActivity (has extras)} from uid 2000
08-03 21:05:52.693  1336  1684 D CoreBackPreview: Window{4c8ce81 u0 Splash Screen com.example.widget_test}: Setting back callback OnBackInvokedCallbackInfo{mCallback=android.window.IOnBackInvokedCallback$Stub$Proxy@6146367, mPriority=0}
08-03 21:05:53.794  1336  1385 E VerityUtils: Failed to measure fs-verity, errno 1: /data/app/~~oQeb76IkMSeULx8NDkdAIw==/com.example.widget_test-C3zSfc-h21BXnNzqlhBs3w==/base.apk
08-03 21:05:54.151  1336  2784 D CoreBackPreview: Window{2d86f1c u0 com.example.widget_test/com.example.widget_test.MainActivity}: Setting back callback OnBackInvokedCallbackInfo{mCallback=android.window.IOnBackInvokedCallback$Stub$Proxy@93080fa, mPriority=0}
08-03 21:05:55.815  1336  2785 D CoreBackPreview: Window{4c8ce81 u0 Splash Screen com.example.widget_test EXITING}: Setting back callback null
08-03 21:06:29.829  1336  1493 E ClipboardService: Denying clipboard access to com.example.widget_test, application is not in focus nor is it a system service for user 0
08-03 21:06:32.443  1336  1493 I ActivityManager: Force stopping com.example.widget_test appid=10182 user=0: from pid 21654
08-03 21:06:32.444  1336  1493 I ActivityManager: Killing 21555:com.example.widget_test/u0a182 (adj 700): stop com.example.widget_test due to from pid 21654
08-03 21:06:32.447  1336  1493 W ActivityTaskManager: Force removing ActivityRecord{505b98b u0 com.example.widget_test/.MainActivity} t963 f}}: app died, no saved state
08-03 21:06:32.447  1336  1364 W UsageStatsService: Unexpected activity event reported! (com.example.widget_test/com.example.widget_test.MainActivity event : 23 instanceId : 142570330)
08-03 21:06:32.473  1336  2457 V ActivityManager: Got obituary of 21555:com.example.widget_test
08-03 21:06:42.747  1336  1493 I ActivityManager: Force stopping com.example.widget_test appid=10182 user=0: from pid 21668
08-03 21:06:43.196  1336  1365 I ActivityManager: Force stopping com.example.widget_test appid=10182 user=-1: installPackageLI
08-03 21:06:43.197  1336  1388 I PackageManager: Update package com.example.widget_test code path from /data/app/~~oQeb76IkMSeULx8NDkdAIw==/com.example.widget_test-C3zSfc-h21BXnNzqlhBs3w== to /data/app/~~dycP35XwL1KTiwPCmnglpQ==/com.example.widget_test-jLzOLJcK6Cd8gP-LIfei0g==; Retain data and using new
08-03 21:06:43.197  1336  1388 I AppsFilter: interaction: PackageSetting{cf81874 com.indentix.homeworkplanner/10188} -> PackageSetting{9dffeca com.example.widget_test/10182} BLOCKED
08-03 21:06:43.197  1336  1388 I AppsFilter: interaction: PackageSetting{5bbe612 com.indentix.studentplanner/10192} -> PackageSetting{9dffeca com.example.widget_test/10182} BLOCKED
08-03 21:06:43.198  1336  1388 I AppsFilter: interaction: PackageSetting{cf81874 com.indentix.homeworkplanner/10188} -> PackageSetting{506a1e3 com.example.widget_test/10182} BLOCKED
08-03 21:06:43.198  1336  1388 I AppsFilter: interaction: PackageSetting{5bbe612 com.indentix.studentplanner/10192} -> PackageSetting{506a1e3 com.example.widget_test/10182} BLOCKED
08-03 21:06:43.223  1336  1388 I AppsFilter: interaction: PackageSetting{cf81874 com.indentix.homeworkplanner/10188} -> PackageSetting{506a1e3 com.example.widget_test/10182} BLOCKED
08-03 21:06:43.224  1336  1388 I AppsFilter: interaction: PackageSetting{5bbe612 com.indentix.studentplanner/10192} -> PackageSetting{506a1e3 com.example.widget_test/10182} BLOCKED
08-03 21:06:43.225  1336  1388 I ActivityManager: Force stopping com.example.widget_test appid=10182 user=0: pkg removed
08-03 21:06:43.271  1336  1336 I Telecom : CarModeTracker: Package com.example.widget_test is not tracked.: SSH.oR@Ao8
08-03 21:06:43.353  1336  1366 I ActivityManager: Start proc 21679:com.example.widget_test/u0a182 for broadcast {com.example.widget_test/com.example.widget_test.WidgetProvider}
08-03 21:06:43.374  1336  1385 E VerityUtils: Failed to measure fs-verity, errno 1: /data/app/~~dycP35XwL1KTiwPCmnglpQ==/com.example.widget_test-jLzOLJcK6Cd8gP-LIfei0g==/base.apk
08-03 21:06:43.588  1336  1351 I ActivityTaskManager: START u0 {act=android.intent.action.MAIN cat=[android.intent.category.LAUNCHER] flg=0x30000000 cmp=com.example.widget_test/.MainActivity (has extras)} from uid 2000
08-03 21:06:43.688  1336  1352 D CoreBackPreview: Window{3191e31 u0 Splash Screen com.example.widget_test}: Setting back callback OnBackInvokedCallbackInfo{mCallback=android.window.IOnBackInvokedCallback$Stub$Proxy@4306c6d, mPriority=0}
08-03 21:06:44.543  1336  1385 E VerityUtils: Failed to measure fs-verity, errno 1: /data/app/~~dycP35XwL1KTiwPCmnglpQ==/com.example.widget_test-jLzOLJcK6Cd8gP-LIfei0g==/base.apk
08-03 21:06:44.961  1336  2792 D CoreBackPreview: Window{1c16c1b u0 com.example.widget_test/com.example.widget_test.MainActivity}: Setting back callback OnBackInvokedCallbackInfo{mCallback=android.window.IOnBackInvokedCallback$Stub$Proxy@64fab91, mPriority=0}
08-03 21:06:45.650  1336  2792 I AppsFilter: interaction: PackageSetting{70de2ce com.example.widget_test/10182} -> PackageSetting{269d11e com.android.chrome/10138} BLOCKED
08-03 21:06:45.650  1336  2792 I AppsFilter: interaction: PackageSetting{70de2ce com.example.widget_test/10182} -> PackageSetting{269d11e com.android.chrome/10138} BLOCKED
08-03 21:06:45.650  1336  2792 I AppsFilter: interaction: PackageSetting{70de2ce com.example.widget_test/10182} -> PackageSetting{269d11e com.android.chrome/10138} BLOCKED
08-03 21:06:45.650  1336  2792 I AppsFilter: interaction: PackageSetting{70de2ce com.example.widget_test/10182} -> PackageSetting{269d11e com.android.chrome/10138} BLOCKED
08-03 21:06:45.650  1336  2792 I AppsFilter: interaction: PackageSetting{70de2ce com.example.widget_test/10182} -> PackageSetting{b06568b com.google.android.apps.docs/10128} BLOCKED
08-03 21:06:45.650  1336  2792 I AppsFilter: interaction: PackageSetting{70de2ce com.example.widget_test/10182} -> PackageSetting{b06568b com.google.android.apps.docs/10128} BLOCKED
08-03 21:06:45.650  1336  2792 I AppsFilter: interaction: PackageSetting{70de2ce com.example.widget_test/10182} -> PackageSetting{ff95dff com.google.android.apps.youtube.music/10127} BLOCKED
08-03 21:06:45.650  1336  2792 I AppsFilter: interaction: PackageSetting{70de2ce com.example.widget_test/10182} -> PackageSetting{ff95dff com.google.android.apps.youtube.music/10127} BLOCKED
08-03 21:06:45.650  1336  2792 I AppsFilter: interaction: PackageSetting{70de2ce com.example.widget_test/10182} -> PackageSetting{ff95dff com.google.android.apps.youtube.music/10127} BLOCKED
08-03 21:06:45.650  1336  2792 I AppsFilter: interaction: PackageSetting{70de2ce com.example.widget_test/10182} -> PackageSetting{7d5ee97 com.google.android.calendar/10126} BLOCKED
08-03 21:06:45.650  1336  2792 I AppsFilter: interaction: PackageSetting{70de2ce com.example.widget_test/10182} -> PackageSetting{7d5ee97 com.google.android.calendar/10126} BLOCKED
08-03 21:06:45.650  1336  2792 I AppsFilter: interaction: PackageSetting{70de2ce com.example.widget_test/10182} -> PackageSetting{a0ae7cc com.google.android.deskclock/10133} BLOCKED
08-03 21:06:45.650  1336  2792 I AppsFilter: interaction: PackageSetting{70de2ce com.example.widget_test/10182} -> PackageSetting{a0ae7cc com.google.android.deskclock/10133} BLOCKED
08-03 21:06:45.650  1336  2792 I AppsFilter: interaction: PackageSetting{70de2ce com.example.widget_test/10182} -> PackageSetting{a0ae7cc com.google.android.deskclock/10133} BLOCKED
08-03 21:06:45.650  1336  2792 I AppsFilter: interaction: PackageSetting{70de2ce com.example.widget_test/10182} -> PackageSetting{a0ae7cc com.google.android.deskclock/10133} BLOCKED
08-03 21:06:45.650  1336  2792 I AppsFilter: interaction: PackageSetting{70de2ce com.example.widget_test/10182} -> PackageSetting{a0ae7cc com.google.android.deskclock/10133} BLOCKED
08-03 21:06:45.650  1336  2792 I AppsFilter: interaction: PackageSetting{70de2ce com.example.widget_test/10182} -> PackageSetting{d0d0a15 com.google.android.gm/10137} BLOCKED
08-03 21:06:45.650  1336  2792 I AppsFilter: interaction: PackageSetting{70de2ce com.example.widget_test/10182} -> PackageSetting{8dde12a com.google.android.googlequicksearchbox/10120} BLOCKED
08-03 21:06:45.650  1336  2792 I AppsFilter: interaction: PackageSetting{70de2ce com.example.widget_test/10182} -> PackageSetting{8dde12a com.google.android.googlequicksearchbox/10120} BLOCKED
08-03 21:06:45.650  1336  2792 I AppsFilter: interaction: PackageSetting{70de2ce com.example.widget_test/10182} -> PackageSetting{8dde12a com.google.android.googlequicksearchbox/10120} BLOCKED
08-03 21:06:45.650  1336  2792 I AppsFilter: interaction: PackageSetting{70de2ce com.example.widget_test/10182} -> PackageSetting{18fdb1b com.google.android.settings.intelligence/10108} BLOCKED
08-03 21:06:45.650  1336  2792 I AppsFilter: interaction: PackageSetting{70de2ce com.example.widget_test/10182} -> PackageSetting{e4b4b8 com.google.android.youtube/10144} BLOCKED
08-03 21:06:45.650  1336  2792 I AppsFilter: interaction: PackageSetting{70de2ce com.example.widget_test/10182} -> PackageSetting{e4b4b8 com.google.android.youtube/10144} BLOCKED
08-03 21:06:46.634  1336  2048 D CoreBackPreview: Window{3191e31 u0 Splash Screen com.example.widget_test EXITING}: Setting back callback null
08-03 21:06:50.097  1336  2792 I ActivityTaskManager: START u0 {act=android.intent.action.MAIN cat=[android.intent.category.LAUNCHER] flg=0x10200000 cmp=com.example.widget_test/.MainActivity bnds=[57,1414][267,1686]} from uid 10152
08-03 21:06:50.098  1336  2792 I ActivityTaskManager: Launching r: ActivityRecord{43f11bc u0 com.example.widget_test/.MainActivity} from background: ActivityRecord{63ed69a u0 com.google.android.apps.nexuslauncher/.NexusLauncherActivity} t946}. New task: false
08-03 21:06:56.360  1336  2791 I ActivityTaskManager: START u0 {act=android.intent.action.MAIN cat=[android.intent.category.LAUNCHER] flg=0x10200000 cmp=com.example.widget_test/.MainActivity bnds=[57,1414][267,1686]} from uid 10152
08-03 21:06:56.361  1336  2791 I ActivityTaskManager: Launching r: ActivityRecord{d664b5a u0 com.example.widget_test/.MainActivity} from background: ActivityRecord{63ed69a u0 com.google.android.apps.nexuslauncher/.NexusLauncherActivity} t946}. New task: false
08-03 21:08:07.221  1336  2524 E ClipboardService: Denying clipboard access to com.example.widget_test, application is not in focus nor is it a system service for user 0
08-03 21:08:09.372  1336  2524 E ClipboardService: Denying clipboard access to com.example.widget_test, application is not in focus nor is it a system service for user 0
08-03 21:08:12.928  1336  2524 I ActivityTaskManager: START u0 {act=android.intent.action.MAIN cat=[android.intent.category.LAUNCHER] flg=0x10200000 cmp=com.example.widget_test/.MainActivity bnds=[57,1414][267,1686]} from uid 10152
08-03 21:08:12.929  1336  2524 I ActivityTaskManager: Launching r: ActivityRecord{44c0340 u0 com.example.widget_test/.MainActivity} from background: ActivityRecord{63ed69a u0 com.google.android.apps.nexuslauncher/.NexusLauncherActivity} t946}. New task: false
08-03 21:08:22.130  1336  1493 I ActivityTaskManager: START u0 {act=android.intent.action.MAIN cat=[android.intent.category.LAUNCHER] flg=0x10200000 cmp=com.example.widget_test/.MainActivity bnds=[57,1414][267,1686]} from uid 10152
08-03 21:08:22.132  1336  1493 I ActivityTaskManager: Launching r: ActivityRecord{93bd7df u0 com.example.widget_test/.MainActivity} from background: ActivityRecord{63ed69a u0 com.google.android.apps.nexuslauncher/.NexusLauncherActivity} t946}. New task: false
08-03 21:09:20.665  1336  1502 E ClipboardService: Denying clipboard access to com.example.widget_test, application is not in focus nor is it a system service for user 0
08-03 21:09:24.866  1336  1502 I ActivityTaskManager: START u0 {act=android.intent.action.MAIN cat=[android.intent.category.LAUNCHER] flg=0x10200000 cmp=com.example.widget_test/.MainActivity bnds=[57,1414][267,1686]} from uid 10152
08-03 21:09:24.867  1336  1502 I ActivityTaskManager: Launching r: ActivityRecord{52ac584 u0 com.example.widget_test/.MainActivity} from background: ActivityRecord{63ed69a u0 com.google.android.apps.nexuslauncher/.NexusLauncherActivity} t946}. New task: false
08-03 21:09:36.985  1336  1493 I ActivityTaskManager: START u0 {act=android.intent.action.MAIN cat=[android.intent.category.LAUNCHER] flg=0x10200000 cmp=com.example.widget_test/.MainActivity bnds=[57,1414][267,1686]} from uid 10152
08-03 21:09:36.986  1336  1493 I ActivityTaskManager: Launching r: ActivityRecord{19f4ae5 u0 com.example.widget_test/.MainActivity} from background: ActivityRecord{63ed69a u0 com.google.android.apps.nexuslauncher/.NexusLauncherActivity} t946}. New task: false
08-03 21:12:19.103  1336  1502 I ActivityManager: Force stopping com.example.widget_test appid=10182 user=0: from pid 21976
08-03 21:12:19.104  1336  1502 I ActivityManager: Killing 21679:com.example.widget_test/u0a182 (adj 700): stop com.example.widget_test due to from pid 21976
08-03 21:12:19.111  1336  1502 W ActivityTaskManager: Force removing ActivityRecord{1efd654 u0 com.example.widget_test/.MainActivity} t964 f}}: app died, no saved state
08-03 21:12:19.112  1336  1364 W UsageStatsService: Unexpected activity event reported! (com.example.widget_test/com.example.widget_test.MainActivity event : 23 instanceId : 76173735)
08-03 21:12:19.139  1336  2524 V ActivityManager: Got obituary of 21679:com.example.widget_test
08-03 21:12:43.914  1336  2778 I ActivityManager: Force stopping com.example.widget_test appid=10182 user=0: from pid 22022
08-03 21:12:44.344  1336  1365 I ActivityManager: Force stopping com.example.widget_test appid=10182 user=-1: installPackageLI
08-03 21:12:44.346  1336  1388 I PackageManager: Update package com.example.widget_test code path from /data/app/~~dycP35XwL1KTiwPCmnglpQ==/com.example.widget_test-jLzOLJcK6Cd8gP-LIfei0g== to /data/app/~~3RFvcvT1GNsWi_Qm2EN5sQ==/com.example.widget_test-Rrw4WO_EYN3PDgs0ZtwMtw==; Retain data and using new
08-03 21:12:44.346  1336  1388 I AppsFilter: interaction: PackageSetting{cf81874 com.indentix.homeworkplanner/10188} -> PackageSetting{581858d com.example.widget_test/10182} BLOCKED
08-03 21:12:44.346  1336  1388 I AppsFilter: interaction: PackageSetting{5bbe612 com.indentix.studentplanner/10192} -> PackageSetting{581858d com.example.widget_test/10182} BLOCKED
08-03 21:12:44.347  1336  1388 I AppsFilter: interaction: PackageSetting{cf81874 com.indentix.homeworkplanner/10188} -> PackageSetting{506a1e3 com.example.widget_test/10182} BLOCKED
08-03 21:12:44.347  1336  1388 I AppsFilter: interaction: PackageSetting{5bbe612 com.indentix.studentplanner/10192} -> PackageSetting{506a1e3 com.example.widget_test/10182} BLOCKED
08-03 21:12:44.373  1336  1388 I AppsFilter: interaction: PackageSetting{cf81874 com.indentix.homeworkplanner/10188} -> PackageSetting{506a1e3 com.example.widget_test/10182} BLOCKED
08-03 21:12:44.373  1336  1388 I AppsFilter: interaction: PackageSetting{5bbe612 com.indentix.studentplanner/10192} -> PackageSetting{506a1e3 com.example.widget_test/10182} BLOCKED
08-03 21:12:44.375  1336  1388 I ActivityManager: Force stopping com.example.widget_test appid=10182 user=0: pkg removed
08-03 21:12:44.416  1336  1336 I Telecom : CarModeTracker: Package com.example.widget_test is not tracked.: SSH.oR@Apg
08-03 21:12:44.587  1336  1366 I ActivityManager: Start proc 22039:com.example.widget_test/u0a182 for broadcast {com.example.widget_test/com.example.widget_test.WidgetProvider}
08-03 21:12:44.643  1336  1385 E VerityUtils: Failed to measure fs-verity, errno 1: /data/app/~~3RFvcvT1GNsWi_Qm2EN5sQ==/com.example.widget_test-Rrw4WO_EYN3PDgs0ZtwMtw==/base.apk
08-03 21:12:44.768  1336  2524 I ActivityTaskManager: START u0 {act=android.intent.action.MAIN cat=[android.intent.category.LAUNCHER] flg=0x30000000 cmp=com.example.widget_test/.MainActivity (has extras)} from uid 2000
08-03 21:12:44.817  1336  1920 D CoreBackPreview: Window{8deeda4 u0 Splash Screen com.example.widget_test}: Setting back callback OnBackInvokedCallbackInfo{mCallback=android.window.IOnBackInvokedCallback$Stub$Proxy@c0836c2, mPriority=0}
08-03 21:12:45.802  1336  1385 E VerityUtils: Failed to measure fs-verity, errno 1: /data/app/~~3RFvcvT1GNsWi_Qm2EN5sQ==/com.example.widget_test-Rrw4WO_EYN3PDgs0ZtwMtw==/base.apk
08-03 21:12:46.651  1336  1400 D CoreBackPreview: Window{85d280e u0 com.example.widget_test/com.example.widget_test.MainActivity}: Setting back callback OnBackInvokedCallbackInfo{mCallback=android.window.IOnBackInvokedCallback$Stub$Proxy@105f03c, mPriority=0}
08-03 21:12:47.381  1336  1400 I AppsFilter: interaction: PackageSetting{453647d com.example.widget_test/10182} -> PackageSetting{269d11e com.android.chrome/10138} BLOCKED
08-03 21:12:47.381  1336  1400 I AppsFilter: interaction: PackageSetting{453647d com.example.widget_test/10182} -> PackageSetting{269d11e com.android.chrome/10138} BLOCKED
08-03 21:12:47.381  1336  1400 I AppsFilter: interaction: PackageSetting{453647d com.example.widget_test/10182} -> PackageSetting{269d11e com.android.chrome/10138} BLOCKED
08-03 21:12:47.381  1336  1400 I AppsFilter: interaction: PackageSetting{453647d com.example.widget_test/10182} -> PackageSetting{269d11e com.android.chrome/10138} BLOCKED
08-03 21:12:47.381  1336  1400 I AppsFilter: interaction: PackageSetting{453647d com.example.widget_test/10182} -> PackageSetting{b06568b com.google.android.apps.docs/10128} BLOCKED
